menu_tablero.c:49:6:start_menu	8	static
menu_tablero.c:55:6:check_menu	8	static
menu_tablero.c:59:6:check_pulsadores	8	static
menu_tablero.c:82:6:init_menuPrincipal	8	static
menu_tablero.c:87:6:init_llenado	8	static
menu_tablero.c:100:6:init_skimmer	8	static
menu_tablero.c:104:6:init_hidro	8	static
menu_tablero.c:108:6:init_lucesExt	8	static
menu_tablero.c:112:6:init_lucesLed	4	static
menu_tablero.c:116:6:init_config	4	static
menu_tablero.c:125:6:acc_menuPrincipal	8	static
menu_tablero.c:143:6:acc_llenado	8	static
menu_tablero.c:220:6:acc_skimmer	8	static
menu_tablero.c:328:6:acc_hidro	8	static
menu_tablero.c:351:6:acc_lucesExt	8	static
menu_tablero.c:371:6:acc_lucesLed	4	static
menu_tablero.c:375:6:acc_config	4	static
