menu_tablero.c:70:6:start_menu	8	static
menu_tablero.c:76:6:check_menu	8	static
menu_tablero.c:80:6:check_duracionPulsadores	4	static
menu_tablero.c:91:6:check_pulsadores	8	static,ignoring_inline_asm
menu_tablero.c:166:6:init_menuPrincipal	16	static
menu_tablero.c:183:6:init_setLlenado	8	static
menu_tablero.c:191:6:init_llenado	8	static
menu_tablero.c:212:6:init_skimmer	8	static
menu_tablero.c:217:6:init_hidro	8	static
menu_tablero.c:223:6:init_lucesExt	8	static
menu_tablero.c:228:6:init_lucesLed	4	static
menu_tablero.c:233:6:init_config	4	static
menu_tablero.c:242:6:acc_menuPrincipal	16	static,ignoring_inline_asm
menu_tablero.c:324:6:acc_setLlenado	8	static
menu_tablero.c:387:6:acc_llenado	8	static
menu_tablero.c:508:6:acc_skimmer	8	static
menu_tablero.c:617:6:acc_hidro	8	static
menu_tablero.c:654:6:acc_lucesExt	8	static
menu_tablero.c:676:6:acc_lucesLed	4	static
menu_tablero.c:681:6:acc_config	4	static
