ST7920_SERIAL.c:38:6:SendByteSPI	24	static
ST7920_SERIAL.c:59:6:ST7920_SendCmd	16	static
ST7920_SERIAL.c:73:6:ST7920_SendData	16	static
ST7920_SERIAL.c:85:6:ST7920_SendString	24	static
ST7920_SERIAL.c:115:6:ST7920_SetCursor	16	static
ST7920_SERIAL.c:142:6:ST7920_GraphicMode	16	static
ST7920_SERIAL.c:163:6:ST7920_DrawBitmap	24	static
ST7920_SERIAL.c:194:6:ST7920_Update	8	static
ST7920_SERIAL.c:201:6:ST7920_Clear	16	static
ST7920_SERIAL.c:234:6:ST7920_Init	8	static
ST7920_SERIAL.c:271:6:SetPixel	24	static
ST7920_SERIAL.c:295:6:DrawLine	48	static
ST7920_SERIAL.c:329:6:DrawRectangle	24	static
ST7920_SERIAL.c:363:6:DrawFilledRectangle	32	static
ST7920_SERIAL.c:398:6:DrawCircle	40	static
ST7920_SERIAL.c:437:6:DrawFilledCircle	40	static
ST7920_SERIAL.c:472:6:DrawTriangle	24	static
ST7920_SERIAL.c:483:6:DrawFilledTriangle	56	static
