23:34:31 **** Incremental Build of configuration Debug for project tableroPileta_STM32F103C8T6 ****
make -j8 all 
arm-none-eabi-gcc "../Core/Src/main.c" -mcpu=cortex-m3 -std=gnu11 -g3 -DUSE_HAL_DRIVER -DSTM32F103xB -DDEBUG -c -I../Core/Inc -I../Drivers/STM32F1xx_HAL_Driver/Inc -I../Drivers/STM32F1xx_HAL_Driver/Inc/Legacy -I../Drivers/CMSIS/Device/ST/STM32F1xx/Include -I../Drivers/CMSIS/Include -O0 -ffunction-sections -fdata-sections -Wall -fstack-usage -MMD -MP -MF"Core/Src/main.d" -MT"Core/Src/main.o" --specs=nano.specs -mfloat-abi=soft -mthumb -o "Core/Src/main.o"
arm-none-eabi-gcc -o "tableroPileta_STM32F103C8T6.elf" @"objects.list"   -mcpu=cortex-m3 -T"/home/lucho/STM32CubeIDE/domotica_STM32/tableroPileta_STM32F103C8T6/STM32F103C8TX_FLASH.ld" --specs=nosys.specs -Wl,-Map="tableroPileta_STM32F103C8T6.map" -Wl,--gc-sections -static --specs=nano.specs -mfloat-abi=soft -mthumb -Wl,--start-group -lc -lm -Wl,--end-group
Finished building target: tableroPileta_STM32F103C8T6.elf
 
arm-none-eabi-objdump -h -S  tableroPileta_STM32F103C8T6.elf  > "tableroPileta_STM32F103C8T6.list"
arm-none-eabi-objcopy  -O binary  tableroPileta_STM32F103C8T6.elf  "tableroPileta_STM32F103C8T6.bin"
arm-none-eabi-size   tableroPileta_STM32F103C8T6.elf 
   text	   data	    bss	    dec	    hex	filename
  13616	     24	   1920	  15560	   3cc8	tableroPileta_STM32F103C8T6.elf
Finished building: default.size.stdout
 
Finished building: tableroPileta_STM32F103C8T6.bin
 
Finished building: tableroPileta_STM32F103C8T6.list
 

23:34:32 Build Finished. 0 errors, 0 warnings. (took 377ms)

