Archive member included to satisfy reference by file (symbol)

/opt/st/stm32cubeide_1.4.0/plugins/com.st.stm32cube.ide.mcu.externaltools.gnu-tools-for-stm32.7-2018-q2-update.linux64_1.4.0.202007081208/tools/bin/../lib/gcc/arm-none-eabi/7.3.1/../../../../arm-none-eabi/lib/thumb/v7-m/libc_nano.a(lib_a-errno.o)
                              Core/Src/syscalls.o (__errno)
/opt/st/stm32cubeide_1.4.0/plugins/com.st.stm32cube.ide.mcu.externaltools.gnu-tools-for-stm32.7-2018-q2-update.linux64_1.4.0.202007081208/tools/bin/../lib/gcc/arm-none-eabi/7.3.1/../../../../arm-none-eabi/lib/thumb/v7-m/libc_nano.a(lib_a-exit.o)
                              /opt/st/stm32cubeide_1.4.0/plugins/com.st.stm32cube.ide.mcu.externaltools.gnu-tools-for-stm32.7-2018-q2-update.linux64_1.4.0.202007081208/tools/bin/../lib/gcc/arm-none-eabi/7.3.1/../../../../arm-none-eabi/lib/thumb/v7-m/crt0.o (exit)
/opt/st/stm32cubeide_1.4.0/plugins/com.st.stm32cube.ide.mcu.externaltools.gnu-tools-for-stm32.7-2018-q2-update.linux64_1.4.0.202007081208/tools/bin/../lib/gcc/arm-none-eabi/7.3.1/../../../../arm-none-eabi/lib/thumb/v7-m/libc_nano.a(lib_a-impure.o)
                              /opt/st/stm32cubeide_1.4.0/plugins/com.st.stm32cube.ide.mcu.externaltools.gnu-tools-for-stm32.7-2018-q2-update.linux64_1.4.0.202007081208/tools/bin/../lib/gcc/arm-none-eabi/7.3.1/../../../../arm-none-eabi/lib/thumb/v7-m/libc_nano.a(lib_a-exit.o) (_global_impure_ptr)
/opt/st/stm32cubeide_1.4.0/plugins/com.st.stm32cube.ide.mcu.externaltools.gnu-tools-for-stm32.7-2018-q2-update.linux64_1.4.0.202007081208/tools/bin/../lib/gcc/arm-none-eabi/7.3.1/../../../../arm-none-eabi/lib/thumb/v7-m/libc_nano.a(lib_a-init.o)
                              /opt/st/stm32cubeide_1.4.0/plugins/com.st.stm32cube.ide.mcu.externaltools.gnu-tools-for-stm32.7-2018-q2-update.linux64_1.4.0.202007081208/tools/bin/../lib/gcc/arm-none-eabi/7.3.1/../../../../arm-none-eabi/lib/thumb/v7-m/crt0.o (__libc_init_array)
/opt/st/stm32cubeide_1.4.0/plugins/com.st.stm32cube.ide.mcu.externaltools.gnu-tools-for-stm32.7-2018-q2-update.linux64_1.4.0.202007081208/tools/bin/../lib/gcc/arm-none-eabi/7.3.1/../../../../arm-none-eabi/lib/thumb/v7-m/libc_nano.a(lib_a-memset.o)
                              /opt/st/stm32cubeide_1.4.0/plugins/com.st.stm32cube.ide.mcu.externaltools.gnu-tools-for-stm32.7-2018-q2-update.linux64_1.4.0.202007081208/tools/bin/../lib/gcc/arm-none-eabi/7.3.1/../../../../arm-none-eabi/lib/thumb/v7-m/crt0.o (memset)
/opt/st/stm32cubeide_1.4.0/plugins/com.st.stm32cube.ide.mcu.externaltools.gnu-tools-for-stm32.7-2018-q2-update.linux64_1.4.0.202007081208/tools/bin/../lib/gcc/arm-none-eabi/7.3.1/../../../../arm-none-eabi/lib/thumb/v7-m/libc_nano.a(lib_a-sprintf.o)
                              Core/Src/funciones_tablero.o (sprintf)
/opt/st/stm32cubeide_1.4.0/plugins/com.st.stm32cube.ide.mcu.externaltools.gnu-tools-for-stm32.7-2018-q2-update.linux64_1.4.0.202007081208/tools/bin/../lib/gcc/arm-none-eabi/7.3.1/../../../../arm-none-eabi/lib/thumb/v7-m/libc_nano.a(lib_a-nano-svfprintf.o)
                              /opt/st/stm32cubeide_1.4.0/plugins/com.st.stm32cube.ide.mcu.externaltools.gnu-tools-for-stm32.7-2018-q2-update.linux64_1.4.0.202007081208/tools/bin/../lib/gcc/arm-none-eabi/7.3.1/../../../../arm-none-eabi/lib/thumb/v7-m/libc_nano.a(lib_a-sprintf.o) (_svfprintf_r)
/opt/st/stm32cubeide_1.4.0/plugins/com.st.stm32cube.ide.mcu.externaltools.gnu-tools-for-stm32.7-2018-q2-update.linux64_1.4.0.202007081208/tools/bin/../lib/gcc/arm-none-eabi/7.3.1/../../../../arm-none-eabi/lib/thumb/v7-m/libc_nano.a(lib_a-nano-vfprintf_i.o)
                              /opt/st/stm32cubeide_1.4.0/plugins/com.st.stm32cube.ide.mcu.externaltools.gnu-tools-for-stm32.7-2018-q2-update.linux64_1.4.0.202007081208/tools/bin/../lib/gcc/arm-none-eabi/7.3.1/../../../../arm-none-eabi/lib/thumb/v7-m/libc_nano.a(lib_a-nano-svfprintf.o) (_printf_i)
/opt/st/stm32cubeide_1.4.0/plugins/com.st.stm32cube.ide.mcu.externaltools.gnu-tools-for-stm32.7-2018-q2-update.linux64_1.4.0.202007081208/tools/bin/../lib/gcc/arm-none-eabi/7.3.1/../../../../arm-none-eabi/lib/thumb/v7-m/libc_nano.a(lib_a-memchr-stub.o)
                              /opt/st/stm32cubeide_1.4.0/plugins/com.st.stm32cube.ide.mcu.externaltools.gnu-tools-for-stm32.7-2018-q2-update.linux64_1.4.0.202007081208/tools/bin/../lib/gcc/arm-none-eabi/7.3.1/../../../../arm-none-eabi/lib/thumb/v7-m/libc_nano.a(lib_a-nano-svfprintf.o) (memchr)
/opt/st/stm32cubeide_1.4.0/plugins/com.st.stm32cube.ide.mcu.externaltools.gnu-tools-for-stm32.7-2018-q2-update.linux64_1.4.0.202007081208/tools/bin/../lib/gcc/arm-none-eabi/7.3.1/../../../../arm-none-eabi/lib/thumb/v7-m/libc_nano.a(lib_a-memcpy-stub.o)
                              /opt/st/stm32cubeide_1.4.0/plugins/com.st.stm32cube.ide.mcu.externaltools.gnu-tools-for-stm32.7-2018-q2-update.linux64_1.4.0.202007081208/tools/bin/../lib/gcc/arm-none-eabi/7.3.1/../../../../arm-none-eabi/lib/thumb/v7-m/libc_nano.a(lib_a-nano-svfprintf.o) (memcpy)
[...]
Memory Configuration

Name             Origin             Length             Attributes
RAM              0x0000000020000000 0x0000000000005000 xrw
FLASH            0x0000000008000000 0x0000000000010000 xr
*default*        0x0000000000000000 0xffffffffffffffff

Linker script and memory map

LOAD /opt/st/stm32cubeide_1.4.0/plugins/com.st.stm32cube.ide.mcu.externaltools.gnu-tools-for-stm32.7-2018-q2-update.linux64_1.4.0.202007081208/tools/bin/../lib/gcc/arm-none-eabi/7.3.1/thumb/v7-m/crti.o
LOAD /opt/st/stm32cubeide_1.4.0/plugins/com.st.stm32cube.ide.mcu.externaltools.gnu-tools-for-stm32.7-2018-q2-update.linux64_1.4.0.202007081208/tools/bin/../lib/gcc/arm-none-eabi/7.3.1/thumb/v7-m/crtbegin.o
LOAD /opt/st/stm32cubeide_1.4.0/plugins/com.st.stm32cube.ide.mcu.externaltools.gnu-tools-for-stm32.7-2018-q2-update.linux64_1.4.0.202007081208/tools/bin/../lib/gcc/arm-none-eabi/7.3.1/../../../../arm-none-eabi/lib/thumb/v7-m/crt0.o
LOAD Core/Src/74HC165_SPI_lfs.o
LOAD Core/Src/74_HC595_SPI_lfs.o
LOAD Core/Src/IOports_lfs.o
LOAD Core/Src/ST7920_SERIAL.o
LOAD Core/Src/adc.o
LOAD Core/Src/delay.o
LOAD Core/Src/display_tablero.o
LOAD Core/Src/funciones_tablero.o
LOAD Core/Src/gpio.o
LOAD Core/Src/hora_tablero.o
LOAD Core/Src/leds_tablero.o
LOAD Core/Src/main.o
LOAD Core/Src/menu_tablero.o
LOAD Core/Src/rtc.o
LOAD Core/Src/spi.o
LOAD Core/Src/stm32f1xx_hal_msp.o
LOAD Core/Src/stm32f1xx_it.o
LOAD Core/Src/syscalls.o
LOAD Core/Src/sysmem.o
LOAD Core/Src/system_stm32f1xx.o
LOAD Core/Src/tim.o
LOAD Core/Src/usart.o
LOAD Core/Startup/startup_stm32f103c8tx.o
LOAD Drivers/STM32F1xx_HAL_Driver/Src/stm32f1xx_hal.o
LOAD Drivers/STM32F1xx_HAL_Driver/Src/stm32f1xx_hal_adc.o
LOAD Drivers/STM32F1xx_HAL_Driver/Src/stm32f1xx_hal_adc_ex.o
LOAD Drivers/STM32F1xx_HAL_Driver/Src/stm32f1xx_hal_cortex.o
LOAD Drivers/STM32F1xx_HAL_Driver/Src/stm32f1xx_hal_dma.o
LOAD Drivers/STM32F1xx_HAL_Driver/Src/stm32f1xx_hal_exti.o
LOAD Drivers/STM32F1xx_HAL_Driver/Src/stm32f1xx_hal_flash.o
LOAD Drivers/STM32F1xx_HAL_Driver/Src/stm32f1xx_hal_flash_ex.o
LOAD Drivers/STM32F1xx_HAL_Driver/Src/stm32f1xx_hal_gpio.o
LOAD Drivers/STM32F1xx_HAL_Driver/Src/stm32f1xx_hal_gpio_ex.o
LOAD Drivers/STM32F1xx_HAL_Driver/Src/stm32f1xx_hal_pwr.o
LOAD Drivers/STM32F1xx_HAL_Driver/Src/stm32f1xx_hal_rcc.o
LOAD Drivers/STM32F1xx_HAL_Driver/Src/stm32f1xx_hal_rcc_ex.o
LOAD Drivers/STM32F1xx_HAL_Driver/Src/stm32f1xx_hal_rtc.o
LOAD Drivers/STM32F1xx_HAL_Driver/Src/stm32f1xx_hal_rtc_ex.o
LOAD Drivers/STM32F1xx_HAL_Driver/Src/stm32f1xx_hal_spi.o
LOAD Drivers/STM32F1xx_HAL_Driver/Src/stm32f1xx_hal_tim.o
LOAD Drivers/STM32F1xx_HAL_Driver/Src/stm32f1xx_hal_tim_ex.o
LOAD Drivers/STM32F1xx_HAL_Driver/Src/stm32f1xx_hal_uart.o
START GROUP
LOAD /opt/st/stm32cubeide_1.4.0/plugins/com.st.stm32cube.ide.mcu.externaltools.gnu-tools-for-stm32.7-2018-q2-update.linux64_1.4.0.202007081208/tools/bin/../lib/gcc/arm-none-eabi/7.3.1/../../../../arm-none-eabi/lib/thumb/v7-m/libc_nano.a
LOAD /opt/st/stm32cubeide_1.4.0/plugins/com.st.stm32cube.ide.mcu.externaltools.gnu-tools-for-stm32.7-2018-q2-update.linux64_1.4.0.202007081208/tools/bin/../lib/gcc/arm-none-eabi/7.3.1/../../../../arm-none-eabi/lib/thumb/v7-m/libm.a
END GROUP
START GROUP
LOAD /opt/st/stm32cubeide_1.4.0/plugins/com.st.stm32cube.ide.mcu.externaltools.gnu-tools-for-stm32.7-2018-q2-update.linux64_1.4.0.202007081208/tools/bin/../lib/gcc/arm-none-eabi/7.3.1/thumb/v7-m/libgcc.a
LOAD /opt/st/stm32cubeide_1.4.0/plugins/com.st.stm32cube.ide.mcu.externaltools.gnu-tools-for-stm32.7-2018-q2-update.linux64_1.4.0.202007081208/tools/bin/../lib/gcc/arm-none-eabi/7.3.1/../../../../arm-none-eabi/lib/thumb/v7-m/libc_nano.a
END GROUP
START GROUP
LOAD /opt/st/stm32cubeide_1.4.0/plugins/com.st.stm32cube.ide.mcu.externaltools.gnu-tools-for-stm32.7-2018-q2-update.linux64_1.4.0.202007081208/tools/bin/../lib/gcc/arm-none-eabi/7.3.1/thumb/v7-m/libgcc.a
LOAD /opt/st/stm32cubeide_1.4.0/plugins/com.st.stm32cube.ide.mcu.externaltools.gnu-tools-for-stm32.7-2018-q2-update.linux64_1.4.0.202007081208/tools/bin/../lib/gcc/arm-none-eabi/7.3.1/../../../../arm-none-eabi/lib/thumb/v7-m/libc_nano.a
LOAD /opt/st/stm32cubeide_1.4.0/plugins/com.st.stm32cube.ide.mcu.externaltools.gnu-tools-for-stm32.7-2018-q2-update.linux64_1.4.0.202007081208/tools/bin/../lib/gcc/arm-none-eabi/7.3.1/../../../../arm-none-eabi/lib/thumb/v7-m/libnosys.a
END GROUP
START GROUP
LOAD /opt/st/stm32cubeide_1.4.0/plugins/com.st.stm32cube.ide.mcu.externaltools.gnu-tools-for-stm32.7-2018-q2-update.linux64_1.4.0.202007081208/tools/bin/../lib/gcc/arm-none-eabi/7.3.1/thumb/v7-m/libgcc.a
LOAD /opt/st/stm32cubeide_1.4.0/plugins/com.st.stm32cube.ide.mcu.externaltools.gnu-tools-for-stm32.7-2018-q2-update.linux64_1.4.0.202007081208/tools/bin/../lib/gcc/arm-none-eabi/7.3.1/../../../../arm-none-eabi/lib/thumb/v7-m/libc_nano.a
LOAD /opt/st/stm32cubeide_1.4.0/plugins/com.st.stm32cube.ide.mcu.externaltools.gnu-tools-for-stm32.7-2018-q2-update.linux64_1.4.0.202007081208/tools/bin/../lib/gcc/arm-none-eabi/7.3.1/../../../../arm-none-eabi/lib/thumb/v7-m/libnosys.a
END GROUP
LOAD /opt/st/stm32cubeide_1.4.0/plugins/com.st.stm32cube.ide.mcu.externaltools.gnu-tools-for-stm32.7-2018-q2-update.linux64_1.4.0.202007081208/tools/bin/../lib/gcc/arm-none-eabi/7.3.1/thumb/v7-m/crtend.o
LOAD /opt/st/stm32cubeide_1.4.0/plugins/com.st.stm32cube.ide.mcu.externaltools.gnu-tools-for-stm32.7-2018-q2-update.linux64_1.4.0.202007081208/tools/bin/../lib/gcc/arm-none-eabi/7.3.1/thumb/v7-m/crtn.o
                0x0000000020005000                _estack = (ORIGIN (RAM) + LENGTH (RAM))
                0x0000000000000200                _Min_Heap_Size = 0x200
                0x0000000000000400                _Min_Stack_Size = 0x400

.isr_vector     0x0000000008000000      0x10c
                0x0000000008000000                . = ALIGN (0x4)
 *(.isr_vector)
 .isr_vector    0x0000000008000000      0x10c Core/Startup/startup_stm32f103c8tx.o
                0x0000000008000000                g_pfnVectors
                0x000000000800010c                . = ALIGN (0x4)

.text           0x000000000800010c     0x6414
                0x000000000800010c                . = ALIGN (0x4)
 *(.text)
 .text          0x000000000800010c       0x40 /opt/st/stm32cubeide_1.4.0/plugins/com.st.stm32cube.ide.mcu.externaltools.gnu-tools-for-stm32.7-2018-q2-update.linux64_1.4.0.202007081208/tools/bin/../lib/gcc/arm-none-eabi/7.3.1/thumb/v7-m/crtbegin.o
 *(.text*)
 .text.spi_74HC165_init
                0x000000000800014c       0x60 Core/Src/74HC165_SPI_lfs.o
                0x000000000800014c                spi_74HC165_init
 .text.spi_74HC165_receiveBotones
                0x00000000080001ac       0x78 Core/Src/74HC165_SPI_lfs.o
                0x00000000080001ac                spi_74HC165_receiveBotones
 .text.spi_74HC165_receiveTeclado
                0x0000000008000224       0x80 Core/Src/74HC165_SPI_lfs.o
                0x0000000008000224                spi_74HC165_receiveTeclado
 .text.spi_74HC595_init
                0x00000000080002a4       0x44 Core/Src/74_HC595_SPI_lfs.o
                0x00000000080002a4                spi_74HC595_init
 .text.spi_74HC595_Transmit
                0x00000000080002e8       0x50 Core/Src/74_HC595_SPI_lfs.o
                0x00000000080002e8                spi_74HC595_Transmit
 .text.turnONFila
                0x0000000008000338       0xe8 Core/Src/IOports_lfs.o
                0x0000000008000338                turnONFila
 .text.lecturaTeclas
                0x0000000008000420       0x80 Core/Src/IOports_lfs.o
                0x0000000008000420                lecturaTeclas
 .text.update_teclas
                0x00000000080004a0       0x44 Core/Src/IOports_lfs.o
                0x00000000080004a0                update_teclas
 .text.getStatBoton
                0x00000000080004e4       0x80 Core/Src/IOports_lfs.o
                0x00000000080004e4                getStatBoton
 .text.getNumber
                0x0000000008000564       0xb4 Core/Src/IOports_lfs.o
                0x0000000008000564                getNumber
 .text.setOutput
                0x0000000008000618       0x58 Core/Src/IOports_lfs.o
                0x0000000008000618                setOutput
 .text.toggleOutput
                0x0000000008000670       0x30 Core/Src/IOports_lfs.o
                0x0000000008000670                toggleOutput
 .text.update_outputs
                0x00000000080006a0       0x14 Core/Src/IOports_lfs.o
                0x00000000080006a0                update_outputs
 .text.SendByteSPI
                0x00000000080006b4       0x64 Core/Src/ST7920_SERIAL.o
                0x00000000080006b4                SendByteSPI
 .text.ST7920_SendCmd
                0x0000000008000718       0x50 Core/Src/ST7920_SERIAL.o
                0x0000000008000718                ST7920_SendCmd
 .text.ST7920_SendData
                0x0000000008000768       0x50 Core/Src/ST7920_SERIAL.o
                0x0000000008000768                ST7920_SendData
 .text.ST7920_SendString
                0x00000000080007b8       0x84 Core/Src/ST7920_SERIAL.o
                0x00000000080007b8                ST7920_SendString
 .text.ST7920_DrawBitmap
                0x000000000800083c       0xf2 Core/Src/ST7920_SERIAL.o
                0x000000000800083c                ST7920_DrawBitmap
 *fill*         0x000000000800092e        0x2 
 .text.ST7920_Update
                0x0000000008000930       0x14 Core/Src/ST7920_SERIAL.o
                0x0000000008000930                ST7920_Update
 .text.ST7920_Init
                0x0000000008000944       0x80 Core/Src/ST7920_SERIAL.o
                0x0000000008000944                ST7920_Init
 .text.MX_ADC1_Init
                0x00000000080009c4       0x7c Core/Src/adc.o
                0x00000000080009c4                MX_ADC1_Init
 .text.HAL_ADC_MspInit
                0x0000000008000a40       0x78 Core/Src/adc.o
                0x0000000008000a40                HAL_ADC_MspInit
 .text.delay_init
                0x0000000008000ab8       0x14 Core/Src/delay.o
                0x0000000008000ab8                delay_init
 .text.delay_us
                0x0000000008000acc       0x30 Core/Src/delay.o
                0x0000000008000acc                delay_us
 .text.init_pantalla
                0x0000000008000afc       0x10 Core/Src/display_tablero.o
                0x0000000008000afc                init_pantalla
 .text.set_pantalla
                0x0000000008000b0c       0x1a Core/Src/display_tablero.o
                0x0000000008000b0c                set_pantalla
 *fill*         0x0000000008000b26        0x2 
 .text.pantallaUpdate
                0x0000000008000b28       0x20 Core/Src/display_tablero.o
                0x0000000008000b28                pantallaUpdate
 .text.setProg_hidro
                0x0000000008000b48      0x218 Core/Src/funciones_tablero.o
                0x0000000008000b48                setProg_hidro
 .text.setProg_luz
                0x0000000008000d60       0x18 Core/Src/funciones_tablero.o
                0x0000000008000d60                setProg_luz
 .text.runProg_hidro
                0x0000000008000d78      0x1a8 Core/Src/funciones_tablero.o
                0x0000000008000d78                runProg_hidro
 .text.runProg_llenado
                0x0000000008000f20      0x3a4 Core/Src/funciones_tablero.o
                0x0000000008000f20                runProg_llenado
 .text.runProg_skimmer
                0x00000000080012c4       0xbc Core/Src/funciones_tablero.o
                0x00000000080012c4                runProg_skimmer
 .text.runProg_luz
                0x0000000008001380       0x18 Core/Src/funciones_tablero.o
                0x0000000008001380                runProg_luz
 .text.MX_GPIO_Init
                0x0000000008001398       0xf4 Core/Src/gpio.o
                0x0000000008001398                MX_GPIO_Init
 .text.update_horaFecha
                0x000000000800148c       0x28 Core/Src/hora_tablero.o
                0x000000000800148c                update_horaFecha
 .text.get_hora
                0x00000000080014b4       0x10 Core/Src/hora_tablero.o
                0x00000000080014b4                get_hora
 .text.get_fecha
                0x00000000080014c4        0xe Core/Src/hora_tablero.o
                0x00000000080014c4                get_fecha
 *fill*         0x00000000080014d2        0x2 
 .text.update_leds
                0x00000000080014d4       0xd8 Core/Src/leds_tablero.o
                0x00000000080014d4                update_leds
 .text.set_led  0x00000000080015ac       0x30 Core/Src/leds_tablero.o
                0x00000000080015ac                set_led
 .text.main     0x00000000080015dc      0x114 Core/Src/main.o
                0x00000000080015dc                main
 .text.SystemClock_Config
                0x00000000080016f0       0xc0 Core/Src/main.o
                0x00000000080016f0                SystemClock_Config
 .text.HAL_TIM_PeriodElapsedCallback
                0x00000000080017b0       0x28 Core/Src/main.o
                0x00000000080017b0                HAL_TIM_PeriodElapsedCallback
 .text.HAL_RTC_AlarmAEventCallback
                0x00000000080017d8       0x14 Core/Src/main.o
                0x00000000080017d8                HAL_RTC_AlarmAEventCallback
 .text.Error_Handler
                0x00000000080017ec        0xc Core/Src/main.o
                0x00000000080017ec                Error_Handler
 .text.start_menu
                0x00000000080017f8       0x20 Core/Src/menu_tablero.o
                0x00000000080017f8                start_menu
 .text.check_menu
                0x0000000008001818       0x14 Core/Src/menu_tablero.o
                0x0000000008001818                check_menu
 .text.check_pulsadores
                0x000000000800182c      0x13c Core/Src/menu_tablero.o
                0x000000000800182c                check_pulsadores
 .text.init_menuPrincipal
                0x0000000008001968       0x14 Core/Src/menu_tablero.o
                0x0000000008001968                init_menuPrincipal
 .text.init_llenado
                0x000000000800197c       0x34 Core/Src/menu_tablero.o
                0x000000000800197c                init_llenado
 .text.init_skimmer
                0x00000000080019b0       0x14 Core/Src/menu_tablero.o
                0x00000000080019b0                init_skimmer
 .text.init_hidro
                0x00000000080019c4       0x14 Core/Src/menu_tablero.o
                0x00000000080019c4                init_hidro
 .text.init_lucesExt
                0x00000000080019d8       0x14 Core/Src/menu_tablero.o
                0x00000000080019d8                init_lucesExt
 .text.init_lucesLed
                0x00000000080019ec        0xc Core/Src/menu_tablero.o
                0x00000000080019ec                init_lucesLed
 .text.init_config
                0x00000000080019f8        0xc Core/Src/menu_tablero.o
                0x00000000080019f8                init_config
 .text.acc_menuPrincipal
                0x0000000008001a04       0x60 Core/Src/menu_tablero.o
                0x0000000008001a04                acc_menuPrincipal
 .text.acc_llenado
                0x0000000008001a64      0x158 Core/Src/menu_tablero.o
                0x0000000008001a64                acc_llenado
 .text.acc_skimmer
                0x0000000008001bbc      0x1d8 Core/Src/menu_tablero.o
                0x0000000008001bbc                acc_skimmer
 .text.acc_hidro
                0x0000000008001d94       0x94 Core/Src/menu_tablero.o
                0x0000000008001d94                acc_hidro
 .text.acc_lucesExt
                0x0000000008001e28       0x5c Core/Src/menu_tablero.o
                0x0000000008001e28                acc_lucesExt
 .text.acc_lucesLed
                0x0000000008001e84        0xc Core/Src/menu_tablero.o
                0x0000000008001e84                acc_lucesLed
 .text.acc_config
                0x0000000008001e90        0xc Core/Src/menu_tablero.o
                0x0000000008001e90                acc_config
 .text.MX_RTC_Init
                0x0000000008001e9c       0xc8 Core/Src/rtc.o
                0x0000000008001e9c                MX_RTC_Init
 .text.HAL_RTC_MspInit
                0x0000000008001f64       0x68 Core/Src/rtc.o
                0x0000000008001f64                HAL_RTC_MspInit
 .text.MX_SPI2_Init
                0x0000000008001fcc       0x6c Core/Src/spi.o
                0x0000000008001fcc                MX_SPI2_Init
 .text.HAL_SPI_MspInit
                0x0000000008002038       0x98 Core/Src/spi.o
                0x0000000008002038                HAL_SPI_MspInit
 .text.HAL_MspInit
                0x00000000080020d0       0x64 Core/Src/stm32f1xx_hal_msp.o
                0x00000000080020d0                HAL_MspInit
 .text.NMI_Handler
                0x0000000008002134        0xc Core/Src/stm32f1xx_it.o
                0x0000000008002134                NMI_Handler
 .text.HardFault_Handler
                0x0000000008002140        0x6 Core/Src/stm32f1xx_it.o
                0x0000000008002140                HardFault_Handler
 .text.MemManage_Handler
                0x0000000008002146        0x6 Core/Src/stm32f1xx_it.o
                0x0000000008002146                MemManage_Handler
 .text.BusFault_Handler
                0x000000000800214c        0x6 Core/Src/stm32f1xx_it.o
                0x000000000800214c                BusFault_Handler
 .text.UsageFault_Handler
                0x0000000008002152        0x6 Core/Src/stm32f1xx_it.o
                0x0000000008002152                UsageFault_Handler
 .text.SVC_Handler
                0x0000000008002158        0xc Core/Src/stm32f1xx_it.o
                0x0000000008002158                SVC_Handler
 .text.DebugMon_Handler
                0x0000000008002164        0xc Core/Src/stm32f1xx_it.o
                0x0000000008002164                DebugMon_Handler
 .text.PendSV_Handler
                0x0000000008002170        0xc Core/Src/stm32f1xx_it.o
                0x0000000008002170                PendSV_Handler
 .text.SysTick_Handler
                0x000000000800217c        0xc Core/Src/stm32f1xx_it.o
                0x000000000800217c                SysTick_Handler
 .text.RTC_IRQHandler
                0x0000000008002188       0x14 Core/Src/stm32f1xx_it.o
                0x0000000008002188                RTC_IRQHandler
 .text.TIM2_IRQHandler
                0x000000000800219c       0x14 Core/Src/stm32f1xx_it.o
                0x000000000800219c                TIM2_IRQHandler
 .text.RTC_Alarm_IRQHandler
                0x00000000080021b0       0x14 Core/Src/stm32f1xx_it.o
                0x00000000080021b0                RTC_Alarm_IRQHandler
 .text._sbrk    0x00000000080021c4       0x6c Core/Src/sysmem.o
                0x00000000080021c4                _sbrk
 .text.SystemInit
                0x0000000008002230       0x68 Core/Src/system_stm32f1xx.o
                0x0000000008002230                SystemInit
 .text.MX_TIM2_Init
                0x0000000008002298       0x98 Core/Src/tim.o
                0x0000000008002298                MX_TIM2_Init
 .text.MX_TIM3_Init
                0x0000000008002330       0x9c Core/Src/tim.o
                0x0000000008002330                MX_TIM3_Init
 .text.HAL_TIM_Base_MspInit
                0x00000000080023cc       0x70 Core/Src/tim.o
                0x00000000080023cc                HAL_TIM_Base_MspInit
 .text.MX_USART1_UART_Init
                0x000000000800243c       0x54 Core/Src/usart.o
                0x000000000800243c                MX_USART1_UART_Init
 .text.HAL_UART_MspInit
                0x0000000008002490       0xb4 Core/Src/usart.o
                0x0000000008002490                HAL_UART_MspInit
 .text.Reset_Handler
                0x0000000008002544       0x48 Core/Startup/startup_stm32f103c8tx.o
                0x0000000008002544                Reset_Handler
 .text.Default_Handler
                0x000000000800258c        0x2 Core/Startup/startup_stm32f103c8tx.o
                0x000000000800258c                EXTI2_IRQHandler
                0x000000000800258c                TIM1_CC_IRQHandler
                0x000000000800258c                PVD_IRQHandler
                0x000000000800258c                EXTI3_IRQHandler
                0x000000000800258c                EXTI0_IRQHandler
                0x000000000800258c                I2C2_EV_IRQHandler
                0x000000000800258c                ADC1_2_IRQHandler
                0x000000000800258c                SPI1_IRQHandler
                0x000000000800258c                TAMPER_IRQHandler
                0x000000000800258c                DMA1_Channel4_IRQHandler
                0x000000000800258c                USART3_IRQHandler
                0x000000000800258c                DMA1_Channel7_IRQHandler
                0x000000000800258c                CAN1_RX1_IRQHandler
                0x000000000800258c                TIM4_IRQHandler
                0x000000000800258c                I2C1_EV_IRQHandler
                0x000000000800258c                DMA1_Channel6_IRQHandler
                0x000000000800258c                TIM3_IRQHandler
                0x000000000800258c                RCC_IRQHandler
                0x000000000800258c                TIM1_TRG_COM_IRQHandler
                0x000000000800258c                DMA1_Channel1_IRQHandler
                0x000000000800258c                Default_Handler
                0x000000000800258c                EXTI15_10_IRQHandler
                0x000000000800258c                EXTI9_5_IRQHandler
                0x000000000800258c                SPI2_IRQHandler
                0x000000000800258c                DMA1_Channel5_IRQHandler
                0x000000000800258c                EXTI4_IRQHandler
                0x000000000800258c                USB_LP_CAN1_RX0_IRQHandler
                0x000000000800258c                USB_HP_CAN1_TX_IRQHandler
                0x000000000800258c                DMA1_Channel3_IRQHandler
                0x000000000800258c                TIM1_UP_IRQHandler
                0x000000000800258c                WWDG_IRQHandler
                0x000000000800258c                TIM1_BRK_IRQHandler
                0x000000000800258c                EXTI1_IRQHandler
                0x000000000800258c                USART2_IRQHandler
                0x000000000800258c                I2C2_ER_IRQHandler
                0x000000000800258c                DMA1_Channel2_IRQHandler
                0x000000000800258c                CAN1_SCE_IRQHandler
                0x000000000800258c                FLASH_IRQHandler
                0x000000000800258c                USART1_IRQHandler
                0x000000000800258c                I2C1_ER_IRQHandler
                0x000000000800258c                USBWakeUp_IRQHandler
 *fill*         0x000000000800258e        0x2 
 .text.HAL_Init
                0x0000000008002590       0x2c Drivers/STM32F1xx_HAL_Driver/Src/stm32f1xx_hal.o
                0x0000000008002590                HAL_Init
 .text.HAL_InitTick
                0x00000000080025bc       0x60 Drivers/STM32F1xx_HAL_Driver/Src/stm32f1xx_hal.o
                0x00000000080025bc                HAL_InitTick
 .text.HAL_IncTick
                0x000000000800261c       0x24 Drivers/STM32F1xx_HAL_Driver/Src/stm32f1xx_hal.o
                0x000000000800261c                HAL_IncTick
 .text.HAL_GetTick
                0x0000000008002640       0x14 Drivers/STM32F1xx_HAL_Driver/Src/stm32f1xx_hal.o
                0x0000000008002640                HAL_GetTick
 .text.HAL_Delay
                0x0000000008002654       0x44 Drivers/STM32F1xx_HAL_Driver/Src/stm32f1xx_hal.o
                0x0000000008002654                HAL_Delay
 .text.HAL_ADC_Init
                0x0000000008002698      0x1b0 Drivers/STM32F1xx_HAL_Driver/Src/stm32f1xx_hal_adc.o
                0x0000000008002698                HAL_ADC_Init
 .text.HAL_ADC_ConfigChannel
                0x0000000008002848      0x1f0 Drivers/STM32F1xx_HAL_Driver/Src/stm32f1xx_hal_adc.o
                0x0000000008002848                HAL_ADC_ConfigChannel
 .text.ADC_ConversionStop_Disable
                0x0000000008002a38       0x74 Drivers/STM32F1xx_HAL_Driver/Src/stm32f1xx_hal_adc.o
                0x0000000008002a38                ADC_ConversionStop_Disable
 .text.__NVIC_SetPriorityGrouping
                0x0000000008002aac       0x48 Drivers/STM32F1xx_HAL_Driver/Src/stm32f1xx_hal_cortex.o
 .text.__NVIC_GetPriorityGrouping
                0x0000000008002af4       0x1c Drivers/STM32F1xx_HAL_Driver/Src/stm32f1xx_hal_cortex.o
 .text.__NVIC_EnableIRQ
                0x0000000008002b10       0x38 Drivers/STM32F1xx_HAL_Driver/Src/stm32f1xx_hal_cortex.o
 .text.__NVIC_SetPriority
                0x0000000008002b48       0x54 Drivers/STM32F1xx_HAL_Driver/Src/stm32f1xx_hal_cortex.o
 .text.NVIC_EncodePriority
                0x0000000008002b9c       0x64 Drivers/STM32F1xx_HAL_Driver/Src/stm32f1xx_hal_cortex.o
 .text.SysTick_Config
                0x0000000008002c00       0x44 Drivers/STM32F1xx_HAL_Driver/Src/stm32f1xx_hal_cortex.o
 .text.HAL_NVIC_SetPriorityGrouping
                0x0000000008002c44       0x16 Drivers/STM32F1xx_HAL_Driver/Src/stm32f1xx_hal_cortex.o
                0x0000000008002c44                HAL_NVIC_SetPriorityGrouping
 .text.HAL_NVIC_SetPriority
                0x0000000008002c5a       0x38 Drivers/STM32F1xx_HAL_Driver/Src/stm32f1xx_hal_cortex.o
                0x0000000008002c5a                HAL_NVIC_SetPriority
 .text.HAL_NVIC_EnableIRQ
                0x0000000008002c92       0x1c Drivers/STM32F1xx_HAL_Driver/Src/stm32f1xx_hal_cortex.o
                0x0000000008002c92                HAL_NVIC_EnableIRQ
 .text.HAL_SYSTICK_Config
                0x0000000008002cae       0x18 Drivers/STM32F1xx_HAL_Driver/Src/stm32f1xx_hal_cortex.o
                0x0000000008002cae                HAL_SYSTICK_Config
 *fill*         0x0000000008002cc6        0x2 
 .text.HAL_GPIO_Init
                0x0000000008002cc8      0x2b4 Drivers/STM32F1xx_HAL_Driver/Src/stm32f1xx_hal_gpio.o
                0x0000000008002cc8                HAL_GPIO_Init
 .text.HAL_GPIO_ReadPin
                0x0000000008002f7c       0x2e Drivers/STM32F1xx_HAL_Driver/Src/stm32f1xx_hal_gpio.o
                0x0000000008002f7c                HAL_GPIO_ReadPin
 .text.HAL_GPIO_WritePin
                0x0000000008002faa       0x30 Drivers/STM32F1xx_HAL_Driver/Src/stm32f1xx_hal_gpio.o
                0x0000000008002faa                HAL_GPIO_WritePin
 *fill*         0x0000000008002fda        0x2 
 .text.HAL_PWR_EnableBkUpAccess
                0x0000000008002fdc       0x18 Drivers/STM32F1xx_HAL_Driver/Src/stm32f1xx_hal_pwr.o
                0x0000000008002fdc                HAL_PWR_EnableBkUpAccess
 .text.HAL_RCC_OscConfig
                0x0000000008002ff4      0x500 Drivers/STM32F1xx_HAL_Driver/Src/stm32f1xx_hal_rcc.o
                0x0000000008002ff4                HAL_RCC_OscConfig
 .text.HAL_RCC_ClockConfig
                0x00000000080034f4      0x1d4 Drivers/STM32F1xx_HAL_Driver/Src/stm32f1xx_hal_rcc.o
                0x00000000080034f4                HAL_RCC_ClockConfig
 .text.HAL_RCC_GetSysClockFreq
                0x00000000080036c8       0xc4 Drivers/STM32F1xx_HAL_Driver/Src/stm32f1xx_hal_rcc.o
                0x00000000080036c8                HAL_RCC_GetSysClockFreq
 .text.HAL_RCC_GetHCLKFreq
                0x000000000800378c       0x14 Drivers/STM32F1xx_HAL_Driver/Src/stm32f1xx_hal_rcc.o
                0x000000000800378c                HAL_RCC_GetHCLKFreq
 .text.HAL_RCC_GetPCLK1Freq
                0x00000000080037a0       0x28 Drivers/STM32F1xx_HAL_Driver/Src/stm32f1xx_hal_rcc.o
                0x00000000080037a0                HAL_RCC_GetPCLK1Freq
 .text.HAL_RCC_GetPCLK2Freq
                0x00000000080037c8       0x28 Drivers/STM32F1xx_HAL_Driver/Src/stm32f1xx_hal_rcc.o
                0x00000000080037c8                HAL_RCC_GetPCLK2Freq
 .text.RCC_Delay
                0x00000000080037f0       0x3c Drivers/STM32F1xx_HAL_Driver/Src/stm32f1xx_hal_rcc.o
 .text.HAL_RCCEx_PeriphCLKConfig
                0x000000000800382c      0x16c Drivers/STM32F1xx_HAL_Driver/Src/stm32f1xx_hal_rcc_ex.o
                0x000000000800382c                HAL_RCCEx_PeriphCLKConfig
 .text.HAL_RCCEx_GetPeriphCLKFreq
                0x0000000008003998      0x178 Drivers/STM32F1xx_HAL_Driver/Src/stm32f1xx_hal_rcc_ex.o
                0x0000000008003998                HAL_RCCEx_GetPeriphCLKFreq
 .text.HAL_RTC_Init
                0x0000000008003b10      0x12c Drivers/STM32F1xx_HAL_Driver/Src/stm32f1xx_hal_rtc.o
                0x0000000008003b10                HAL_RTC_Init
 .text.HAL_RTC_SetTime
                0x0000000008003c3c      0x12e Drivers/STM32F1xx_HAL_Driver/Src/stm32f1xx_hal_rtc.o
                0x0000000008003c3c                HAL_RTC_SetTime
 *fill*         0x0000000008003d6a        0x2 
 .text.HAL_RTC_GetTime
                0x0000000008003d6c      0x1b0 Drivers/STM32F1xx_HAL_Driver/Src/stm32f1xx_hal_rtc.o
                0x0000000008003d6c                HAL_RTC_GetTime
 .text.HAL_RTC_SetDate
                0x0000000008003f1c      0x16c Drivers/STM32F1xx_HAL_Driver/Src/stm32f1xx_hal_rtc.o
                0x0000000008003f1c                HAL_RTC_SetDate
 .text.HAL_RTC_GetDate
                0x0000000008004088       0xa8 Drivers/STM32F1xx_HAL_Driver/Src/stm32f1xx_hal_rtc.o
                0x0000000008004088                HAL_RTC_GetDate
 .text.HAL_RTC_SetAlarm_IT
                0x0000000008004130      0x168 Drivers/STM32F1xx_HAL_Driver/Src/stm32f1xx_hal_rtc.o
                0x0000000008004130                HAL_RTC_SetAlarm_IT
 .text.HAL_RTC_AlarmIRQHandler
                0x0000000008004298       0x50 Drivers/STM32F1xx_HAL_Driver/Src/stm32f1xx_hal_rtc.o
                0x0000000008004298                HAL_RTC_AlarmIRQHandler
 .text.HAL_RTC_WaitForSynchro
                0x00000000080042e8       0x5a Drivers/STM32F1xx_HAL_Driver/Src/stm32f1xx_hal_rtc.o
                0x00000000080042e8                HAL_RTC_WaitForSynchro
 .text.RTC_ReadTimeCounter
                0x0000000008004342       0x60 Drivers/STM32F1xx_HAL_Driver/Src/stm32f1xx_hal_rtc.o
 .text.RTC_WriteTimeCounter
                0x00000000080043a2       0x4e Drivers/STM32F1xx_HAL_Driver/Src/stm32f1xx_hal_rtc.o
 .text.RTC_ReadAlarmCounter
                0x00000000080043f0       0x32 Drivers/STM32F1xx_HAL_Driver/Src/stm32f1xx_hal_rtc.o
 .text.RTC_WriteAlarmCounter
                0x0000000008004422       0x4e Drivers/STM32F1xx_HAL_Driver/Src/stm32f1xx_hal_rtc.o
 .text.RTC_EnterInitMode
                0x0000000008004470       0x50 Drivers/STM32F1xx_HAL_Driver/Src/stm32f1xx_hal_rtc.o
 .text.RTC_ExitInitMode
                0x00000000080044c0       0x50 Drivers/STM32F1xx_HAL_Driver/Src/stm32f1xx_hal_rtc.o
 .text.RTC_ByteToBcd2
                0x0000000008004510       0x3a Drivers/STM32F1xx_HAL_Driver/Src/stm32f1xx_hal_rtc.o
 .text.RTC_Bcd2ToByte
                0x000000000800454a       0x3a Drivers/STM32F1xx_HAL_Driver/Src/stm32f1xx_hal_rtc.o
 .text.RTC_DateUpdate
                0x0000000008004584      0x152 Drivers/STM32F1xx_HAL_Driver/Src/stm32f1xx_hal_rtc.o
 *fill*         0x00000000080046d6        0x2 
 .text.RTC_IsLeapYear
                0x00000000080046d8       0x64 Drivers/STM32F1xx_HAL_Driver/Src/stm32f1xx_hal_rtc.o
 .text.RTC_WeekDayNum
                0x000000000800473c       0xf0 Drivers/STM32F1xx_HAL_Driver/Src/stm32f1xx_hal_rtc.o
 .text.HAL_RTCEx_RTCIRQHandler
                0x000000000800482c       0x68 Drivers/STM32F1xx_HAL_Driver/Src/stm32f1xx_hal_rtc_ex.o
                0x000000000800482c                HAL_RTCEx_RTCIRQHandler
 .text.HAL_RTCEx_RTCEventCallback
                0x0000000008004894       0x12 Drivers/STM32F1xx_HAL_Driver/Src/stm32f1xx_hal_rtc_ex.o
                0x0000000008004894                HAL_RTCEx_RTCEventCallback
 .text.HAL_RTCEx_RTCEventErrorCallback
                0x00000000080048a6       0x12 Drivers/STM32F1xx_HAL_Driver/Src/stm32f1xx_hal_rtc_ex.o
                0x00000000080048a6                HAL_RTCEx_RTCEventErrorCallback
 .text.HAL_SPI_Init
                0x00000000080048b8       0xc2 Drivers/STM32F1xx_HAL_Driver/Src/stm32f1xx_hal_spi.o
                0x00000000080048b8                HAL_SPI_Init
 .text.HAL_SPI_Transmit
                0x000000000800497a      0x268 Drivers/STM32F1xx_HAL_Driver/Src/stm32f1xx_hal_spi.o
                0x000000000800497a                HAL_SPI_Transmit
 .text.HAL_SPI_Receive
                0x0000000008004be2      0x212 Drivers/STM32F1xx_HAL_Driver/Src/stm32f1xx_hal_spi.o
                0x0000000008004be2                HAL_SPI_Receive
 .text.HAL_SPI_TransmitReceive
                0x0000000008004df4      0x344 Drivers/STM32F1xx_HAL_Driver/Src/stm32f1xx_hal_spi.o
                0x0000000008004df4                HAL_SPI_TransmitReceive
 .text.SPI_WaitFlagStateUntilTimeout
                0x0000000008005138       0xd4 Drivers/STM32F1xx_HAL_Driver/Src/stm32f1xx_hal_spi.o
 .text.SPI_EndRxTransaction
                0x000000000800520c       0xa4 Drivers/STM32F1xx_HAL_Driver/Src/stm32f1xx_hal_spi.o
 .text.SPI_EndRxTxTransaction
                0x00000000080052b0       0x3c Drivers/STM32F1xx_HAL_Driver/Src/stm32f1xx_hal_spi.o
 .text.HAL_TIM_Base_Init
                0x00000000080052ec       0x56 Drivers/STM32F1xx_HAL_Driver/Src/stm32f1xx_hal_tim.o
                0x00000000080052ec                HAL_TIM_Base_Init
 .text.HAL_TIM_Base_Start
                0x0000000008005342       0x46 Drivers/STM32F1xx_HAL_Driver/Src/stm32f1xx_hal_tim.o
                0x0000000008005342                HAL_TIM_Base_Start
 .text.HAL_TIM_Base_Start_IT
                0x0000000008005388       0x46 Drivers/STM32F1xx_HAL_Driver/Src/stm32f1xx_hal_tim.o
                0x0000000008005388                HAL_TIM_Base_Start_IT
 .text.HAL_TIM_IRQHandler
                0x00000000080053ce      0x210 Drivers/STM32F1xx_HAL_Driver/Src/stm32f1xx_hal_tim.o
                0x00000000080053ce                HAL_TIM_IRQHandler
 .text.HAL_TIM_ConfigClockSource
                0x00000000080055de      0x16e Drivers/STM32F1xx_HAL_Driver/Src/stm32f1xx_hal_tim.o
                0x00000000080055de                HAL_TIM_ConfigClockSource
 .text.HAL_TIM_OC_DelayElapsedCallback
                0x000000000800574c       0x12 Drivers/STM32F1xx_HAL_Driver/Src/stm32f1xx_hal_tim.o
                0x000000000800574c                HAL_TIM_OC_DelayElapsedCallback
 .text.HAL_TIM_IC_CaptureCallback
                0x000000000800575e       0x12 Drivers/STM32F1xx_HAL_Driver/Src/stm32f1xx_hal_tim.o
                0x000000000800575e                HAL_TIM_IC_CaptureCallback
 .text.HAL_TIM_PWM_PulseFinishedCallback
                0x0000000008005770       0x12 Drivers/STM32F1xx_HAL_Driver/Src/stm32f1xx_hal_tim.o
                0x0000000008005770                HAL_TIM_PWM_PulseFinishedCallback
 .text.HAL_TIM_TriggerCallback
                0x0000000008005782       0x12 Drivers/STM32F1xx_HAL_Driver/Src/stm32f1xx_hal_tim.o
                0x0000000008005782                HAL_TIM_TriggerCallback
 .text.TIM_Base_SetConfig
                0x0000000008005794       0xc4 Drivers/STM32F1xx_HAL_Driver/Src/stm32f1xx_hal_tim.o
                0x0000000008005794                TIM_Base_SetConfig
 .text.TIM_TI1_ConfigInputStage
                0x0000000008005858       0x5c Drivers/STM32F1xx_HAL_Driver/Src/stm32f1xx_hal_tim.o
 .text.TIM_TI2_ConfigInputStage
                0x00000000080058b4       0x5e Drivers/STM32F1xx_HAL_Driver/Src/stm32f1xx_hal_tim.o
 .text.TIM_ITRx_SetConfig
                0x0000000008005912       0x34 Drivers/STM32F1xx_HAL_Driver/Src/stm32f1xx_hal_tim.o
 .text.TIM_ETR_SetConfig
                0x0000000008005946       0x3e Drivers/STM32F1xx_HAL_Driver/Src/stm32f1xx_hal_tim.o
                0x0000000008005946                TIM_ETR_SetConfig
 .text.HAL_TIMEx_MasterConfigSynchronization
                0x0000000008005984       0x88 Drivers/STM32F1xx_HAL_Driver/Src/stm32f1xx_hal_tim_ex.o
                0x0000000008005984                HAL_TIMEx_MasterConfigSynchronization
 .text.HAL_TIMEx_CommutCallback
                0x0000000008005a0c       0x12 Drivers/STM32F1xx_HAL_Driver/Src/stm32f1xx_hal_tim_ex.o
                0x0000000008005a0c                HAL_TIMEx_CommutCallback
 .text.HAL_TIMEx_BreakCallback
                0x0000000008005a1e       0x12 Drivers/STM32F1xx_HAL_Driver/Src/stm32f1xx_hal_tim_ex.o
                0x0000000008005a1e                HAL_TIMEx_BreakCallback
 .text.HAL_UART_Init
                0x0000000008005a30       0x9a Drivers/STM32F1xx_HAL_Driver/Src/stm32f1xx_hal_uart.o
                0x0000000008005a30                HAL_UART_Init
 *fill*         0x0000000008005aca        0x2 
 .text.UART_SetConfig
                0x0000000008005acc      0x1b4 Drivers/STM32F1xx_HAL_Driver/Src/stm32f1xx_hal_uart.o
 .text.__errno  0x0000000008005c80        0xc /opt/st/stm32cubeide_1.4.0/plugins/com.st.stm32cube.ide.mcu.externaltools.gnu-tools-for-stm32.7-2018-q2-update.linux64_1.4.0.202007081208/tools/bin/../lib/gcc/arm-none-eabi/7.3.1/../../../../arm-none-eabi/lib/thumb/v7-m/libc_nano.a(lib_a-errno.o)
                0x0000000008005c80                __errno
 .text.__libc_init_array
                0x0000000008005c8c       0x48 /opt/st/stm32cubeide_1.4.0/plugins/com.st.stm32cube.ide.mcu.externaltools.gnu-tools-for-stm32.7-2018-q2-update.linux64_1.4.0.202007081208/tools/bin/../lib/gcc/arm-none-eabi/7.3.1/../../../../arm-none-eabi/lib/thumb/v7-m/libc_nano.a(lib_a-init.o)
                0x0000000008005c8c                __libc_init_array
 .text.memset   0x0000000008005cd4       0x10 /opt/st/stm32cubeide_1.4.0/plugins/com.st.stm32cube.ide.mcu.externaltools.gnu-tools-for-stm32.7-2018-q2-update.linux64_1.4.0.202007081208/tools/bin/../lib/gcc/arm-none-eabi/7.3.1/../../../../arm-none-eabi/lib/thumb/v7-m/libc_nano.a(lib_a-memset.o)
                0x0000000008005cd4                memset
 .text.sprintf  0x0000000008005ce4       0x40 /opt/st/stm32cubeide_1.4.0/plugins/com.st.stm32cube.ide.mcu.externaltools.gnu-tools-for-stm32.7-2018-q2-update.linux64_1.4.0.202007081208/tools/bin/../lib/gcc/arm-none-eabi/7.3.1/../../../../arm-none-eabi/lib/thumb/v7-m/libc_nano.a(lib_a-sprintf.o)
                0x0000000008005ce4                sprintf
                0x0000000008005ce4                siprintf
 .text.__ssputs_r
                0x0000000008005d24       0xb4 /opt/st/stm32cubeide_1.4.0/plugins/com.st.stm32cube.ide.mcu.externaltools.gnu-tools-for-stm32.7-2018-q2-update.linux64_1.4.0.202007081208/tools/bin/../lib/gcc/arm-none-eabi/7.3.1/../../../../arm-none-eabi/lib/thumb/v7-m/libc_nano.a(lib_a-nano-svfprintf.o)
                0x0000000008005d24                __ssputs_r
 .text._svfprintf_r
                0x0000000008005dd8      0x1f0 /opt/st/stm32cubeide_1.4.0/plugins/com.st.stm32cube.ide.mcu.externaltools.gnu-tools-for-stm32.7-2018-q2-update.linux64_1.4.0.202007081208/tools/bin/../lib/gcc/arm-none-eabi/7.3.1/../../../../arm-none-eabi/lib/thumb/v7-m/libc_nano.a(lib_a-nano-svfprintf.o)
                0x0000000008005dd8                _svfprintf_r
                0x0000000008005dd8                _svfiprintf_r
 .text._printf_common
                0x0000000008005fc8       0xec /opt/st/stm32cubeide_1.4.0/plugins/com.st.stm32cube.ide.mcu.externaltools.gnu-tools-for-stm32.7-2018-q2-update.linux64_1.4.0.202007081208/tools/bin/../lib/gcc/arm-none-eabi/7.3.1/../../../../arm-none-eabi/lib/thumb/v7-m/libc_nano.a(lib_a-nano-vfprintf_i.o)
                0x0000000008005fc8                _printf_common
 .text._printf_i
                0x00000000080060b4      0x224 /opt/st/stm32cubeide_1.4.0/plugins/com.st.stm32cube.ide.mcu.externaltools.gnu-tools-for-stm32.7-2018-q2-update.linux64_1.4.0.202007081208/tools/bin/../lib/gcc/arm-none-eabi/7.3.1/../../../../arm-none-eabi/lib/thumb/v7-m/libc_nano.a(lib_a-nano-vfprintf_i.o)
                0x00000000080060b4                _printf_i
 .text.memchr   0x00000000080062d8       0x1c /opt/st/stm32cubeide_1.4.0/plugins/com.st.stm32cube.ide.mcu.externaltools.gnu-tools-for-stm32.7-2018-q2-update.linux64_1.4.0.202007081208/tools/bin/../lib/gcc/arm-none-eabi/7.3.1/../../../../arm-none-eabi/lib/thumb/v7-m/libc_nano.a(lib_a-memchr-stub.o)
                0x00000000080062d8                memchr
 .text.memcpy   0x00000000080062f4       0x16 /opt/st/stm32cubeide_1.4.0/plugins/com.st.stm32cube.ide.mcu.externaltools.gnu-tools-for-stm32.7-2018-q2-update.linux64_1.4.0.202007081208/tools/bin/../lib/gcc/arm-none-eabi/7.3.1/../../../../arm-none-eabi/lib/thumb/v7-m/libc_nano.a(lib_a-memcpy-stub.o)
                0x00000000080062f4                memcpy
 .text.memmove  0x000000000800630a       0x32 /opt/st/stm32cubeide_1.4.0/plugins/com.st.stm32cube.ide.mcu.externaltools.gnu-tools-for-stm32.7-2018-q2-update.linux64_1.4.0.202007081208/tools/bin/../lib/gcc/arm-none-eabi/7.3.1/../../../../arm-none-eabi/lib/thumb/v7-m/libc_nano.a(lib_a-memmove.o)
                0x000000000800630a                memmove
 .text._free_r  0x000000000800633c       0x98 /opt/st/stm32cubeide_1.4.0/plugins/com.st.stm32cube.ide.mcu.externaltools.gnu-tools-for-stm32.7-2018-q2-update.linux64_1.4.0.202007081208/tools/bin/../lib/gcc/arm-none-eabi/7.3.1/../../../../arm-none-eabi/lib/thumb/v7-m/libc_nano.a(lib_a-nano-freer.o)
                0x000000000800633c                _free_r
 .text._malloc_r
                0x00000000080063d4       0xb4 /opt/st/stm32cubeide_1.4.0/plugins/com.st.stm32cube.ide.mcu.externaltools.gnu-tools-for-stm32.7-2018-q2-update.linux64_1.4.0.202007081208/tools/bin/../lib/gcc/arm-none-eabi/7.3.1/../../../../arm-none-eabi/lib/thumb/v7-m/libc_nano.a(lib_a-nano-mallocr.o)
                0x00000000080063d4                _malloc_r
 .text._realloc_r
                0x0000000008006488       0x4c /opt/st/stm32cubeide_1.4.0/plugins/com.st.stm32cube.ide.mcu.externaltools.gnu-tools-for-stm32.7-2018-q2-update.linux64_1.4.0.202007081208/tools/bin/../lib/gcc/arm-none-eabi/7.3.1/../../../../arm-none-eabi/lib/thumb/v7-m/libc_nano.a(lib_a-nano-reallocr.o)
                0x0000000008006488                _realloc_r
 .text._sbrk_r  0x00000000080064d4       0x20 /opt/st/stm32cubeide_1.4.0/plugins/com.st.stm32cube.ide.mcu.externaltools.gnu-tools-for-stm32.7-2018-q2-update.linux64_1.4.0.202007081208/tools/bin/../lib/gcc/arm-none-eabi/7.3.1/../../../../arm-none-eabi/lib/thumb/v7-m/libc_nano.a(lib_a-sbrkr.o)
                0x00000000080064d4                _sbrk_r
 .text.__malloc_lock
                0x00000000080064f4        0x2 /opt/st/stm32cubeide_1.4.0/plugins/com.st.stm32cube.ide.mcu.externaltools.gnu-tools-for-stm32.7-2018-q2-update.linux64_1.4.0.202007081208/tools/bin/../lib/gcc/arm-none-eabi/7.3.1/../../../../arm-none-eabi/lib/thumb/v7-m/libc_nano.a(lib_a-mlock.o)
                0x00000000080064f4                __malloc_lock
 .text.__malloc_unlock
                0x00000000080064f6        0x2 /opt/st/stm32cubeide_1.4.0/plugins/com.st.stm32cube.ide.mcu.externaltools.gnu-tools-for-stm32.7-2018-q2-update.linux64_1.4.0.202007081208/tools/bin/../lib/gcc/arm-none-eabi/7.3.1/../../../../arm-none-eabi/lib/thumb/v7-m/libc_nano.a(lib_a-mlock.o)
                0x00000000080064f6                __malloc_unlock
 .text._malloc_usable_size_r
                0x00000000080064f8       0x10 /opt/st/stm32cubeide_1.4.0/plugins/com.st.stm32cube.ide.mcu.externaltools.gnu-tools-for-stm32.7-2018-q2-update.linux64_1.4.0.202007081208/tools/bin/../lib/gcc/arm-none-eabi/7.3.1/../../../../arm-none-eabi/lib/thumb/v7-m/libc_nano.a(lib_a-nano-msizer.o)
                0x00000000080064f8                _malloc_usable_size_r
 *(.glue_7)
 .glue_7        0x0000000008006508        0x0 linker stubs
 *(.glue_7t)
 .glue_7t       0x0000000008006508        0x0 linker stubs
 *(.eh_frame)
 .eh_frame      0x0000000008006508        0x0 /opt/st/stm32cubeide_1.4.0/plugins/com.st.stm32cube.ide.mcu.externaltools.gnu-tools-for-stm32.7-2018-q2-update.linux64_1.4.0.202007081208/tools/bin/../lib/gcc/arm-none-eabi/7.3.1/thumb/v7-m/crtbegin.o
 *(.init)
 .init          0x0000000008006508        0x4 /opt/st/stm32cubeide_1.4.0/plugins/com.st.stm32cube.ide.mcu.externaltools.gnu-tools-for-stm32.7-2018-q2-update.linux64_1.4.0.202007081208/tools/bin/../lib/gcc/arm-none-eabi/7.3.1/thumb/v7-m/crti.o
                0x0000000008006508                _init
 .init          0x000000000800650c        0x8 /opt/st/stm32cubeide_1.4.0/plugins/com.st.stm32cube.ide.mcu.externaltools.gnu-tools-for-stm32.7-2018-q2-update.linux64_1.4.0.202007081208/tools/bin/../lib/gcc/arm-none-eabi/7.3.1/thumb/v7-m/crtn.o
 *(.fini)
 .fini          0x0000000008006514        0x4 /opt/st/stm32cubeide_1.4.0/plugins/com.st.stm32cube.ide.mcu.externaltools.gnu-tools-for-stm32.7-2018-q2-update.linux64_1.4.0.202007081208/tools/bin/../lib/gcc/arm-none-eabi/7.3.1/thumb/v7-m/crti.o
                0x0000000008006514                _fini
 .fini          0x0000000008006518        0x8 /opt/st/stm32cubeide_1.4.0/plugins/com.st.stm32cube.ide.mcu.externaltools.gnu-tools-for-stm32.7-2018-q2-update.linux64_1.4.0.202007081208/tools/bin/../lib/gcc/arm-none-eabi/7.3.1/thumb/v7-m/crtn.o
                0x0000000008006520                . = ALIGN (0x4)
                0x0000000008006520                _etext = .

.vfp11_veneer   0x0000000008006520        0x0
 .vfp11_veneer  0x0000000008006520        0x0 linker stubs

.v4_bx          0x0000000008006520        0x0
 .v4_bx         0x0000000008006520        0x0 linker stubs

.iplt           0x0000000008006520        0x0
 .iplt          0x0000000008006520        0x0 /opt/st/stm32cubeide_1.4.0/plugins/com.st.stm32cube.ide.mcu.externaltools.gnu-tools-for-stm32.7-2018-q2-update.linux64_1.4.0.202007081208/tools/bin/../lib/gcc/arm-none-eabi/7.3.1/thumb/v7-m/crtbegin.o

.rodata         0x0000000008006520      0x26c
                0x0000000008006520                . = ALIGN (0x4)
 *(.rodata)
 .rodata        0x0000000008006520        0x8 Core/Src/funciones_tablero.o
 .rodata        0x0000000008006528      0x1ee Core/Src/menu_tablero.o
 *fill*         0x0000000008006716        0x2 
 .rodata        0x0000000008006718       0x12 Drivers/STM32F1xx_HAL_Driver/Src/stm32f1xx_hal_rcc.o
 *fill*         0x000000000800672a        0x2 
 .rodata        0x000000000800672c       0x12 Drivers/STM32F1xx_HAL_Driver/Src/stm32f1xx_hal_rcc_ex.o
 *(.rodata*)
 *fill*         0x000000000800673e        0x2 
 .rodata.AHBPrescTable
                0x0000000008006740       0x10 Core/Src/system_stm32f1xx.o
                0x0000000008006740                AHBPrescTable
 .rodata.APBPrescTable
                0x0000000008006750        0x8 Core/Src/system_stm32f1xx.o
                0x0000000008006750                APBPrescTable
 .rodata._svfprintf_r.str1.1
                0x0000000008006758       0x11 /opt/st/stm32cubeide_1.4.0/plugins/com.st.stm32cube.ide.mcu.externaltools.gnu-tools-for-stm32.7-2018-q2-update.linux64_1.4.0.202007081208/tools/bin/../lib/gcc/arm-none-eabi/7.3.1/../../../../arm-none-eabi/lib/thumb/v7-m/libc_nano.a(lib_a-nano-svfprintf.o)
 .rodata._printf_i.str1.1
                0x0000000008006769       0x22 /opt/st/stm32cubeide_1.4.0/plugins/com.st.stm32cube.ide.mcu.externaltools.gnu-tools-for-stm32.7-2018-q2-update.linux64_1.4.0.202007081208/tools/bin/../lib/gcc/arm-none-eabi/7.3.1/../../../../arm-none-eabi/lib/thumb/v7-m/libc_nano.a(lib_a-nano-vfprintf_i.o)
                0x000000000800678c                . = ALIGN (0x4)
 *fill*         0x000000000800678b        0x1 

.rel.dyn        0x000000000800678c        0x0
 .rel.iplt      0x000000000800678c        0x0 /opt/st/stm32cubeide_1.4.0/plugins/com.st.stm32cube.ide.mcu.externaltools.gnu-tools-for-stm32.7-2018-q2-update.linux64_1.4.0.202007081208/tools/bin/../lib/gcc/arm-none-eabi/7.3.1/thumb/v7-m/crtbegin.o

.ARM.extab      0x000000000800678c        0x0
                0x000000000800678c                . = ALIGN (0x4)
 *(.ARM.extab* .gnu.linkonce.armextab.*)
                0x000000000800678c                . = ALIGN (0x4)

.ARM            0x000000000800678c        0x0
                0x000000000800678c                . = ALIGN (0x4)
                0x000000000800678c                __exidx_start = .
 *(.ARM.exidx*)
                0x000000000800678c                __exidx_end = .
                0x000000000800678c                . = ALIGN (0x4)

.preinit_array  0x000000000800678c        0x0
                0x000000000800678c                . = ALIGN (0x4)
                0x000000000800678c                PROVIDE (__preinit_array_start = .)
 *(.preinit_array*)
                0x000000000800678c                PROVIDE (__preinit_array_end = .)
                0x000000000800678c                . = ALIGN (0x4)

.init_array     0x000000000800678c        0x4
                0x000000000800678c                . = ALIGN (0x4)
                0x000000000800678c                PROVIDE (__init_array_start = .)
 *(SORT_BY_NAME(.init_array.*))
 *(.init_array*)
 .init_array    0x000000000800678c        0x4 /opt/st/stm32cubeide_1.4.0/plugins/com.st.stm32cube.ide.mcu.externaltools.gnu-tools-for-stm32.7-2018-q2-update.linux64_1.4.0.202007081208/tools/bin/../lib/gcc/arm-none-eabi/7.3.1/thumb/v7-m/crtbegin.o
                0x0000000008006790                PROVIDE (__init_array_end = .)
                0x0000000008006790                . = ALIGN (0x4)

.fini_array     0x0000000008006790        0x4
                0x0000000008006790                . = ALIGN (0x4)
                [!provide]                        PROVIDE (__fini_array_start = .)
 *(SORT_BY_NAME(.fini_array.*))
 *(.fini_array*)
 .fini_array    0x0000000008006790        0x4 /opt/st/stm32cubeide_1.4.0/plugins/com.st.stm32cube.ide.mcu.externaltools.gnu-tools-for-stm32.7-2018-q2-update.linux64_1.4.0.202007081208/tools/bin/../lib/gcc/arm-none-eabi/7.3.1/thumb/v7-m/crtbegin.o
                [!provide]                        PROVIDE (__fini_array_end = .)
                0x0000000008006794                . = ALIGN (0x4)
                0x0000000008006794                _sidata = LOADADDR (.data)

.data           0x0000000020000000       0xe8 load address 0x0000000008006794
                0x0000000020000000                . = ALIGN (0x4)
                0x0000000020000000                _sdata = .
 *(.data)
 *(.data*)
 .data.flag_lecturas
                0x0000000020000000        0x1 Core/Src/IOports_lfs.o
                0x0000000020000000                flag_lecturas
 .data.flag_salidas
                0x0000000020000001        0x1 Core/Src/IOports_lfs.o
                0x0000000020000001                flag_salidas
 .data.demora_rapida
                0x0000000020000002        0x1 Core/Src/leds_tablero.o
                0x0000000020000002                demora_rapida
 .data.demora_lenta
                0x0000000020000003        0x1 Core/Src/leds_tablero.o
                0x0000000020000003                demora_lenta
 .data.refresh_pantalla
                0x0000000020000004        0x1 Core/Src/main.o
                0x0000000020000004                refresh_pantalla
 *fill*         0x0000000020000005        0x3 
 .data.menu     0x0000000020000008       0x70 Core/Src/menu_tablero.o
                0x0000000020000008                menu
 .data.SystemCoreClock
                0x0000000020000078        0x4 Core/Src/system_stm32f1xx.o
                0x0000000020000078                SystemCoreClock
 .data.uwTickPrio
                0x000000002000007c        0x4 Drivers/STM32F1xx_HAL_Driver/Src/stm32f1xx_hal.o
                0x000000002000007c                uwTickPrio
 .data.uwTickFreq
                0x0000000020000080        0x1 Drivers/STM32F1xx_HAL_Driver/Src/stm32f1xx_hal.o
                0x0000000020000080                uwTickFreq
 *fill*         0x0000000020000081        0x3 
 .data._impure_ptr
                0x0000000020000084        0x4 /opt/st/stm32cubeide_1.4.0/plugins/com.st.stm32cube.ide.mcu.externaltools.gnu-tools-for-stm32.7-2018-q2-update.linux64_1.4.0.202007081208/tools/bin/../lib/gcc/arm-none-eabi/7.3.1/../../../../arm-none-eabi/lib/thumb/v7-m/libc_nano.a(lib_a-impure.o)
                0x0000000020000084                _impure_ptr
 .data.impure_data
                0x0000000020000088       0x60 /opt/st/stm32cubeide_1.4.0/plugins/com.st.stm32cube.ide.mcu.externaltools.gnu-tools-for-stm32.7-2018-q2-update.linux64_1.4.0.202007081208/tools/bin/../lib/gcc/arm-none-eabi/7.3.1/../../../../arm-none-eabi/lib/thumb/v7-m/libc_nano.a(lib_a-impure.o)
                0x00000000200000e8                . = ALIGN (0x4)
                0x00000000200000e8                _edata = .

.igot.plt       0x00000000200000e8        0x0 load address 0x000000000800687c
 .igot.plt      0x00000000200000e8        0x0 /opt/st/stm32cubeide_1.4.0/plugins/com.st.stm32cube.ide.mcu.externaltools.gnu-tools-for-stm32.7-2018-q2-update.linux64_1.4.0.202007081208/tools/bin/../lib/gcc/arm-none-eabi/7.3.1/thumb/v7-m/crtbegin.o
                0x00000000200000e8                . = ALIGN (0x4)

.bss            0x00000000200000e8      0x65c load address 0x000000000800687c
                0x00000000200000e8                _sbss = .
                0x00000000200000e8                __bss_start__ = _sbss
 *(.bss)
 .bss           0x00000000200000e8       0x1c /opt/st/stm32cubeide_1.4.0/plugins/com.st.stm32cube.ide.mcu.externaltools.gnu-tools-for-stm32.7-2018-q2-update.linux64_1.4.0.202007081208/tools/bin/../lib/gcc/arm-none-eabi/7.3.1/thumb/v7-m/crtbegin.o
 *(.bss*)
 .bss.flag_pantalla
                0x0000000020000104        0x1 Core/Src/display_tablero.o
                0x0000000020000104                flag_pantalla
 *fill*         0x0000000020000105        0x1 
 .bss.tiempoHidroAux
                0x0000000020000106        0x2 Core/Src/funciones_tablero.o
                0x0000000020000106                tiempoHidroAux
 .bss.tiempoHidro
                0x0000000020000108        0x2 Core/Src/funciones_tablero.o
                0x0000000020000108                tiempoHidro
 .bss.statusTiempoHidro
                0x000000002000010a        0x1 Core/Src/funciones_tablero.o
                0x000000002000010a                statusTiempoHidro
 *fill*         0x000000002000010b        0x1 
 .bss.tiempoLlenado_ON
                0x000000002000010c        0x2 Core/Src/funciones_tablero.o
                0x000000002000010c                tiempoLlenado_ON
 .bss.tiempoLlenado_OFF
                0x000000002000010e        0x2 Core/Src/funciones_tablero.o
                0x000000002000010e                tiempoLlenado_OFF
 .bss.flag_bombaNapa
                0x0000000020000110        0x1 Core/Src/funciones_tablero.o
                0x0000000020000110                flag_bombaNapa
 .bss.status_modoPileta
                0x0000000020000111        0x1 Core/Src/funciones_tablero.o
                0x0000000020000111                status_modoPileta
 *fill*         0x0000000020000112        0x2 
 .bss.status_led
                0x0000000020000114        0x6 Core/Src/leds_tablero.o
                0x0000000020000114                status_led
 *fill*         0x000000002000011a        0x2 
 .bss.aux_fecha
                0x000000002000011c        0x4 Core/Src/main.o
                0x000000002000011c                aux_fecha
 .bss.flag_tick
                0x0000000020000120        0x1 Core/Src/main.o
                0x0000000020000120                flag_tick
 .bss.flag_tomas
                0x0000000020000121        0x1 Core/Src/menu_tablero.o
                0x0000000020000121                flag_tomas
 .bss.pulsoLargo_skimmer
                0x0000000020000122        0x1 Core/Src/menu_tablero.o
                0x0000000020000122                pulsoLargo_skimmer
 .bss.status_menuLlenado
                0x0000000020000123        0x1 Core/Src/menu_tablero.o
                0x0000000020000123                status_menuLlenado
 .bss.status_menuSkimmer
                0x0000000020000124        0x1 Core/Src/menu_tablero.o
                0x0000000020000124                status_menuSkimmer
 .bss.status_menuHidro
                0x0000000020000125        0x1 Core/Src/menu_tablero.o
                0x0000000020000125                status_menuHidro
 .bss.status_menuLucesExt
                0x0000000020000126        0x1 Core/Src/menu_tablero.o
                0x0000000020000126                status_menuLucesExt
 *fill*         0x0000000020000127        0x1 
 .bss.__sbrk_heap_end
                0x0000000020000128        0x4 Core/Src/sysmem.o
 .bss.__malloc_free_list
                0x000000002000012c        0x4 /opt/st/stm32cubeide_1.4.0/plugins/com.st.stm32cube.ide.mcu.externaltools.gnu-tools-for-stm32.7-2018-q2-update.linux64_1.4.0.202007081208/tools/bin/../lib/gcc/arm-none-eabi/7.3.1/../../../../arm-none-eabi/lib/thumb/v7-m/libc_nano.a(lib_a-nano-mallocr.o)
                0x000000002000012c                __malloc_free_list
 .bss.__malloc_sbrk_start
                0x0000000020000130        0x4 /opt/st/stm32cubeide_1.4.0/plugins/com.st.stm32cube.ide.mcu.externaltools.gnu-tools-for-stm32.7-2018-q2-update.linux64_1.4.0.202007081208/tools/bin/../lib/gcc/arm-none-eabi/7.3.1/../../../../arm-none-eabi/lib/thumb/v7-m/libc_nano.a(lib_a-nano-mallocr.o)
                0x0000000020000130                __malloc_sbrk_start
 *(COMMON)
 COMMON         0x0000000020000134       0x1a Core/Src/74HC165_SPI_lfs.o
                0x0000000020000134                spi_handler
                0x0000000020000138                pinPL
                0x000000002000013c                portCE2
                0x0000000020000140                portPL
                0x0000000020000144                pinCE1
                0x0000000020000148                portCE1
                0x000000002000014c                pinCE2
 *fill*         0x000000002000014e        0x2 
 COMMON         0x0000000020000150        0x8 Core/Src/74_HC595_SPI_lfs.o
                0x0000000020000150                pinST
                0x0000000020000154                portST
 COMMON         0x0000000020000158       0x31 Core/Src/IOports_lfs.o
                0x0000000020000158                write_output
                0x000000002000015c                read_teclado
                0x0000000020000160                read_input
                0x0000000020000164                fall_input
                0x0000000020000168                rise_input
                0x000000002000016c                status_teclas
                0x0000000020000184                last_input
                0x0000000020000188                read_teclas
 *fill*         0x0000000020000189        0x3 
 COMMON         0x000000002000018c      0x407 Core/Src/ST7920_SERIAL.o
                0x000000002000018c                startCol
                0x0000000020000190                image
                0x0000000020000590                startRow
                0x0000000020000591                endCol
                0x0000000020000592                endRow
 *fill*         0x0000000020000593        0x1 
 COMMON         0x0000000020000594       0x30 Core/Src/adc.o
                0x0000000020000594                hadc1
 COMMON         0x00000000200005c4       0x3b Core/Src/funciones_tablero.o
                0x00000000200005c4                fecha_hidro
                0x00000000200005c8                texto
                0x00000000200005dc                hora_llenadoOn
                0x00000000200005df                status_progPileta
                0x00000000200005e0                hora_llenadoOff
                0x00000000200005e4                fecha_llenadoOff
                0x00000000200005e8                status_progLlenado
                0x00000000200005ec                fecha_llenadoOn
                0x00000000200005f0                status_progHidro
                0x00000000200005f4                auxFecha
                0x00000000200005f8                hora_hidro
                0x00000000200005fc                auxHora
 *fill*         0x00000000200005ff        0x1 
 COMMON         0x0000000020000600        0x3 Core/Src/hora_tablero.o
                0x0000000020000600                hora
 *fill*         0x0000000020000603        0x1 
 COMMON         0x0000000020000604        0x9 Core/Src/menu_tablero.o
                0x0000000020000604                menuActual
                0x0000000020000608                menuAux
                0x000000002000060c                aux_progOutput
 *fill*         0x000000002000060d        0x3 
 COMMON         0x0000000020000610       0x14 Core/Src/rtc.o
                0x0000000020000610                hrtc
 COMMON         0x0000000020000624       0x58 Core/Src/spi.o
                0x0000000020000624                hspi2
 COMMON         0x000000002000067c       0x80 Core/Src/tim.o
                0x000000002000067c                htim3
                0x00000000200006bc                htim2
 COMMON         0x00000000200006fc       0x40 Core/Src/usart.o
                0x00000000200006fc                huart1
 COMMON         0x000000002000073c        0x4 Drivers/STM32F1xx_HAL_Driver/Src/stm32f1xx_hal.o
                0x000000002000073c                uwTick
 COMMON         0x0000000020000740        0x4 /opt/st/stm32cubeide_1.4.0/plugins/com.st.stm32cube.ide.mcu.externaltools.gnu-tools-for-stm32.7-2018-q2-update.linux64_1.4.0.202007081208/tools/bin/../lib/gcc/arm-none-eabi/7.3.1/../../../../arm-none-eabi/lib/thumb/v7-m/libc_nano.a(lib_a-reent.o)
                0x0000000020000740                errno
                0x0000000020000744                . = ALIGN (0x4)
                0x0000000020000744                _ebss = .
                0x0000000020000744                __bss_end__ = _ebss

._user_heap_stack
                0x0000000020000744      0x604 load address 0x000000000800687c
                0x0000000020000748                . = ALIGN (0x8)
 *fill*         0x0000000020000744        0x4 
                [!provide]                        PROVIDE (end = .)
                0x0000000020000748                PROVIDE (_end = .)
                0x0000000020000948                . = (. + _Min_Heap_Size)
 *fill*         0x0000000020000748      0x200 
                0x0000000020000d48                . = (. + _Min_Stack_Size)
 *fill*         0x0000000020000948      0x400 
                0x0000000020000d48                . = ALIGN (0x8)

/DISCARD/
 libc.a(*)
 libm.a(*)
 libgcc.a(*)

.ARM.attributes
                0x0000000000000000       0x29
 *(.ARM.attributes)
 .ARM.attributes
                0x0000000000000000       0x1d /opt/st/stm32cubeide_1.4.0/plugins/com.st.stm32cube.ide.mcu.externaltools.gnu-tools-for-stm32.7-2018-q2-update.linux64_1.4.0.202007081208/tools/bin/../lib/gcc/arm-none-eabi/7.3.1/thumb/v7-m/crti.o
 .ARM.attributes
                0x000000000000001d       0x2d /opt/st/stm32cubeide_1.4.0/plugins/com.st.stm32cube.ide.mcu.externaltools.gnu-tools-for-stm32.7-2018-q2-update.linux64_1.4.0.202007081208/tools/bin/../lib/gcc/arm-none-eabi/7.3.1/thumb/v7-m/crtbegin.o
 .ARM.attributes
                0x000000000000004a       0x33 Core/Src/74HC165_SPI_lfs.o
 .ARM.attributes
                0x000000000000007d       0x33 Core/Src/74_HC595_SPI_lfs.o
 .ARM.attributes
                0x00000000000000b0       0x33 Core/Src/IOports_lfs.o
 .ARM.attributes
                0x00000000000000e3       0x33 Core/Src/ST7920_SERIAL.o
 .ARM.attributes
                0x0000000000000116       0x33 Core/Src/adc.o
 .ARM.attributes
                0x0000000000000149       0x33 Core/Src/delay.o
 .ARM.attributes
                0x000000000000017c       0x33 Core/Src/display_tablero.o
 .ARM.attributes
                0x00000000000001af       0x33 Core/Src/funciones_tablero.o
 .ARM.attributes
                0x00000000000001e2       0x33 Core/Src/gpio.o
 .ARM.attributes
                0x0000000000000215       0x33 Core/Src/hora_tablero.o
 .ARM.attributes
                0x0000000000000248       0x33 Core/Src/leds_tablero.o
 .ARM.attributes
                0x000000000000027b       0x33 Core/Src/main.o
 .ARM.attributes
                0x00000000000002ae       0x33 Core/Src/menu_tablero.o
 .ARM.attributes
                0x00000000000002e1       0x33 Core/Src/rtc.o
 .ARM.attributes
                0x0000000000000314       0x33 Core/Src/spi.o
 .ARM.attributes
                0x0000000000000347       0x33 Core/Src/stm32f1xx_hal_msp.o
 .ARM.attributes
                0x000000000000037a       0x33 Core/Src/stm32f1xx_it.o
 .ARM.attributes
                0x00000000000003ad       0x33 Core/Src/sysmem.o
 .ARM.attributes
                0x00000000000003e0       0x33 Core/Src/system_stm32f1xx.o
 .ARM.attributes
                0x0000000000000413       0x33 Core/Src/tim.o
 .ARM.attributes
                0x0000000000000446       0x33 Core/Src/usart.o
 .ARM.attributes
                0x0000000000000479       0x21 Core/Startup/startup_stm32f103c8tx.o
 .ARM.attributes
                0x000000000000049a       0x33 Drivers/STM32F1xx_HAL_Driver/Src/stm32f1xx_hal.o
 .ARM.attributes
                0x00000000000004cd       0x33 Drivers/STM32F1xx_HAL_Driver/Src/stm32f1xx_hal_adc.o
 .ARM.attributes
                0x0000000000000500       0x33 Drivers/STM32F1xx_HAL_Driver/Src/stm32f1xx_hal_cortex.o
 .ARM.attributes
                0x0000000000000533       0x33 Drivers/STM32F1xx_HAL_Driver/Src/stm32f1xx_hal_gpio.o
 .ARM.attributes
                0x0000000000000566       0x33 Drivers/STM32F1xx_HAL_Driver/Src/stm32f1xx_hal_pwr.o
 .ARM.attributes
                0x0000000000000599       0x33 Drivers/STM32F1xx_HAL_Driver/Src/stm32f1xx_hal_rcc.o
 .ARM.attributes
                0x00000000000005cc       0x33 Drivers/STM32F1xx_HAL_Driver/Src/stm32f1xx_hal_rcc_ex.o
 .ARM.attributes
                0x00000000000005ff       0x33 Drivers/STM32F1xx_HAL_Driver/Src/stm32f1xx_hal_rtc.o
 .ARM.attributes
                0x0000000000000632       0x33 Drivers/STM32F1xx_HAL_Driver/Src/stm32f1xx_hal_rtc_ex.o
 .ARM.attributes
                0x0000000000000665       0x33 Drivers/STM32F1xx_HAL_Driver/Src/stm32f1xx_hal_spi.o
 .ARM.attributes
                0x0000000000000698       0x33 Drivers/STM32F1xx_HAL_Driver/Src/stm32f1xx_hal_tim.o
 .ARM.attributes
                0x00000000000006cb       0x33 Drivers/STM32F1xx_HAL_Driver/Src/stm32f1xx_hal_tim_ex.o
 .ARM.attributes
                0x00000000000006fe       0x33 Drivers/STM32F1xx_HAL_Driver/Src/stm32f1xx_hal_uart.o
 .ARM.attributes
                0x0000000000000731       0x2d /opt/st/stm32cubeide_1.4.0/plugins/com.st.stm32cube.ide.mcu.externaltools.gnu-tools-for-stm32.7-2018-q2-update.linux64_1.4.0.202007081208/tools/bin/../lib/gcc/arm-none-eabi/7.3.1/../../../../arm-none-eabi/lib/thumb/v7-m/libc_nano.a(lib_a-errno.o)
 .ARM.attributes
                0x000000000000075e       0x2d /opt/st/stm32cubeide_1.4.0/plugins/com.st.stm32cube.ide.mcu.externaltools.gnu-tools-for-stm32.7-2018-q2-update.linux64_1.4.0.202007081208/tools/bin/../lib/gcc/arm-none-eabi/7.3.1/../../../../arm-none-eabi/lib/thumb/v7-m/libc_nano.a(lib_a-impure.o)
 .ARM.attributes
                0x000000000000078b       0x2d /opt/st/stm32cubeide_1.4.0/plugins/com.st.stm32cube.ide.mcu.externaltools.gnu-tools-for-stm32.7-2018-q2-update.linux64_1.4.0.202007081208/tools/bin/../lib/gcc/arm-none-eabi/7.3.1/../../../../arm-none-eabi/lib/thumb/v7-m/libc_nano.a(lib_a-init.o)
 .ARM.attributes
                0x00000000000007b8       0x2d /opt/st/stm32cubeide_1.4.0/plugins/com.st.stm32cube.ide.mcu.externaltools.gnu-tools-for-stm32.7-2018-q2-update.linux64_1.4.0.202007081208/tools/bin/../lib/gcc/arm-none-eabi/7.3.1/../../../../arm-none-eabi/lib/thumb/v7-m/libc_nano.a(lib_a-memset.o)
 .ARM.attributes
                0x00000000000007e5       0x2d /opt/st/stm32cubeide_1.4.0/plugins/com.st.stm32cube.ide.mcu.externaltools.gnu-tools-for-stm32.7-2018-q2-update.linux64_1.4.0.202007081208/tools/bin/../lib/gcc/arm-none-eabi/7.3.1/../../../../arm-none-eabi/lib/thumb/v7-m/libc_nano.a(lib_a-sprintf.o)
 .ARM.attributes
                0x0000000000000812       0x2d /opt/st/stm32cubeide_1.4.0/plugins/com.st.stm32cube.ide.mcu.externaltools.gnu-tools-for-stm32.7-2018-q2-update.linux64_1.4.0.202007081208/tools/bin/../lib/gcc/arm-none-eabi/7.3.1/../../../../arm-none-eabi/lib/thumb/v7-m/libc_nano.a(lib_a-nano-svfprintf.o)
 .ARM.attributes
                0x000000000000083f       0x2d /opt/st/stm32cubeide_1.4.0/plugins/com.st.stm32cube.ide.mcu.externaltools.gnu-tools-for-stm32.7-2018-q2-update.linux64_1.4.0.202007081208/tools/bin/../lib/gcc/arm-none-eabi/7.3.1/../../../../arm-none-eabi/lib/thumb/v7-m/libc_nano.a(lib_a-nano-vfprintf_i.o)
 .ARM.attributes
                0x000000000000086c       0x2d /opt/st/stm32cubeide_1.4.0/plugins/com.st.stm32cube.ide.mcu.externaltools.gnu-tools-for-stm32.7-2018-q2-update.linux64_1.4.0.202007081208/tools/bin/../lib/gcc/arm-none-eabi/7.3.1/../../../../arm-none-eabi/lib/thumb/v7-m/libc_nano.a(lib_a-memchr-stub.o)
 .ARM.attributes
                0x0000000000000899       0x2d /opt/st/stm32cubeide_1.4.0/plugins/com.st.stm32cube.ide.mcu.externaltools.gnu-tools-for-stm32.7-2018-q2-update.linux64_1.4.0.202007081208/tools/bin/../lib/gcc/arm-none-eabi/7.3.1/../../../../arm-none-eabi/lib/thumb/v7-m/libc_nano.a(lib_a-memcpy-stub.o)
 .ARM.attributes
                0x00000000000008c6       0x2d /opt/st/stm32cubeide_1.4.0/plugins/com.st.stm32cube.ide.mcu.externaltools.gnu-tools-for-stm32.7-2018-q2-update.linux64_1.4.0.202007081208/tools/bin/../lib/gcc/arm-none-eabi/7.3.1/../../../../arm-none-eabi/lib/thumb/v7-m/libc_nano.a(lib_a-memmove.o)
 .ARM.attributes
                0x00000000000008f3       0x2d /opt/st/stm32cubeide_1.4.0/plugins/com.st.stm32cube.ide.mcu.externaltools.gnu-tools-for-stm32.7-2018-q2-update.linux64_1.4.0.202007081208/tools/bin/../lib/gcc/arm-none-eabi/7.3.1/../../../../arm-none-eabi/lib/thumb/v7-m/libc_nano.a(lib_a-nano-freer.o)
 .ARM.attributes
                0x0000000000000920       0x2d /opt/st/stm32cubeide_1.4.0/plugins/com.st.stm32cube.ide.mcu.externaltools.gnu-tools-for-stm32.7-2018-q2-update.linux64_1.4.0.202007081208/tools/bin/../lib/gcc/arm-none-eabi/7.3.1/../../../../arm-none-eabi/lib/thumb/v7-m/libc_nano.a(lib_a-nano-mallocr.o)
 .ARM.attributes
                0x000000000000094d       0x2d /opt/st/stm32cubeide_1.4.0/plugins/com.st.stm32cube.ide.mcu.externaltools.gnu-tools-for-stm32.7-2018-q2-update.linux64_1.4.0.202007081208/tools/bin/../lib/gcc/arm-none-eabi/7.3.1/../../../../arm-none-eabi/lib/thumb/v7-m/libc_nano.a(lib_a-nano-reallocr.o)
 .ARM.attributes
                0x000000000000097a       0x2d /opt/st/stm32cubeide_1.4.0/plugins/com.st.stm32cube.ide.mcu.externaltools.gnu-tools-for-stm32.7-2018-q2-update.linux64_1.4.0.202007081208/tools/bin/../lib/gcc/arm-none-eabi/7.3.1/../../../../arm-none-eabi/lib/thumb/v7-m/libc_nano.a(lib_a-sbrkr.o)
 .ARM.attributes
                0x00000000000009a7       0x2d /opt/st/stm32cubeide_1.4.0/plugins/com.st.stm32cube.ide.mcu.externaltools.gnu-tools-for-stm32.7-2018-q2-update.linux64_1.4.0.202007081208/tools/bin/../lib/gcc/arm-none-eabi/7.3.1/../../../../arm-none-eabi/lib/thumb/v7-m/libc_nano.a(lib_a-mlock.o)
 .ARM.attributes
                0x00000000000009d4       0x2d /opt/st/stm32cubeide_1.4.0/plugins/com.st.stm32cube.ide.mcu.externaltools.gnu-tools-for-stm32.7-2018-q2-update.linux64_1.4.0.202007081208/tools/bin/../lib/gcc/arm-none-eabi/7.3.1/../../../../arm-none-eabi/lib/thumb/v7-m/libc_nano.a(lib_a-nano-msizer.o)
 .ARM.attributes
                0x0000000000000a01       0x2d /opt/st/stm32cubeide_1.4.0/plugins/com.st.stm32cube.ide.mcu.externaltools.gnu-tools-for-stm32.7-2018-q2-update.linux64_1.4.0.202007081208/tools/bin/../lib/gcc/arm-none-eabi/7.3.1/../../../../arm-none-eabi/lib/thumb/v7-m/libc_nano.a(lib_a-reent.o)
 .ARM.attributes
                0x0000000000000a2e       0x1d /opt/st/stm32cubeide_1.4.0/plugins/com.st.stm32cube.ide.mcu.externaltools.gnu-tools-for-stm32.7-2018-q2-update.linux64_1.4.0.202007081208/tools/bin/../lib/gcc/arm-none-eabi/7.3.1/thumb/v7-m/crtn.o
OUTPUT(tableroPileta_STM32F103C8T6.elf elf32-littlearm)

.debug_info     0x0000000000000000    0x158de
 .debug_info    0x0000000000000000      0x7c7 Core/Src/74HC165_SPI_lfs.o
 .debug_info    0x00000000000007c7      0x6fb Core/Src/74_HC595_SPI_lfs.o
 .debug_info    0x0000000000000ec2      0x503 Core/Src/IOports_lfs.o
 .debug_info    0x00000000000013c5      0x87e Core/Src/ST7920_SERIAL.o
 .debug_info    0x0000000000001c43      0x7ee Core/Src/adc.o
 .debug_info    0x0000000000002431      0x65d Core/Src/delay.o
 .debug_info    0x0000000000002a8e      0x929 Core/Src/display_tablero.o
 .debug_info    0x00000000000033b7     0x10ba Core/Src/funciones_tablero.o
 .debug_info    0x0000000000004471      0x36e Core/Src/gpio.o
 .debug_info    0x00000000000047df      0x3e7 Core/Src/hora_tablero.o
 .debug_info    0x0000000000004bc6      0x294 Core/Src/leds_tablero.o
 .debug_info    0x0000000000004e5a     0x1999 Core/Src/main.o
 .debug_info    0x00000000000067f3      0xeba Core/Src/menu_tablero.o
 .debug_info    0x00000000000076ad      0x660 Core/Src/rtc.o
 .debug_info    0x0000000000007d0d      0x808 Core/Src/spi.o
 .debug_info    0x0000000000008515      0x2cb Core/Src/stm32f1xx_hal_msp.o
 .debug_info    0x00000000000087e0      0x85f Core/Src/stm32f1xx_it.o
 .debug_info    0x000000000000903f      0x985 Core/Src/sysmem.o
 .debug_info    0x00000000000099c4      0x433 Core/Src/system_stm32f1xx.o
 .debug_info    0x0000000000009df7      0x968 Core/Src/tim.o
 .debug_info    0x000000000000a75f      0x830 Core/Src/usart.o
 .debug_info    0x000000000000af8f       0x22 Core/Startup/startup_stm32f103c8tx.o
 .debug_info    0x000000000000afb1      0x6fe Drivers/STM32F1xx_HAL_Driver/Src/stm32f1xx_hal.o
 .debug_info    0x000000000000b6af      0xc61 Drivers/STM32F1xx_HAL_Driver/Src/stm32f1xx_hal_adc.o
 .debug_info    0x000000000000c310      0xb46 Drivers/STM32F1xx_HAL_Driver/Src/stm32f1xx_hal_cortex.o
 .debug_info    0x000000000000ce56      0x681 Drivers/STM32F1xx_HAL_Driver/Src/stm32f1xx_hal_gpio.o
 .debug_info    0x000000000000d4d7      0x6d7 Drivers/STM32F1xx_HAL_Driver/Src/stm32f1xx_hal_pwr.o
 .debug_info    0x000000000000dbae      0x804 Drivers/STM32F1xx_HAL_Driver/Src/stm32f1xx_hal_rcc.o
 .debug_info    0x000000000000e3b2      0x439 Drivers/STM32F1xx_HAL_Driver/Src/stm32f1xx_hal_rcc_ex.o
 .debug_info    0x000000000000e7eb      0xd24 Drivers/STM32F1xx_HAL_Driver/Src/stm32f1xx_hal_rtc.o
 .debug_info    0x000000000000f50f      0x758 Drivers/STM32F1xx_HAL_Driver/Src/stm32f1xx_hal_rtc_ex.o
 .debug_info    0x000000000000fc67     0x153a Drivers/STM32F1xx_HAL_Driver/Src/stm32f1xx_hal_spi.o
 .debug_info    0x00000000000111a1     0x2456 Drivers/STM32F1xx_HAL_Driver/Src/stm32f1xx_hal_tim.o
 .debug_info    0x00000000000135f7     0x1104 Drivers/STM32F1xx_HAL_Driver/Src/stm32f1xx_hal_tim_ex.o
 .debug_info    0x00000000000146fb     0x11e3 Drivers/STM32F1xx_HAL_Driver/Src/stm32f1xx_hal_uart.o

.debug_abbrev   0x0000000000000000     0x3be2
 .debug_abbrev  0x0000000000000000      0x189 Core/Src/74HC165_SPI_lfs.o
 .debug_abbrev  0x0000000000000189      0x17a Core/Src/74_HC595_SPI_lfs.o
 .debug_abbrev  0x0000000000000303      0x1c7 Core/Src/IOports_lfs.o
 .debug_abbrev  0x00000000000004ca      0x200 Core/Src/ST7920_SERIAL.o
 .debug_abbrev  0x00000000000006ca      0x199 Core/Src/adc.o
 .debug_abbrev  0x0000000000000863      0x183 Core/Src/delay.o
 .debug_abbrev  0x00000000000009e6      0x1be Core/Src/display_tablero.o
 .debug_abbrev  0x0000000000000ba4      0x236 Core/Src/funciones_tablero.o
 .debug_abbrev  0x0000000000000dda      0x134 Core/Src/gpio.o
 .debug_abbrev  0x0000000000000f0e      0x14e Core/Src/hora_tablero.o
 .debug_abbrev  0x000000000000105c      0x100 Core/Src/leds_tablero.o
 .debug_abbrev  0x000000000000115c      0x239 Core/Src/main.o
 .debug_abbrev  0x0000000000001395      0x1ee Core/Src/menu_tablero.o
 .debug_abbrev  0x0000000000001583      0x162 Core/Src/rtc.o
 .debug_abbrev  0x00000000000016e5      0x199 Core/Src/spi.o
 .debug_abbrev  0x000000000000187e      0x109 Core/Src/stm32f1xx_hal_msp.o
 .debug_abbrev  0x0000000000001987      0x15a Core/Src/stm32f1xx_it.o
 .debug_abbrev  0x0000000000001ae1      0x19b Core/Src/sysmem.o
 .debug_abbrev  0x0000000000001c7c      0x134 Core/Src/system_stm32f1xx.o
 .debug_abbrev  0x0000000000001db0      0x1a4 Core/Src/tim.o
 .debug_abbrev  0x0000000000001f54      0x199 Core/Src/usart.o
 .debug_abbrev  0x00000000000020ed       0x12 Core/Startup/startup_stm32f103c8tx.o
 .debug_abbrev  0x00000000000020ff      0x1d8 Drivers/STM32F1xx_HAL_Driver/Src/stm32f1xx_hal.o
 .debug_abbrev  0x00000000000022d7      0x1d5 Drivers/STM32F1xx_HAL_Driver/Src/stm32f1xx_hal_adc.o
 .debug_abbrev  0x00000000000024ac      0x2d5 Drivers/STM32F1xx_HAL_Driver/Src/stm32f1xx_hal_cortex.o
 .debug_abbrev  0x0000000000002781      0x1c0 Drivers/STM32F1xx_HAL_Driver/Src/stm32f1xx_hal_gpio.o
 .debug_abbrev  0x0000000000002941      0x1f2 Drivers/STM32F1xx_HAL_Driver/Src/stm32f1xx_hal_pwr.o
 .debug_abbrev  0x0000000000002b33      0x243 Drivers/STM32F1xx_HAL_Driver/Src/stm32f1xx_hal_rcc.o
 .debug_abbrev  0x0000000000002d76      0x175 Drivers/STM32F1xx_HAL_Driver/Src/stm32f1xx_hal_rcc_ex.o
 .debug_abbrev  0x0000000000002eeb      0x20a Drivers/STM32F1xx_HAL_Driver/Src/stm32f1xx_hal_rtc.o
 .debug_abbrev  0x00000000000030f5      0x21d Drivers/STM32F1xx_HAL_Driver/Src/stm32f1xx_hal_rtc_ex.o
 .debug_abbrev  0x0000000000003312      0x240 Drivers/STM32F1xx_HAL_Driver/Src/stm32f1xx_hal_spi.o
 .debug_abbrev  0x0000000000003552      0x230 Drivers/STM32F1xx_HAL_Driver/Src/stm32f1xx_hal_tim.o
 .debug_abbrev  0x0000000000003782      0x21e Drivers/STM32F1xx_HAL_Driver/Src/stm32f1xx_hal_tim_ex.o
 .debug_abbrev  0x00000000000039a0      0x242 Drivers/STM32F1xx_HAL_Driver/Src/stm32f1xx_hal_uart.o

.debug_aranges  0x0000000000000000     0x1430
 .debug_aranges
                0x0000000000000000       0x30 Core/Src/74HC165_SPI_lfs.o
 .debug_aranges
                0x0000000000000030       0x28 Core/Src/74_HC595_SPI_lfs.o
 .debug_aranges
                0x0000000000000058       0x58 Core/Src/IOports_lfs.o
 .debug_aranges
                0x00000000000000b0       0xa0 Core/Src/ST7920_SERIAL.o
 .debug_aranges
                0x0000000000000150       0x30 Core/Src/adc.o
 .debug_aranges
                0x0000000000000180       0x30 Core/Src/delay.o
 .debug_aranges
                0x00000000000001b0       0x38 Core/Src/display_tablero.o
 .debug_aranges
                0x00000000000001e8       0x58 Core/Src/funciones_tablero.o
 .debug_aranges
                0x0000000000000240       0x20 Core/Src/gpio.o
 .debug_aranges
                0x0000000000000260       0x40 Core/Src/hora_tablero.o
 .debug_aranges
                0x00000000000002a0       0x28 Core/Src/leds_tablero.o
 .debug_aranges
                0x00000000000002c8       0x40 Core/Src/main.o
 .debug_aranges
                0x0000000000000308       0xb0 Core/Src/menu_tablero.o
 .debug_aranges
                0x00000000000003b8       0x30 Core/Src/rtc.o
 .debug_aranges
                0x00000000000003e8       0x30 Core/Src/spi.o
 .debug_aranges
                0x0000000000000418       0x20 Core/Src/stm32f1xx_hal_msp.o
 .debug_aranges
                0x0000000000000438       0x78 Core/Src/stm32f1xx_it.o
 .debug_aranges
                0x00000000000004b0       0x20 Core/Src/sysmem.o
 .debug_aranges
                0x00000000000004d0       0x28 Core/Src/system_stm32f1xx.o
 .debug_aranges
                0x00000000000004f8       0x38 Core/Src/tim.o
 .debug_aranges
                0x0000000000000530       0x30 Core/Src/usart.o
 .debug_aranges
                0x0000000000000560       0x28 Core/Startup/startup_stm32f103c8tx.o
 .debug_aranges
                0x0000000000000588       0xe0 Drivers/STM32F1xx_HAL_Driver/Src/stm32f1xx_hal.o
 .debug_aranges
                0x0000000000000668       0xf0 Drivers/STM32F1xx_HAL_Driver/Src/stm32f1xx_hal_adc.o
 .debug_aranges
                0x0000000000000758      0x100 Drivers/STM32F1xx_HAL_Driver/Src/stm32f1xx_hal_cortex.o
 .debug_aranges
                0x0000000000000858       0x58 Drivers/STM32F1xx_HAL_Driver/Src/stm32f1xx_hal_gpio.o
 .debug_aranges
                0x00000000000008b0       0xa8 Drivers/STM32F1xx_HAL_Driver/Src/stm32f1xx_hal_pwr.o
 .debug_aranges
                0x0000000000000958       0x90 Drivers/STM32F1xx_HAL_Driver/Src/stm32f1xx_hal_rcc.o
 .debug_aranges
                0x00000000000009e8       0x30 Drivers/STM32F1xx_HAL_Driver/Src/stm32f1xx_hal_rcc_ex.o
 .debug_aranges
                0x0000000000000a18       0xf8 Drivers/STM32F1xx_HAL_Driver/Src/stm32f1xx_hal_rtc.o
 .debug_aranges
                0x0000000000000b10       0x88 Drivers/STM32F1xx_HAL_Driver/Src/stm32f1xx_hal_rtc_ex.o
 .debug_aranges
                0x0000000000000b98      0x1d0 Drivers/STM32F1xx_HAL_Driver/Src/stm32f1xx_hal_spi.o
 .debug_aranges
                0x0000000000000d68      0x3a8 Drivers/STM32F1xx_HAL_Driver/Src/stm32f1xx_hal_tim.o
 .debug_aranges
                0x0000000000001110      0x150 Drivers/STM32F1xx_HAL_Driver/Src/stm32f1xx_hal_tim_ex.o
 .debug_aranges
                0x0000000000001260      0x1d0 Drivers/STM32F1xx_HAL_Driver/Src/stm32f1xx_hal_uart.o

.debug_ranges   0x0000000000000000     0x1220
 .debug_ranges  0x0000000000000000       0x20 Core/Src/74HC165_SPI_lfs.o
 .debug_ranges  0x0000000000000020       0x18 Core/Src/74_HC595_SPI_lfs.o
 .debug_ranges  0x0000000000000038       0x48 Core/Src/IOports_lfs.o
 .debug_ranges  0x0000000000000080       0xa8 Core/Src/ST7920_SERIAL.o
 .debug_ranges  0x0000000000000128       0x20 Core/Src/adc.o
 .debug_ranges  0x0000000000000148       0x20 Core/Src/delay.o
 .debug_ranges  0x0000000000000168       0x28 Core/Src/display_tablero.o
 .debug_ranges  0x0000000000000190       0x48 Core/Src/funciones_tablero.o
 .debug_ranges  0x00000000000001d8       0x10 Core/Src/gpio.o
 .debug_ranges  0x00000000000001e8       0x30 Core/Src/hora_tablero.o
 .debug_ranges  0x0000000000000218       0x18 Core/Src/leds_tablero.o
 .debug_ranges  0x0000000000000230       0x30 Core/Src/main.o
 .debug_ranges  0x0000000000000260       0xa0 Core/Src/menu_tablero.o
 .debug_ranges  0x0000000000000300       0x20 Core/Src/rtc.o
 .debug_ranges  0x0000000000000320       0x20 Core/Src/spi.o
 .debug_ranges  0x0000000000000340       0x10 Core/Src/stm32f1xx_hal_msp.o
 .debug_ranges  0x0000000000000350       0x68 Core/Src/stm32f1xx_it.o
 .debug_ranges  0x00000000000003b8       0x10 Core/Src/sysmem.o
 .debug_ranges  0x00000000000003c8       0x18 Core/Src/system_stm32f1xx.o
 .debug_ranges  0x00000000000003e0       0x28 Core/Src/tim.o
 .debug_ranges  0x0000000000000408       0x20 Core/Src/usart.o
 .debug_ranges  0x0000000000000428       0x20 Core/Startup/startup_stm32f103c8tx.o
 .debug_ranges  0x0000000000000448       0xd0 Drivers/STM32F1xx_HAL_Driver/Src/stm32f1xx_hal.o
 .debug_ranges  0x0000000000000518       0xe0 Drivers/STM32F1xx_HAL_Driver/Src/stm32f1xx_hal_adc.o
 .debug_ranges  0x00000000000005f8       0xf0 Drivers/STM32F1xx_HAL_Driver/Src/stm32f1xx_hal_cortex.o
 .debug_ranges  0x00000000000006e8       0x48 Drivers/STM32F1xx_HAL_Driver/Src/stm32f1xx_hal_gpio.o
 .debug_ranges  0x0000000000000730       0x98 Drivers/STM32F1xx_HAL_Driver/Src/stm32f1xx_hal_pwr.o
 .debug_ranges  0x00000000000007c8       0x80 Drivers/STM32F1xx_HAL_Driver/Src/stm32f1xx_hal_rcc.o
 .debug_ranges  0x0000000000000848       0x20 Drivers/STM32F1xx_HAL_Driver/Src/stm32f1xx_hal_rcc_ex.o
 .debug_ranges  0x0000000000000868       0xe8 Drivers/STM32F1xx_HAL_Driver/Src/stm32f1xx_hal_rtc.o
 .debug_ranges  0x0000000000000950       0x78 Drivers/STM32F1xx_HAL_Driver/Src/stm32f1xx_hal_rtc_ex.o
 .debug_ranges  0x00000000000009c8      0x1c0 Drivers/STM32F1xx_HAL_Driver/Src/stm32f1xx_hal_spi.o
 .debug_ranges  0x0000000000000b88      0x398 Drivers/STM32F1xx_HAL_Driver/Src/stm32f1xx_hal_tim.o
 .debug_ranges  0x0000000000000f20      0x140 Drivers/STM32F1xx_HAL_Driver/Src/stm32f1xx_hal_tim_ex.o
 .debug_ranges  0x0000000000001060      0x1c0 Drivers/STM32F1xx_HAL_Driver/Src/stm32f1xx_hal_uart.o

.debug_macro    0x0000000000000000    0x18582
 .debug_macro   0x0000000000000000      0x1e5 Core/Src/74HC165_SPI_lfs.o
 .debug_macro   0x00000000000001e5      0xa5a Core/Src/74HC165_SPI_lfs.o
 .debug_macro   0x0000000000000c3f      0x22d Core/Src/74HC165_SPI_lfs.o
 .debug_macro   0x0000000000000e6c       0x2e Core/Src/74HC165_SPI_lfs.o
 .debug_macro   0x0000000000000e9a       0x22 Core/Src/74HC165_SPI_lfs.o
 .debug_macro   0x0000000000000ebc       0x22 Core/Src/74HC165_SPI_lfs.o
 .debug_macro   0x0000000000000ede       0x8e Core/Src/74HC165_SPI_lfs.o
 .debug_macro   0x0000000000000f6c       0x51 Core/Src/74HC165_SPI_lfs.o
 .debug_macro   0x0000000000000fbd       0xef Core/Src/74HC165_SPI_lfs.o
 .debug_macro   0x00000000000010ac       0x6a Core/Src/74HC165_SPI_lfs.o
 .debug_macro   0x0000000000001116      0x1df Core/Src/74HC165_SPI_lfs.o
 .debug_macro   0x00000000000012f5       0x1c Core/Src/74HC165_SPI_lfs.o
 .debug_macro   0x0000000000001311       0x22 Core/Src/74HC165_SPI_lfs.o
 .debug_macro   0x0000000000001333       0xc3 Core/Src/74HC165_SPI_lfs.o
 .debug_macro   0x00000000000013f6      0xd23 Core/Src/74HC165_SPI_lfs.o
 .debug_macro   0x0000000000002119     0xe09e Core/Src/74HC165_SPI_lfs.o
 .debug_macro   0x00000000000101b7       0x43 Core/Src/74HC165_SPI_lfs.o
 .debug_macro   0x00000000000101fa      0x174 Core/Src/74HC165_SPI_lfs.o
 .debug_macro   0x000000000001036e       0x5a Core/Src/74HC165_SPI_lfs.o
 .debug_macro   0x00000000000103c8      0x5be Core/Src/74HC165_SPI_lfs.o
 .debug_macro   0x0000000000010986      0x289 Core/Src/74HC165_SPI_lfs.o
 .debug_macro   0x0000000000010c0f      0x1cb Core/Src/74HC165_SPI_lfs.o
 .debug_macro   0x0000000000010dda      0x114 Core/Src/74HC165_SPI_lfs.o
 .debug_macro   0x0000000000010eee      0x1b2 Core/Src/74HC165_SPI_lfs.o
 .debug_macro   0x00000000000110a0       0x27 Core/Src/74HC165_SPI_lfs.o
 .debug_macro   0x00000000000110c7      0x136 Core/Src/74HC165_SPI_lfs.o
 .debug_macro   0x00000000000111fd      0x1bc Core/Src/74HC165_SPI_lfs.o
 .debug_macro   0x00000000000113b9       0x34 Core/Src/74HC165_SPI_lfs.o
 .debug_macro   0x00000000000113ed       0x3c Core/Src/74HC165_SPI_lfs.o
 .debug_macro   0x0000000000011429       0x57 Core/Src/74HC165_SPI_lfs.o
 .debug_macro   0x0000000000011480      0x46a Core/Src/74HC165_SPI_lfs.o
 .debug_macro   0x00000000000118ea      0x1b5 Core/Src/74HC165_SPI_lfs.o
 .debug_macro   0x0000000000011a9f       0x88 Core/Src/74HC165_SPI_lfs.o
 .debug_macro   0x0000000000011b27      0x241 Core/Src/74HC165_SPI_lfs.o
 .debug_macro   0x0000000000011d68      0x141 Core/Src/74HC165_SPI_lfs.o
 .debug_macro   0x0000000000011ea9      0x1ef Core/Src/74HC165_SPI_lfs.o
 .debug_macro   0x0000000000012098       0xec Core/Src/74HC165_SPI_lfs.o
 .debug_macro   0x0000000000012184      0x217 Core/Src/74HC165_SPI_lfs.o
 .debug_macro   0x000000000001239b      0x88b Core/Src/74HC165_SPI_lfs.o
 .debug_macro   0x0000000000012c26      0x26b Core/Src/74HC165_SPI_lfs.o
 .debug_macro   0x0000000000012e91       0x83 Core/Src/74HC165_SPI_lfs.o
 .debug_macro   0x0000000000012f14       0xa0 Core/Src/74HC165_SPI_lfs.o
 .debug_macro   0x0000000000012fb4      0x1e5 Core/Src/74_HC595_SPI_lfs.o
 .debug_macro   0x0000000000013199      0x1ff Core/Src/IOports_lfs.o
 .debug_macro   0x0000000000013398      0x217 Core/Src/ST7920_SERIAL.o
 .debug_macro   0x00000000000135af      0x1e5 Core/Src/adc.o
 .debug_macro   0x0000000000013794      0x1d6 Core/Src/delay.o
 .debug_macro   0x000000000001396a      0x1d6 Core/Src/display_tablero.o
 .debug_macro   0x0000000000013b40       0x40 Core/Src/display_tablero.o
 .debug_macro   0x0000000000013b80       0x18 Core/Src/display_tablero.o
 .debug_macro   0x0000000000013b98       0x94 Core/Src/display_tablero.o
 .debug_macro   0x0000000000013c2c       0x3c Core/Src/display_tablero.o
 .debug_macro   0x0000000000013c68       0x34 Core/Src/display_tablero.o
 .debug_macro   0x0000000000013c9c       0x16 Core/Src/display_tablero.o
 .debug_macro   0x0000000000013cb2       0x57 Core/Src/display_tablero.o
 .debug_macro   0x0000000000013d09       0x97 Core/Src/display_tablero.o
 .debug_macro   0x0000000000013da0      0x330 Core/Src/display_tablero.o
 .debug_macro   0x00000000000140d0       0xfd Core/Src/display_tablero.o
 .debug_macro   0x00000000000141cd       0x10 Core/Src/display_tablero.o
 .debug_macro   0x00000000000141dd       0x52 Core/Src/display_tablero.o
 .debug_macro   0x000000000001422f       0x1f Core/Src/display_tablero.o
 .debug_macro   0x000000000001424e       0x43 Core/Src/display_tablero.o
 .debug_macro   0x0000000000014291       0x20 Core/Src/display_tablero.o
 .debug_macro   0x00000000000142b1      0x1a3 Core/Src/display_tablero.o
 .debug_macro   0x0000000000014454       0x10 Core/Src/display_tablero.o
 .debug_macro   0x0000000000014464       0x1c Core/Src/display_tablero.o
 .debug_macro   0x0000000000014480       0x52 Core/Src/display_tablero.o
 .debug_macro   0x00000000000144d2       0x40 Core/Src/display_tablero.o
 .debug_macro   0x0000000000014512       0x10 Core/Src/display_tablero.o
 .debug_macro   0x0000000000014522       0x40 Core/Src/display_tablero.o
 .debug_macro   0x0000000000014562       0xd7 Core/Src/display_tablero.o
 .debug_macro   0x0000000000014639       0x1c Core/Src/display_tablero.o
 .debug_macro   0x0000000000014655       0x3d Core/Src/display_tablero.o
 .debug_macro   0x0000000000014692       0x16 Core/Src/display_tablero.o
 .debug_macro   0x00000000000146a8      0x145 Core/Src/display_tablero.o
 .debug_macro   0x00000000000147ed      0x37b Core/Src/funciones_tablero.o
 .debug_macro   0x0000000000014b68       0x46 Core/Src/funciones_tablero.o
 .debug_macro   0x0000000000014bae       0x35 Core/Src/funciones_tablero.o
 .debug_macro   0x0000000000014be3      0x32a Core/Src/funciones_tablero.o
 .debug_macro   0x0000000000014f0d      0x1e5 Core/Src/gpio.o
 .debug_macro   0x00000000000150f2      0x1ef Core/Src/hora_tablero.o
 .debug_macro   0x00000000000152e1      0x1ef Core/Src/leds_tablero.o
 .debug_macro   0x00000000000154d0      0x3c9 Core/Src/main.o
 .debug_macro   0x0000000000015899      0x361 Core/Src/menu_tablero.o
 .debug_macro   0x0000000000015bfa       0xa6 Core/Src/menu_tablero.o
 .debug_macro   0x0000000000015ca0      0x1e5 Core/Src/rtc.o
 .debug_macro   0x0000000000015e85      0x1e5 Core/Src/spi.o
 .debug_macro   0x000000000001606a      0x1db Core/Src/stm32f1xx_hal_msp.o
 .debug_macro   0x0000000000016245      0x1e5 Core/Src/stm32f1xx_it.o
 .debug_macro   0x000000000001642a       0xee Core/Src/sysmem.o
 .debug_macro   0x0000000000016518      0x23b Core/Src/sysmem.o
 .debug_macro   0x0000000000016753      0x1d2 Core/Src/system_stm32f1xx.o
 .debug_macro   0x0000000000016925      0x1e5 Core/Src/tim.o
 .debug_macro   0x0000000000016b0a      0x1e5 Core/Src/usart.o
 .debug_macro   0x0000000000016cef      0x1f0 Drivers/STM32F1xx_HAL_Driver/Src/stm32f1xx_hal.o
 .debug_macro   0x0000000000016edf      0x1e9 Drivers/STM32F1xx_HAL_Driver/Src/stm32f1xx_hal_adc.o
 .debug_macro   0x00000000000170c8      0x1cc Drivers/STM32F1xx_HAL_Driver/Src/stm32f1xx_hal_cortex.o
 .debug_macro   0x0000000000017294      0x237 Drivers/STM32F1xx_HAL_Driver/Src/stm32f1xx_hal_gpio.o
 .debug_macro   0x00000000000174cb      0x22c Drivers/STM32F1xx_HAL_Driver/Src/stm32f1xx_hal_pwr.o
 .debug_macro   0x00000000000176f7      0x1de Drivers/STM32F1xx_HAL_Driver/Src/stm32f1xx_hal_rcc.o
 .debug_macro   0x00000000000178d5      0x1cc Drivers/STM32F1xx_HAL_Driver/Src/stm32f1xx_hal_rcc_ex.o
 .debug_macro   0x0000000000017aa1      0x1db Drivers/STM32F1xx_HAL_Driver/Src/stm32f1xx_hal_rtc.o
 .debug_macro   0x0000000000017c7c      0x1cc Drivers/STM32F1xx_HAL_Driver/Src/stm32f1xx_hal_rtc_ex.o
 .debug_macro   0x0000000000017e48      0x1d4 Drivers/STM32F1xx_HAL_Driver/Src/stm32f1xx_hal_spi.o
 .debug_macro   0x000000000001801c      0x1cd Drivers/STM32F1xx_HAL_Driver/Src/stm32f1xx_hal_tim.o
 .debug_macro   0x00000000000181e9      0x1cc Drivers/STM32F1xx_HAL_Driver/Src/stm32f1xx_hal_tim_ex.o
 .debug_macro   0x00000000000183b5      0x1cd Drivers/STM32F1xx_HAL_Driver/Src/stm32f1xx_hal_uart.o

.debug_line     0x0000000000000000    0x12fe6
 .debug_line    0x0000000000000000      0x6ce Core/Src/74HC165_SPI_lfs.o
 .debug_line    0x00000000000006ce      0x6b4 Core/Src/74_HC595_SPI_lfs.o
 .debug_line    0x0000000000000d82      0x793 Core/Src/IOports_lfs.o
 .debug_line    0x0000000000001515      0x9d8 Core/Src/ST7920_SERIAL.o
 .debug_line    0x0000000000001eed      0x6bd Core/Src/adc.o
 .debug_line    0x00000000000025aa      0x6a8 Core/Src/delay.o
 .debug_line    0x0000000000002c52      0x5e4 Core/Src/display_tablero.o
 .debug_line    0x0000000000003236      0xa97 Core/Src/funciones_tablero.o
 .debug_line    0x0000000000003ccd      0x69a Core/Src/gpio.o
 .debug_line    0x0000000000004367      0x6e3 Core/Src/hora_tablero.o
 .debug_line    0x0000000000004a4a      0x6e1 Core/Src/leds_tablero.o
 .debug_line    0x000000000000512b      0x9a4 Core/Src/main.o
 .debug_line    0x0000000000005acf      0xaeb Core/Src/menu_tablero.o
 .debug_line    0x00000000000065ba      0x6cc Core/Src/rtc.o
 .debug_line    0x0000000000006c86      0x6c1 Core/Src/spi.o
 .debug_line    0x0000000000007347      0x68c Core/Src/stm32f1xx_hal_msp.o
 .debug_line    0x00000000000079d3      0x765 Core/Src/stm32f1xx_it.o
 .debug_line    0x0000000000008138      0x49a Core/Src/sysmem.o
 .debug_line    0x00000000000085d2      0x6bc Core/Src/system_stm32f1xx.o
 .debug_line    0x0000000000008c8e      0x6ec Core/Src/tim.o
 .debug_line    0x000000000000937a      0x6c2 Core/Src/usart.o
 .debug_line    0x0000000000009a3c       0x84 Core/Startup/startup_stm32f103c8tx.o
 .debug_line    0x0000000000009ac0      0x864 Drivers/STM32F1xx_HAL_Driver/Src/stm32f1xx_hal.o
 .debug_line    0x000000000000a324      0xbb6 Drivers/STM32F1xx_HAL_Driver/Src/stm32f1xx_hal_adc.o
 .debug_line    0x000000000000aeda      0x93d Drivers/STM32F1xx_HAL_Driver/Src/stm32f1xx_hal_cortex.o
 .debug_line    0x000000000000b817      0x864 Drivers/STM32F1xx_HAL_Driver/Src/stm32f1xx_hal_gpio.o
 .debug_line    0x000000000000c07b      0x809 Drivers/STM32F1xx_HAL_Driver/Src/stm32f1xx_hal_pwr.o
 .debug_line    0x000000000000c884      0x926 Drivers/STM32F1xx_HAL_Driver/Src/stm32f1xx_hal_rcc.o
 .debug_line    0x000000000000d1aa      0x744 Drivers/STM32F1xx_HAL_Driver/Src/stm32f1xx_hal_rcc_ex.o
 .debug_line    0x000000000000d8ee      0xb11 Drivers/STM32F1xx_HAL_Driver/Src/stm32f1xx_hal_rtc.o
 .debug_line    0x000000000000e3ff      0x8a5 Drivers/STM32F1xx_HAL_Driver/Src/stm32f1xx_hal_rtc_ex.o
 .debug_line    0x000000000000eca4     0x1032 Drivers/STM32F1xx_HAL_Driver/Src/stm32f1xx_hal_spi.o
 .debug_line    0x000000000000fcd6     0x172a Drivers/STM32F1xx_HAL_Driver/Src/stm32f1xx_hal_tim.o
 .debug_line    0x0000000000011400      0xc77 Drivers/STM32F1xx_HAL_Driver/Src/stm32f1xx_hal_tim_ex.o