Archive member included to satisfy reference by file (symbol)

c:/st/stm32cubeide_1.4.0/stm32cubeide/plugins/com.st.stm32cube.ide.mcu.externaltools.gnu-tools-for-stm32.7-2018-q2-update.win32_1.4.0.202007081208/tools/bin/../lib/gcc/arm-none-eabi/7.3.1/../../../../arm-none-eabi/lib/thumb/v7-m\libc_nano.a(lib_a-errno.o)
                              Core/Src/syscalls.o (__errno)
c:/st/stm32cubeide_1.4.0/stm32cubeide/plugins/com.st.stm32cube.ide.mcu.externaltools.gnu-tools-for-stm32.7-2018-q2-update.win32_1.4.0.202007081208/tools/bin/../lib/gcc/arm-none-eabi/7.3.1/../../../../arm-none-eabi/lib/thumb/v7-m\libc_nano.a(lib_a-exit.o)
                              c:/st/stm32cubeide_1.4.0/stm32cubeide/plugins/com.st.stm32cube.ide.mcu.externaltools.gnu-tools-for-stm32.7-2018-q2-update.win32_1.4.0.202007081208/tools/bin/../lib/gcc/arm-none-eabi/7.3.1/../../../../arm-none-eabi/lib/thumb/v7-m/crt0.o (exit)
c:/st/stm32cubeide_1.4.0/stm32cubeide/plugins/com.st.stm32cube.ide.mcu.externaltools.gnu-tools-for-stm32.7-2018-q2-update.win32_1.4.0.202007081208/tools/bin/../lib/gcc/arm-none-eabi/7.3.1/../../../../arm-none-eabi/lib/thumb/v7-m\libc_nano.a(lib_a-impure.o)
                              c:/st/stm32cubeide_1.4.0/stm32cubeide/plugins/com.st.stm32cube.ide.mcu.externaltools.gnu-tools-for-stm32.7-2018-q2-update.win32_1.4.0.202007081208/tools/bin/../lib/gcc/arm-none-eabi/7.3.1/../../../../arm-none-eabi/lib/thumb/v7-m\libc_nano.a(lib_a-exit.o) (_global_impure_ptr)
c:/st/stm32cubeide_1.4.0/stm32cubeide/plugins/com.st.stm32cube.ide.mcu.externaltools.gnu-tools-for-stm32.7-2018-q2-update.win32_1.4.0.202007081208/tools/bin/../lib/gcc/arm-none-eabi/7.3.1/../../../../arm-none-eabi/lib/thumb/v7-m\libc_nano.a(lib_a-init.o)
                              c:/st/stm32cubeide_1.4.0/stm32cubeide/plugins/com.st.stm32cube.ide.mcu.externaltools.gnu-tools-for-stm32.7-2018-q2-update.win32_1.4.0.202007081208/tools/bin/../lib/gcc/arm-none-eabi/7.3.1/../../../../arm-none-eabi/lib/thumb/v7-m/crt0.o (__libc_init_array)
c:/st/stm32cubeide_1.4.0/stm32cubeide/plugins/com.st.stm32cube.ide.mcu.externaltools.gnu-tools-for-stm32.7-2018-q2-update.win32_1.4.0.202007081208/tools/bin/../lib/gcc/arm-none-eabi/7.3.1/../../../../arm-none-eabi/lib/thumb/v7-m\libc_nano.a(lib_a-memset.o)
                              c:/st/stm32cubeide_1.4.0/stm32cubeide/plugins/com.st.stm32cube.ide.mcu.externaltools.gnu-tools-for-stm32.7-2018-q2-update.win32_1.4.0.202007081208/tools/bin/../lib/gcc/arm-none-eabi/7.3.1/../../../../arm-none-eabi/lib/thumb/v7-m/crt0.o (memset)

Allocating common symbols
Common symbol       size              file

startCol            0x1               Core/Src/ST7920_SERIAL.o
pinST               0x2               Core/Src/74_HC595_SPI_lfs.o
write_output        0x2               Core/Src/IOports_lfs.o
menuActual          0x4               Core/Src/menu_tablero.o
hspi2               0x58              Core/Src/spi.o
read_teclado        0x4               Core/Src/IOports_lfs.o
hora                0x3               Core/Src/main.o
spi_handler         0x4               Core/Src/74HC165_SPI_lfs.o
read_input          0x4               Core/Src/IOports_lfs.o
menuAux             0x4               Core/Src/menu_tablero.o
image               0x400             Core/Src/ST7920_SERIAL.o
pinPL               0x2               Core/Src/74HC165_SPI_lfs.o
uwTick              0x4               Drivers/STM32F1xx_HAL_Driver/Src/stm32f1xx_hal.o
portCE2             0x4               Core/Src/74HC165_SPI_lfs.o
pFlash              0x20              Drivers/STM32F1xx_HAL_Driver/Src/stm32f1xx_hal_flash.o
portPL              0x4               Core/Src/74HC165_SPI_lfs.o
pinCE1              0x2               Core/Src/74HC165_SPI_lfs.o
htim3               0x40              Core/Src/tim.o
fall_input          0x4               Core/Src/IOports_lfs.o
portCE1             0x4               Core/Src/74HC165_SPI_lfs.o
hadc1               0x30              Core/Src/adc.o
startRow            0x1               Core/Src/ST7920_SERIAL.o
endCol              0x1               Core/Src/ST7920_SERIAL.o
huart1              0x40              Core/Src/usart.o
pinCE2              0x2               Core/Src/74HC165_SPI_lfs.o
rise_input          0x4               Core/Src/IOports_lfs.o
hrtc                0x14              Core/Src/rtc.o
status_teclas       0x16              Core/Src/IOports_lfs.o
last_input          0x4               Core/Src/IOports_lfs.o
htim2               0x40              Core/Src/tim.o
portST              0x4               Core/Src/74_HC595_SPI_lfs.o
read_teclas         0x1               Core/Src/IOports_lfs.o
endRow              0x1               Core/Src/ST7920_SERIAL.o

Discarded input sections

 .text          0x0000000000000000        0x0 c:/st/stm32cubeide_1.4.0/stm32cubeide/plugins/com.st.stm32cube.ide.mcu.externaltools.gnu-tools-for-stm32.7-2018-q2-update.win32_1.4.0.202007081208/tools/bin/../lib/gcc/arm-none-eabi/7.3.1/thumb/v7-m/crti.o
[...]
Memory Configuration

Name             Origin             Length             Attributes
RAM              0x0000000020000000 0x0000000000005000 xrw
FLASH            0x0000000008000000 0x0000000000010000 xr
*default*        0x0000000000000000 0xffffffffffffffff

Linker script and memory map

LOAD c:/st/stm32cubeide_1.4.0/stm32cubeide/plugins/com.st.stm32cube.ide.mcu.externaltools.gnu-tools-for-stm32.7-2018-q2-update.win32_1.4.0.202007081208/tools/bin/../lib/gcc/arm-none-eabi/7.3.1/thumb/v7-m/crti.o
LOAD c:/st/stm32cubeide_1.4.0/stm32cubeide/plugins/com.st.stm32cube.ide.mcu.externaltools.gnu-tools-for-stm32.7-2018-q2-update.win32_1.4.0.202007081208/tools/bin/../lib/gcc/arm-none-eabi/7.3.1/thumb/v7-m/crtbegin.o
LOAD c:/st/stm32cubeide_1.4.0/stm32cubeide/plugins/com.st.stm32cube.ide.mcu.externaltools.gnu-tools-for-stm32.7-2018-q2-update.win32_1.4.0.202007081208/tools/bin/../lib/gcc/arm-none-eabi/7.3.1/../../../../arm-none-eabi/lib/thumb/v7-m/crt0.o
LOAD Core/Src/74HC165_SPI_lfs.o
LOAD Core/Src/74_HC595_SPI_lfs.o
LOAD Core/Src/IOports_lfs.o
LOAD Core/Src/ST7920_SERIAL.o
LOAD Core/Src/adc.o
LOAD Core/Src/delay.o
LOAD Core/Src/display_tablero.o
LOAD Core/Src/gpio.o
LOAD Core/Src/leds_tablero.o
LOAD Core/Src/main.o
LOAD Core/Src/menu_tablero.o
LOAD Core/Src/rtc.o
LOAD Core/Src/spi.o
LOAD Core/Src/stm32f1xx_hal_msp.o
LOAD Core/Src/stm32f1xx_it.o
LOAD Core/Src/syscalls.o
LOAD Core/Src/sysmem.o
LOAD Core/Src/system_stm32f1xx.o
LOAD Core/Src/tim.o
LOAD Core/Src/usart.o
LOAD Core/Startup/startup_stm32f103c8tx.o
LOAD Drivers/STM32F1xx_HAL_Driver/Src/stm32f1xx_hal.o
LOAD Drivers/STM32F1xx_HAL_Driver/Src/stm32f1xx_hal_adc.o
LOAD Drivers/STM32F1xx_HAL_Driver/Src/stm32f1xx_hal_adc_ex.o
LOAD Drivers/STM32F1xx_HAL_Driver/Src/stm32f1xx_hal_cortex.o
LOAD Drivers/STM32F1xx_HAL_Driver/Src/stm32f1xx_hal_dma.o
LOAD Drivers/STM32F1xx_HAL_Driver/Src/stm32f1xx_hal_exti.o
LOAD Drivers/STM32F1xx_HAL_Driver/Src/stm32f1xx_hal_flash.o
LOAD Drivers/STM32F1xx_HAL_Driver/Src/stm32f1xx_hal_flash_ex.o
LOAD Drivers/STM32F1xx_HAL_Driver/Src/stm32f1xx_hal_gpio.o
LOAD Drivers/STM32F1xx_HAL_Driver/Src/stm32f1xx_hal_gpio_ex.o
LOAD Drivers/STM32F1xx_HAL_Driver/Src/stm32f1xx_hal_pwr.o
LOAD Drivers/STM32F1xx_HAL_Driver/Src/stm32f1xx_hal_rcc.o
LOAD Drivers/STM32F1xx_HAL_Driver/Src/stm32f1xx_hal_rcc_ex.o
LOAD Drivers/STM32F1xx_HAL_Driver/Src/stm32f1xx_hal_rtc.o
LOAD Drivers/STM32F1xx_HAL_Driver/Src/stm32f1xx_hal_rtc_ex.o
LOAD Drivers/STM32F1xx_HAL_Driver/Src/stm32f1xx_hal_spi.o
LOAD Drivers/STM32F1xx_HAL_Driver/Src/stm32f1xx_hal_tim.o
LOAD Drivers/STM32F1xx_HAL_Driver/Src/stm32f1xx_hal_tim_ex.o
LOAD Drivers/STM32F1xx_HAL_Driver/Src/stm32f1xx_hal_uart.o
START GROUP
LOAD c:/st/stm32cubeide_1.4.0/stm32cubeide/plugins/com.st.stm32cube.ide.mcu.externaltools.gnu-tools-for-stm32.7-2018-q2-update.win32_1.4.0.202007081208/tools/bin/../lib/gcc/arm-none-eabi/7.3.1/../../../../arm-none-eabi/lib/thumb/v7-m\libc_nano.a
LOAD c:/st/stm32cubeide_1.4.0/stm32cubeide/plugins/com.st.stm32cube.ide.mcu.externaltools.gnu-tools-for-stm32.7-2018-q2-update.win32_1.4.0.202007081208/tools/bin/../lib/gcc/arm-none-eabi/7.3.1/../../../../arm-none-eabi/lib/thumb/v7-m\libm.a
END GROUP
START GROUP
LOAD c:/st/stm32cubeide_1.4.0/stm32cubeide/plugins/com.st.stm32cube.ide.mcu.externaltools.gnu-tools-for-stm32.7-2018-q2-update.win32_1.4.0.202007081208/tools/bin/../lib/gcc/arm-none-eabi/7.3.1/thumb/v7-m\libgcc.a
LOAD c:/st/stm32cubeide_1.4.0/stm32cubeide/plugins/com.st.stm32cube.ide.mcu.externaltools.gnu-tools-for-stm32.7-2018-q2-update.win32_1.4.0.202007081208/tools/bin/../lib/gcc/arm-none-eabi/7.3.1/../../../../arm-none-eabi/lib/thumb/v7-m\libc_nano.a
END GROUP
START GROUP
LOAD c:/st/stm32cubeide_1.4.0/stm32cubeide/plugins/com.st.stm32cube.ide.mcu.externaltools.gnu-tools-for-stm32.7-2018-q2-update.win32_1.4.0.202007081208/tools/bin/../lib/gcc/arm-none-eabi/7.3.1/thumb/v7-m\libgcc.a
LOAD c:/st/stm32cubeide_1.4.0/stm32cubeide/plugins/com.st.stm32cube.ide.mcu.externaltools.gnu-tools-for-stm32.7-2018-q2-update.win32_1.4.0.202007081208/tools/bin/../lib/gcc/arm-none-eabi/7.3.1/../../../../arm-none-eabi/lib/thumb/v7-m\libc_nano.a
LOAD c:/st/stm32cubeide_1.4.0/stm32cubeide/plugins/com.st.stm32cube.ide.mcu.externaltools.gnu-tools-for-stm32.7-2018-q2-update.win32_1.4.0.202007081208/tools/bin/../lib/gcc/arm-none-eabi/7.3.1/../../../../arm-none-eabi/lib/thumb/v7-m\libnosys.a
END GROUP
START GROUP
LOAD c:/st/stm32cubeide_1.4.0/stm32cubeide/plugins/com.st.stm32cube.ide.mcu.externaltools.gnu-tools-for-stm32.7-2018-q2-update.win32_1.4.0.202007081208/tools/bin/../lib/gcc/arm-none-eabi/7.3.1/thumb/v7-m\libgcc.a
LOAD c:/st/stm32cubeide_1.4.0/stm32cubeide/plugins/com.st.stm32cube.ide.mcu.externaltools.gnu-tools-for-stm32.7-2018-q2-update.win32_1.4.0.202007081208/tools/bin/../lib/gcc/arm-none-eabi/7.3.1/../../../../arm-none-eabi/lib/thumb/v7-m\libc_nano.a
LOAD c:/st/stm32cubeide_1.4.0/stm32cubeide/plugins/com.st.stm32cube.ide.mcu.externaltools.gnu-tools-for-stm32.7-2018-q2-update.win32_1.4.0.202007081208/tools/bin/../lib/gcc/arm-none-eabi/7.3.1/../../../../arm-none-eabi/lib/thumb/v7-m\libnosys.a
END GROUP
LOAD c:/st/stm32cubeide_1.4.0/stm32cubeide/plugins/com.st.stm32cube.ide.mcu.externaltools.gnu-tools-for-stm32.7-2018-q2-update.win32_1.4.0.202007081208/tools/bin/../lib/gcc/arm-none-eabi/7.3.1/thumb/v7-m/crtend.o
LOAD c:/st/stm32cubeide_1.4.0/stm32cubeide/plugins/com.st.stm32cube.ide.mcu.externaltools.gnu-tools-for-stm32.7-2018-q2-update.win32_1.4.0.202007081208/tools/bin/../lib/gcc/arm-none-eabi/7.3.1/thumb/v7-m/crtn.o
                0x0000000020005000                _estack = (ORIGIN (RAM) + LENGTH (RAM))
                0x0000000000000200                _Min_Heap_Size = 0x200
                0x0000000000000400                _Min_Stack_Size = 0x400

.isr_vector     0x0000000008000000      0x10c
                0x0000000008000000                . = ALIGN (0x4)
 *(.isr_vector)
 .isr_vector    0x0000000008000000      0x10c Core/Startup/startup_stm32f103c8tx.o
                0x0000000008000000                g_pfnVectors
                0x000000000800010c                . = ALIGN (0x4)

.text           0x000000000800010c     0x4f2c
                0x000000000800010c                . = ALIGN (0x4)
 *(.text)
 .text          0x000000000800010c       0x40 c:/st/stm32cubeide_1.4.0/stm32cubeide/plugins/com.st.stm32cube.ide.mcu.externaltools.gnu-tools-for-stm32.7-2018-q2-update.win32_1.4.0.202007081208/tools/bin/../lib/gcc/arm-none-eabi/7.3.1/thumb/v7-m/crtbegin.o
 *(.text*)
 .text.spi_74HC165_init
                0x000000000800014c       0x60 Core/Src/74HC165_SPI_lfs.o
                0x000000000800014c                spi_74HC165_init
 .text.spi_74HC165_receiveBotones
                0x00000000080001ac       0x78 Core/Src/74HC165_SPI_lfs.o
                0x00000000080001ac                spi_74HC165_receiveBotones
 .text.spi_74HC165_receiveTeclado
                0x0000000008000224       0x78 Core/Src/74HC165_SPI_lfs.o
                0x0000000008000224                spi_74HC165_receiveTeclado
 .text.spi_74HC595_init
                0x000000000800029c       0x44 Core/Src/74_HC595_SPI_lfs.o
                0x000000000800029c                spi_74HC595_init
 .text.spi_74HC595_Transmit
                0x00000000080002e0       0x50 Core/Src/74_HC595_SPI_lfs.o
                0x00000000080002e0                spi_74HC595_Transmit
 .text.turnONFila
                0x0000000008000330       0xe8 Core/Src/IOports_lfs.o
                0x0000000008000330                turnONFila
 .text.lecturaTeclas
                0x0000000008000418       0x84 Core/Src/IOports_lfs.o
                0x0000000008000418                lecturaTeclas
 .text.update_teclas
                0x000000000800049c       0x3c Core/Src/IOports_lfs.o
                0x000000000800049c                update_teclas
 .text.getStatBoton
                0x00000000080004d8       0x80 Core/Src/IOports_lfs.o
                0x00000000080004d8                getStatBoton
 .text.setOutput
                0x0000000008000558       0x58 Core/Src/IOports_lfs.o
                0x0000000008000558                setOutput
 .text.toggleOutput
                0x00000000080005b0       0x30 Core/Src/IOports_lfs.o
                0x00000000080005b0                toggleOutput
 .text.update_outputs
                0x00000000080005e0       0x14 Core/Src/IOports_lfs.o
                0x00000000080005e0                update_outputs
 .text.SendByteSPI
                0x00000000080005f4       0x64 Core/Src/ST7920_SERIAL.o
                0x00000000080005f4                SendByteSPI
 .text.ST7920_SendCmd
                0x0000000008000658       0x50 Core/Src/ST7920_SERIAL.o
                0x0000000008000658                ST7920_SendCmd
 .text.ST7920_SendData
                0x00000000080006a8       0x50 Core/Src/ST7920_SERIAL.o
                0x00000000080006a8                ST7920_SendData
 .text.ST7920_SendString
                0x00000000080006f8       0x84 Core/Src/ST7920_SERIAL.o
                0x00000000080006f8                ST7920_SendString
 .text.ST7920_DrawBitmap
                0x000000000800077c       0xf2 Core/Src/ST7920_SERIAL.o
                0x000000000800077c                ST7920_DrawBitmap
 *fill*         0x000000000800086e        0x2 
 .text.ST7920_Update
                0x0000000008000870       0x14 Core/Src/ST7920_SERIAL.o
                0x0000000008000870                ST7920_Update
 .text.MX_ADC1_Init
                0x0000000008000884       0x7c Core/Src/adc.o
                0x0000000008000884                MX_ADC1_Init
 .text.HAL_ADC_MspInit
                0x0000000008000900       0x78 Core/Src/adc.o
                0x0000000008000900                HAL_ADC_MspInit
 .text.delay_us
                0x0000000008000978       0x30 Core/Src/delay.o
                0x0000000008000978                delay_us
 .text.set_pantalla
                0x00000000080009a8       0x24 Core/Src/display_tablero.o
                0x00000000080009a8                set_pantalla
 .text.pantallaUpdate
                0x00000000080009cc       0x20 Core/Src/display_tablero.o
                0x00000000080009cc                pantallaUpdate
 .text.MX_GPIO_Init
                0x00000000080009ec       0xf4 Core/Src/gpio.o
                0x00000000080009ec                MX_GPIO_Init
 .text.update_leds
                0x0000000008000ae0       0xd8 Core/Src/leds_tablero.o
                0x0000000008000ae0                update_leds
 .text.main     0x0000000008000bb8      0x10c Core/Src/main.o
                0x0000000008000bb8                main
 .text.SystemClock_Config
                0x0000000008000cc4       0xc0 Core/Src/main.o
                0x0000000008000cc4                SystemClock_Config
 .text.HAL_TIM_PeriodElapsedCallback
                0x0000000008000d84       0x28 Core/Src/main.o
                0x0000000008000d84                HAL_TIM_PeriodElapsedCallback
 .text.HAL_RTC_AlarmAEventCallback
                0x0000000008000dac       0x14 Core/Src/main.o
                0x0000000008000dac                HAL_RTC_AlarmAEventCallback
 .text.Error_Handler
                0x0000000008000dc0        0xc Core/Src/main.o
                0x0000000008000dc0                Error_Handler
 .text.start_menu
                0x0000000008000dcc       0x1c Core/Src/menu_tablero.o
                0x0000000008000dcc                start_menu
 .text.check_menu
                0x0000000008000de8       0x14 Core/Src/menu_tablero.o
                0x0000000008000de8                check_menu
 .text.init_menuPrincipal
                0x0000000008000dfc       0x14 Core/Src/menu_tablero.o
                0x0000000008000dfc                init_menuPrincipal
 .text.init_llenado
                0x0000000008000e10       0x2c Core/Src/menu_tablero.o
                0x0000000008000e10                init_llenado
 .text.init_skimmer
                0x0000000008000e3c       0x14 Core/Src/menu_tablero.o
                0x0000000008000e3c                init_skimmer
 .text.init_hidro
                0x0000000008000e50       0x14 Core/Src/menu_tablero.o
                0x0000000008000e50                init_hidro
 .text.init_lucesExt
                0x0000000008000e64       0x14 Core/Src/menu_tablero.o
                0x0000000008000e64                init_lucesExt
 .text.init_lucesLed
                0x0000000008000e78        0xc Core/Src/menu_tablero.o
                0x0000000008000e78                init_lucesLed
 .text.init_config
                0x0000000008000e84        0xc Core/Src/menu_tablero.o
                0x0000000008000e84                init_config
 .text.acc_menuPrincipal
                0x0000000008000e90       0x60 Core/Src/menu_tablero.o
                0x0000000008000e90                acc_menuPrincipal
 .text.acc_llenado
                0x0000000008000ef0      0x150 Core/Src/menu_tablero.o
                0x0000000008000ef0                acc_llenado
 .text.acc_skimmer
                0x0000000008001040      0x1d8 Core/Src/menu_tablero.o
                0x0000000008001040                acc_skimmer
 .text.acc_hidro
                0x0000000008001218       0x54 Core/Src/menu_tablero.o
                0x0000000008001218                acc_hidro
 .text.acc_lucesExt
                0x000000000800126c       0x54 Core/Src/menu_tablero.o
                0x000000000800126c                acc_lucesExt
 .text.acc_lucesLed
                0x00000000080012c0        0xc Core/Src/menu_tablero.o
                0x00000000080012c0                acc_lucesLed
 .text.acc_config
                0x00000000080012cc        0xc Core/Src/menu_tablero.o
                0x00000000080012cc                acc_config
 .text.MX_RTC_Init
                0x00000000080012d8       0xc8 Core/Src/rtc.o
                0x00000000080012d8                MX_RTC_Init
 .text.HAL_RTC_MspInit
                0x00000000080013a0       0x68 Core/Src/rtc.o
                0x00000000080013a0                HAL_RTC_MspInit
 .text.MX_SPI2_Init
                0x0000000008001408       0x6c Core/Src/spi.o
                0x0000000008001408                MX_SPI2_Init
 .text.HAL_SPI_MspInit
                0x0000000008001474       0x98 Core/Src/spi.o
                0x0000000008001474                HAL_SPI_MspInit
 .text.HAL_MspInit
                0x000000000800150c       0x64 Core/Src/stm32f1xx_hal_msp.o
                0x000000000800150c                HAL_MspInit
 .text.NMI_Handler
                0x0000000008001570        0xc Core/Src/stm32f1xx_it.o
                0x0000000008001570                NMI_Handler
 .text.HardFault_Handler
                0x000000000800157c        0x6 Core/Src/stm32f1xx_it.o
                0x000000000800157c                HardFault_Handler
 .text.MemManage_Handler
                0x0000000008001582        0x6 Core/Src/stm32f1xx_it.o
                0x0000000008001582                MemManage_Handler
 .text.BusFault_Handler
                0x0000000008001588        0x6 Core/Src/stm32f1xx_it.o
                0x0000000008001588                BusFault_Handler
 .text.UsageFault_Handler
                0x000000000800158e        0x6 Core/Src/stm32f1xx_it.o
                0x000000000800158e                UsageFault_Handler
 .text.SVC_Handler
                0x0000000008001594        0xc Core/Src/stm32f1xx_it.o
                0x0000000008001594                SVC_Handler
 .text.DebugMon_Handler
                0x00000000080015a0        0xc Core/Src/stm32f1xx_it.o
                0x00000000080015a0                DebugMon_Handler
 .text.PendSV_Handler
                0x00000000080015ac        0xc Core/Src/stm32f1xx_it.o
                0x00000000080015ac                PendSV_Handler
 .text.SysTick_Handler
                0x00000000080015b8        0xc Core/Src/stm32f1xx_it.o
                0x00000000080015b8                SysTick_Handler
 .text.RTC_IRQHandler
                0x00000000080015c4       0x14 Core/Src/stm32f1xx_it.o
                0x00000000080015c4                RTC_IRQHandler
 .text.TIM2_IRQHandler
                0x00000000080015d8       0x14 Core/Src/stm32f1xx_it.o
                0x00000000080015d8                TIM2_IRQHandler
 .text.RTC_Alarm_IRQHandler
                0x00000000080015ec       0x14 Core/Src/stm32f1xx_it.o
                0x00000000080015ec                RTC_Alarm_IRQHandler
 .text.SystemInit
                0x0000000008001600       0x68 Core/Src/system_stm32f1xx.o
                0x0000000008001600                SystemInit
 .text.MX_TIM2_Init
                0x0000000008001668       0x98 Core/Src/tim.o
                0x0000000008001668                MX_TIM2_Init
 .text.MX_TIM3_Init
                0x0000000008001700       0x9c Core/Src/tim.o
                0x0000000008001700                MX_TIM3_Init
 .text.HAL_TIM_Base_MspInit
                0x000000000800179c       0x70 Core/Src/tim.o
                0x000000000800179c                HAL_TIM_Base_MspInit
 .text.MX_USART1_UART_Init
                0x000000000800180c       0x54 Core/Src/usart.o
                0x000000000800180c                MX_USART1_UART_Init
 .text.HAL_UART_MspInit
                0x0000000008001860       0xb4 Core/Src/usart.o
                0x0000000008001860                HAL_UART_MspInit
 .text.Reset_Handler
                0x0000000008001914       0x48 Core/Startup/startup_stm32f103c8tx.o
                0x0000000008001914                Reset_Handler
 .text.Default_Handler
                0x000000000800195c        0x2 Core/Startup/startup_stm32f103c8tx.o
                0x000000000800195c                EXTI2_IRQHandler
                0x000000000800195c                TIM1_CC_IRQHandler
                0x000000000800195c                PVD_IRQHandler
                0x000000000800195c                EXTI3_IRQHandler
                0x000000000800195c                EXTI0_IRQHandler
                0x000000000800195c                I2C2_EV_IRQHandler
                0x000000000800195c                ADC1_2_IRQHandler
                0x000000000800195c                SPI1_IRQHandler
                0x000000000800195c                TAMPER_IRQHandler
                0x000000000800195c                DMA1_Channel4_IRQHandler
                0x000000000800195c                USART3_IRQHandler
                0x000000000800195c                DMA1_Channel7_IRQHandler
                0x000000000800195c                CAN1_RX1_IRQHandler
                0x000000000800195c                TIM4_IRQHandler
                0x000000000800195c                I2C1_EV_IRQHandler
                0x000000000800195c                DMA1_Channel6_IRQHandler
                0x000000000800195c                TIM3_IRQHandler
                0x000000000800195c                RCC_IRQHandler
                0x000000000800195c                TIM1_TRG_COM_IRQHandler
                0x000000000800195c                DMA1_Channel1_IRQHandler
                0x000000000800195c                Default_Handler
                0x000000000800195c                EXTI15_10_IRQHandler
                0x000000000800195c                EXTI9_5_IRQHandler
                0x000000000800195c                SPI2_IRQHandler
                0x000000000800195c                DMA1_Channel5_IRQHandler
                0x000000000800195c                EXTI4_IRQHandler
                0x000000000800195c                USB_LP_CAN1_RX0_IRQHandler
                0x000000000800195c                USB_HP_CAN1_TX_IRQHandler
                0x000000000800195c                DMA1_Channel3_IRQHandler
                0x000000000800195c                TIM1_UP_IRQHandler
                0x000000000800195c                WWDG_IRQHandler
                0x000000000800195c                TIM1_BRK_IRQHandler
                0x000000000800195c                EXTI1_IRQHandler
                0x000000000800195c                USART2_IRQHandler
                0x000000000800195c                I2C2_ER_IRQHandler
                0x000000000800195c                DMA1_Channel2_IRQHandler
                0x000000000800195c                CAN1_SCE_IRQHandler
                0x000000000800195c                FLASH_IRQHandler
                0x000000000800195c                USART1_IRQHandler
                0x000000000800195c                I2C1_ER_IRQHandler
                0x000000000800195c                USBWakeUp_IRQHandler
 *fill*         0x000000000800195e        0x2 
 .text.HAL_Init
                0x0000000008001960       0x2c Drivers/STM32F1xx_HAL_Driver/Src/stm32f1xx_hal.o
                0x0000000008001960                HAL_Init
 .text.HAL_InitTick
                0x000000000800198c       0x60 Drivers/STM32F1xx_HAL_Driver/Src/stm32f1xx_hal.o
                0x000000000800198c                HAL_InitTick
 .text.HAL_IncTick
                0x00000000080019ec       0x24 Drivers/STM32F1xx_HAL_Driver/Src/stm32f1xx_hal.o
                0x00000000080019ec                HAL_IncTick
 .text.HAL_GetTick
                0x0000000008001a10       0x14 Drivers/STM32F1xx_HAL_Driver/Src/stm32f1xx_hal.o
                0x0000000008001a10                HAL_GetTick
 .text.HAL_ADC_Init
                0x0000000008001a24      0x1b0 Drivers/STM32F1xx_HAL_Driver/Src/stm32f1xx_hal_adc.o
                0x0000000008001a24                HAL_ADC_Init
 .text.HAL_ADC_ConfigChannel
                0x0000000008001bd4      0x1f0 Drivers/STM32F1xx_HAL_Driver/Src/stm32f1xx_hal_adc.o
                0x0000000008001bd4                HAL_ADC_ConfigChannel
 .text.ADC_ConversionStop_Disable
                0x0000000008001dc4       0x74 Drivers/STM32F1xx_HAL_Driver/Src/stm32f1xx_hal_adc.o
                0x0000000008001dc4                ADC_ConversionStop_Disable
 .text.__NVIC_SetPriorityGrouping
                0x0000000008001e38       0x48 Drivers/STM32F1xx_HAL_Driver/Src/stm32f1xx_hal_cortex.o
 .text.__NVIC_GetPriorityGrouping
                0x0000000008001e80       0x1c Drivers/STM32F1xx_HAL_Driver/Src/stm32f1xx_hal_cortex.o
 .text.__NVIC_EnableIRQ
                0x0000000008001e9c       0x38 Drivers/STM32F1xx_HAL_Driver/Src/stm32f1xx_hal_cortex.o
 .text.__NVIC_SetPriority
                0x0000000008001ed4       0x54 Drivers/STM32F1xx_HAL_Driver/Src/stm32f1xx_hal_cortex.o
 .text.NVIC_EncodePriority
                0x0000000008001f28       0x64 Drivers/STM32F1xx_HAL_Driver/Src/stm32f1xx_hal_cortex.o
 .text.SysTick_Config
                0x0000000008001f8c       0x44 Drivers/STM32F1xx_HAL_Driver/Src/stm32f1xx_hal_cortex.o
 .text.HAL_NVIC_SetPriorityGrouping
                0x0000000008001fd0       0x16 Drivers/STM32F1xx_HAL_Driver/Src/stm32f1xx_hal_cortex.o
                0x0000000008001fd0                HAL_NVIC_SetPriorityGrouping
 .text.HAL_NVIC_SetPriority
                0x0000000008001fe6       0x38 Drivers/STM32F1xx_HAL_Driver/Src/stm32f1xx_hal_cortex.o
                0x0000000008001fe6                HAL_NVIC_SetPriority
 .text.HAL_NVIC_EnableIRQ
                0x000000000800201e       0x1c Drivers/STM32F1xx_HAL_Driver/Src/stm32f1xx_hal_cortex.o
                0x000000000800201e                HAL_NVIC_EnableIRQ
 .text.HAL_SYSTICK_Config
                0x000000000800203a       0x18 Drivers/STM32F1xx_HAL_Driver/Src/stm32f1xx_hal_cortex.o
                0x000000000800203a                HAL_SYSTICK_Config
 *fill*         0x0000000008002052        0x2 
 .text.HAL_GPIO_Init
                0x0000000008002054      0x2b4 Drivers/STM32F1xx_HAL_Driver/Src/stm32f1xx_hal_gpio.o
                0x0000000008002054                HAL_GPIO_Init
 .text.HAL_GPIO_ReadPin
                0x0000000008002308       0x2e Drivers/STM32F1xx_HAL_Driver/Src/stm32f1xx_hal_gpio.o
                0x0000000008002308                HAL_GPIO_ReadPin
 .text.HAL_GPIO_WritePin
                0x0000000008002336       0x30 Drivers/STM32F1xx_HAL_Driver/Src/stm32f1xx_hal_gpio.o
                0x0000000008002336                HAL_GPIO_WritePin
 *fill*         0x0000000008002366        0x2 
 .text.HAL_PWR_EnableBkUpAccess
                0x0000000008002368       0x18 Drivers/STM32F1xx_HAL_Driver/Src/stm32f1xx_hal_pwr.o
                0x0000000008002368                HAL_PWR_EnableBkUpAccess
 .text.HAL_RCC_OscConfig
                0x0000000008002380      0x500 Drivers/STM32F1xx_HAL_Driver/Src/stm32f1xx_hal_rcc.o
                0x0000000008002380                HAL_RCC_OscConfig
 .text.HAL_RCC_ClockConfig
                0x0000000008002880      0x1d4 Drivers/STM32F1xx_HAL_Driver/Src/stm32f1xx_hal_rcc.o
                0x0000000008002880                HAL_RCC_ClockConfig
 .text.HAL_RCC_GetSysClockFreq
                0x0000000008002a54       0xc4 Drivers/STM32F1xx_HAL_Driver/Src/stm32f1xx_hal_rcc.o
                0x0000000008002a54                HAL_RCC_GetSysClockFreq
 .text.HAL_RCC_GetHCLKFreq
                0x0000000008002b18       0x14 Drivers/STM32F1xx_HAL_Driver/Src/stm32f1xx_hal_rcc.o
                0x0000000008002b18                HAL_RCC_GetHCLKFreq
 .text.HAL_RCC_GetPCLK1Freq
                0x0000000008002b2c       0x28 Drivers/STM32F1xx_HAL_Driver/Src/stm32f1xx_hal_rcc.o
                0x0000000008002b2c                HAL_RCC_GetPCLK1Freq
 .text.HAL_RCC_GetPCLK2Freq
                0x0000000008002b54       0x28 Drivers/STM32F1xx_HAL_Driver/Src/stm32f1xx_hal_rcc.o
                0x0000000008002b54                HAL_RCC_GetPCLK2Freq
 .text.RCC_Delay
                0x0000000008002b7c       0x3c Drivers/STM32F1xx_HAL_Driver/Src/stm32f1xx_hal_rcc.o
 .text.HAL_RCCEx_PeriphCLKConfig
                0x0000000008002bb8      0x16c Drivers/STM32F1xx_HAL_Driver/Src/stm32f1xx_hal_rcc_ex.o
                0x0000000008002bb8                HAL_RCCEx_PeriphCLKConfig
 .text.HAL_RCCEx_GetPeriphCLKFreq
                0x0000000008002d24      0x178 Drivers/STM32F1xx_HAL_Driver/Src/stm32f1xx_hal_rcc_ex.o
                0x0000000008002d24                HAL_RCCEx_GetPeriphCLKFreq
 .text.HAL_RTC_Init
                0x0000000008002e9c      0x12c Drivers/STM32F1xx_HAL_Driver/Src/stm32f1xx_hal_rtc.o
                0x0000000008002e9c                HAL_RTC_Init
 .text.HAL_RTC_SetTime
                0x0000000008002fc8      0x12e Drivers/STM32F1xx_HAL_Driver/Src/stm32f1xx_hal_rtc.o
                0x0000000008002fc8                HAL_RTC_SetTime
 *fill*         0x00000000080030f6        0x2 
 .text.HAL_RTC_GetTime
                0x00000000080030f8      0x1b0 Drivers/STM32F1xx_HAL_Driver/Src/stm32f1xx_hal_rtc.o
                0x00000000080030f8                HAL_RTC_GetTime
 .text.HAL_RTC_SetDate
                0x00000000080032a8      0x16c Drivers/STM32F1xx_HAL_Driver/Src/stm32f1xx_hal_rtc.o
                0x00000000080032a8                HAL_RTC_SetDate
 .text.HAL_RTC_GetDate
                0x0000000008003414       0xa8 Drivers/STM32F1xx_HAL_Driver/Src/stm32f1xx_hal_rtc.o
                0x0000000008003414                HAL_RTC_GetDate
 .text.HAL_RTC_SetAlarm_IT
                0x00000000080034bc      0x168 Drivers/STM32F1xx_HAL_Driver/Src/stm32f1xx_hal_rtc.o
                0x00000000080034bc                HAL_RTC_SetAlarm_IT
 .text.HAL_RTC_AlarmIRQHandler
                0x0000000008003624       0x50 Drivers/STM32F1xx_HAL_Driver/Src/stm32f1xx_hal_rtc.o
                0x0000000008003624                HAL_RTC_AlarmIRQHandler
 .text.HAL_RTC_WaitForSynchro
                0x0000000008003674       0x5a Drivers/STM32F1xx_HAL_Driver/Src/stm32f1xx_hal_rtc.o
                0x0000000008003674                HAL_RTC_WaitForSynchro
 .text.RTC_ReadTimeCounter
                0x00000000080036ce       0x60 Drivers/STM32F1xx_HAL_Driver/Src/stm32f1xx_hal_rtc.o
 .text.RTC_WriteTimeCounter
                0x000000000800372e       0x4e Drivers/STM32F1xx_HAL_Driver/Src/stm32f1xx_hal_rtc.o
 .text.RTC_ReadAlarmCounter
                0x000000000800377c       0x32 Drivers/STM32F1xx_HAL_Driver/Src/stm32f1xx_hal_rtc.o
 .text.RTC_WriteAlarmCounter
                0x00000000080037ae       0x4e Drivers/STM32F1xx_HAL_Driver/Src/stm32f1xx_hal_rtc.o
 .text.RTC_EnterInitMode
                0x00000000080037fc       0x50 Drivers/STM32F1xx_HAL_Driver/Src/stm32f1xx_hal_rtc.o
 .text.RTC_ExitInitMode
                0x000000000800384c       0x50 Drivers/STM32F1xx_HAL_Driver/Src/stm32f1xx_hal_rtc.o
 .text.RTC_ByteToBcd2
                0x000000000800389c       0x3a Drivers/STM32F1xx_HAL_Driver/Src/stm32f1xx_hal_rtc.o
 .text.RTC_Bcd2ToByte
                0x00000000080038d6       0x3a Drivers/STM32F1xx_HAL_Driver/Src/stm32f1xx_hal_rtc.o
 .text.RTC_DateUpdate
                0x0000000008003910      0x152 Drivers/STM32F1xx_HAL_Driver/Src/stm32f1xx_hal_rtc.o
 *fill*         0x0000000008003a62        0x2 
 .text.RTC_IsLeapYear
                0x0000000008003a64       0x64 Drivers/STM32F1xx_HAL_Driver/Src/stm32f1xx_hal_rtc.o
 .text.RTC_WeekDayNum
                0x0000000008003ac8       0xf0 Drivers/STM32F1xx_HAL_Driver/Src/stm32f1xx_hal_rtc.o
 .text.HAL_RTCEx_RTCIRQHandler
                0x0000000008003bb8       0x68 Drivers/STM32F1xx_HAL_Driver/Src/stm32f1xx_hal_rtc_ex.o
                0x0000000008003bb8                HAL_RTCEx_RTCIRQHandler
 .text.HAL_RTCEx_RTCEventCallback
                0x0000000008003c20       0x12 Drivers/STM32F1xx_HAL_Driver/Src/stm32f1xx_hal_rtc_ex.o
                0x0000000008003c20                HAL_RTCEx_RTCEventCallback
 .text.HAL_RTCEx_RTCEventErrorCallback
                0x0000000008003c32       0x12 Drivers/STM32F1xx_HAL_Driver/Src/stm32f1xx_hal_rtc_ex.o
                0x0000000008003c32                HAL_RTCEx_RTCEventErrorCallback
 .text.HAL_SPI_Init
                0x0000000008003c44       0xc2 Drivers/STM32F1xx_HAL_Driver/Src/stm32f1xx_hal_spi.o
                0x0000000008003c44                HAL_SPI_Init
 .text.HAL_SPI_Transmit
                0x0000000008003d06      0x268 Drivers/STM32F1xx_HAL_Driver/Src/stm32f1xx_hal_spi.o
                0x0000000008003d06                HAL_SPI_Transmit
 .text.HAL_SPI_Receive
                0x0000000008003f6e      0x212 Drivers/STM32F1xx_HAL_Driver/Src/stm32f1xx_hal_spi.o
                0x0000000008003f6e                HAL_SPI_Receive
 .text.HAL_SPI_TransmitReceive
                0x0000000008004180      0x344 Drivers/STM32F1xx_HAL_Driver/Src/stm32f1xx_hal_spi.o
                0x0000000008004180                HAL_SPI_TransmitReceive
 .text.SPI_WaitFlagStateUntilTimeout
                0x00000000080044c4       0xd4 Drivers/STM32F1xx_HAL_Driver/Src/stm32f1xx_hal_spi.o
 .text.SPI_EndRxTransaction
                0x0000000008004598       0xa4 Drivers/STM32F1xx_HAL_Driver/Src/stm32f1xx_hal_spi.o
 .text.SPI_EndRxTxTransaction
                0x000000000800463c       0x3c Drivers/STM32F1xx_HAL_Driver/Src/stm32f1xx_hal_spi.o
 .text.HAL_TIM_Base_Init
                0x0000000008004678       0x56 Drivers/STM32F1xx_HAL_Driver/Src/stm32f1xx_hal_tim.o
                0x0000000008004678                HAL_TIM_Base_Init
 .text.HAL_TIM_Base_Start_IT
                0x00000000080046ce       0x46 Drivers/STM32F1xx_HAL_Driver/Src/stm32f1xx_hal_tim.o
                0x00000000080046ce                HAL_TIM_Base_Start_IT
 .text.HAL_TIM_IRQHandler
                0x0000000008004714      0x210 Drivers/STM32F1xx_HAL_Driver/Src/stm32f1xx_hal_tim.o
                0x0000000008004714                HAL_TIM_IRQHandler
 .text.HAL_TIM_ConfigClockSource
                0x0000000008004924      0x16e Drivers/STM32F1xx_HAL_Driver/Src/stm32f1xx_hal_tim.o
                0x0000000008004924                HAL_TIM_ConfigClockSource
 .text.HAL_TIM_OC_DelayElapsedCallback
                0x0000000008004a92       0x12 Drivers/STM32F1xx_HAL_Driver/Src/stm32f1xx_hal_tim.o
                0x0000000008004a92                HAL_TIM_OC_DelayElapsedCallback
 .text.HAL_TIM_IC_CaptureCallback
                0x0000000008004aa4       0x12 Drivers/STM32F1xx_HAL_Driver/Src/stm32f1xx_hal_tim.o
                0x0000000008004aa4                HAL_TIM_IC_CaptureCallback
 .text.HAL_TIM_PWM_PulseFinishedCallback
                0x0000000008004ab6       0x12 Drivers/STM32F1xx_HAL_Driver/Src/stm32f1xx_hal_tim.o
                0x0000000008004ab6                HAL_TIM_PWM_PulseFinishedCallback
 .text.HAL_TIM_TriggerCallback
                0x0000000008004ac8       0x12 Drivers/STM32F1xx_HAL_Driver/Src/stm32f1xx_hal_tim.o
                0x0000000008004ac8                HAL_TIM_TriggerCallback
 *fill*         0x0000000008004ada        0x2 
 .text.TIM_Base_SetConfig
                0x0000000008004adc       0xc4 Drivers/STM32F1xx_HAL_Driver/Src/stm32f1xx_hal_tim.o
                0x0000000008004adc                TIM_Base_SetConfig
 .text.TIM_TI1_ConfigInputStage
                0x0000000008004ba0       0x5c Drivers/STM32F1xx_HAL_Driver/Src/stm32f1xx_hal_tim.o
 .text.TIM_TI2_ConfigInputStage
                0x0000000008004bfc       0x5e Drivers/STM32F1xx_HAL_Driver/Src/stm32f1xx_hal_tim.o
 .text.TIM_ITRx_SetConfig
                0x0000000008004c5a       0x34 Drivers/STM32F1xx_HAL_Driver/Src/stm32f1xx_hal_tim.o
 .text.TIM_ETR_SetConfig
                0x0000000008004c8e       0x3e Drivers/STM32F1xx_HAL_Driver/Src/stm32f1xx_hal_tim.o
                0x0000000008004c8e                TIM_ETR_SetConfig
 .text.HAL_TIMEx_MasterConfigSynchronization
                0x0000000008004ccc       0x88 Drivers/STM32F1xx_HAL_Driver/Src/stm32f1xx_hal_tim_ex.o
                0x0000000008004ccc                HAL_TIMEx_MasterConfigSynchronization
 .text.HAL_TIMEx_CommutCallback
                0x0000000008004d54       0x12 Drivers/STM32F1xx_HAL_Driver/Src/stm32f1xx_hal_tim_ex.o
                0x0000000008004d54                HAL_TIMEx_CommutCallback
 .text.HAL_TIMEx_BreakCallback
                0x0000000008004d66       0x12 Drivers/STM32F1xx_HAL_Driver/Src/stm32f1xx_hal_tim_ex.o
                0x0000000008004d66                HAL_TIMEx_BreakCallback
 .text.HAL_UART_Init
                0x0000000008004d78       0x9a Drivers/STM32F1xx_HAL_Driver/Src/stm32f1xx_hal_uart.o
                0x0000000008004d78                HAL_UART_Init
 *fill*         0x0000000008004e12        0x2 
 .text.UART_SetConfig
                0x0000000008004e14      0x1b4 Drivers/STM32F1xx_HAL_Driver/Src/stm32f1xx_hal_uart.o
 .text.__libc_init_array
                0x0000000008004fc8       0x48 c:/st/stm32cubeide_1.4.0/stm32cubeide/plugins/com.st.stm32cube.ide.mcu.externaltools.gnu-tools-for-stm32.7-2018-q2-update.win32_1.4.0.202007081208/tools/bin/../lib/gcc/arm-none-eabi/7.3.1/../../../../arm-none-eabi/lib/thumb/v7-m\libc_nano.a(lib_a-init.o)
                0x0000000008004fc8                __libc_init_array
 .text.memset   0x0000000008005010       0x10 c:/st/stm32cubeide_1.4.0/stm32cubeide/plugins/com.st.stm32cube.ide.mcu.externaltools.gnu-tools-for-stm32.7-2018-q2-update.win32_1.4.0.202007081208/tools/bin/../lib/gcc/arm-none-eabi/7.3.1/../../../../arm-none-eabi/lib/thumb/v7-m\libc_nano.a(lib_a-memset.o)
                0x0000000008005010                memset
 *(.glue_7)
 .glue_7        0x0000000008005020        0x0 linker stubs
 *(.glue_7t)
 .glue_7t       0x0000000008005020        0x0 linker stubs
 *(.eh_frame)
 .eh_frame      0x0000000008005020        0x0 c:/st/stm32cubeide_1.4.0/stm32cubeide/plugins/com.st.stm32cube.ide.mcu.externaltools.gnu-tools-for-stm32.7-2018-q2-update.win32_1.4.0.202007081208/tools/bin/../lib/gcc/arm-none-eabi/7.3.1/thumb/v7-m/crtbegin.o
 *(.init)
 .init          0x0000000008005020        0x4 c:/st/stm32cubeide_1.4.0/stm32cubeide/plugins/com.st.stm32cube.ide.mcu.externaltools.gnu-tools-for-stm32.7-2018-q2-update.win32_1.4.0.202007081208/tools/bin/../lib/gcc/arm-none-eabi/7.3.1/thumb/v7-m/crti.o
                0x0000000008005020                _init
 .init          0x0000000008005024        0x8 c:/st/stm32cubeide_1.4.0/stm32cubeide/plugins/com.st.stm32cube.ide.mcu.externaltools.gnu-tools-for-stm32.7-2018-q2-update.win32_1.4.0.202007081208/tools/bin/../lib/gcc/arm-none-eabi/7.3.1/thumb/v7-m/crtn.o
 *(.fini)
 .fini          0x000000000800502c        0x4 c:/st/stm32cubeide_1.4.0/stm32cubeide/plugins/com.st.stm32cube.ide.mcu.externaltools.gnu-tools-for-stm32.7-2018-q2-update.win32_1.4.0.202007081208/tools/bin/../lib/gcc/arm-none-eabi/7.3.1/thumb/v7-m/crti.o
                0x000000000800502c                _fini
 .fini          0x0000000008005030        0x8 c:/st/stm32cubeide_1.4.0/stm32cubeide/plugins/com.st.stm32cube.ide.mcu.externaltools.gnu-tools-for-stm32.7-2018-q2-update.win32_1.4.0.202007081208/tools/bin/../lib/gcc/arm-none-eabi/7.3.1/thumb/v7-m/crtn.o
                0x0000000008005038                . = ALIGN (0x4)
                0x0000000008005038                _etext = .

.vfp11_veneer   0x0000000008005038        0x0
 .vfp11_veneer  0x0000000008005038        0x0 linker stubs

.v4_bx          0x0000000008005038        0x0
 .v4_bx         0x0000000008005038        0x0 linker stubs

.iplt           0x0000000008005038        0x0
 .iplt          0x0000000008005038        0x0 c:/st/stm32cubeide_1.4.0/stm32cubeide/plugins/com.st.stm32cube.ide.mcu.externaltools.gnu-tools-for-stm32.7-2018-q2-update.win32_1.4.0.202007081208/tools/bin/../lib/gcc/arm-none-eabi/7.3.1/thumb/v7-m/crtbegin.o

.rodata         0x0000000008005038      0x208
                0x0000000008005038                . = ALIGN (0x4)
 *(.rodata)
 .rodata        0x0000000008005038      0x1c6 Core/Src/menu_tablero.o
 *fill*         0x00000000080051fe        0x2 
 .rodata        0x0000000008005200       0x12 Drivers/STM32F1xx_HAL_Driver/Src/stm32f1xx_hal_rcc.o
 *fill*         0x0000000008005212        0x2 
 .rodata        0x0000000008005214       0x12 Drivers/STM32F1xx_HAL_Driver/Src/stm32f1xx_hal_rcc_ex.o
 *(.rodata*)
 *fill*         0x0000000008005226        0x2 
 .rodata.AHBPrescTable
                0x0000000008005228       0x10 Core/Src/system_stm32f1xx.o
                0x0000000008005228                AHBPrescTable
 .rodata.APBPrescTable
                0x0000000008005238        0x8 Core/Src/system_stm32f1xx.o
                0x0000000008005238                APBPrescTable
                0x0000000008005240                . = ALIGN (0x4)

.rel.dyn        0x0000000008005240        0x0
 .rel.iplt      0x0000000008005240        0x0 c:/st/stm32cubeide_1.4.0/stm32cubeide/plugins/com.st.stm32cube.ide.mcu.externaltools.gnu-tools-for-stm32.7-2018-q2-update.win32_1.4.0.202007081208/tools/bin/../lib/gcc/arm-none-eabi/7.3.1/thumb/v7-m/crtbegin.o

.ARM.extab      0x0000000008005240        0x0
                0x0000000008005240                . = ALIGN (0x4)
 *(.ARM.extab* .gnu.linkonce.armextab.*)
                0x0000000008005240                . = ALIGN (0x4)

.ARM            0x0000000008005240        0x0
                0x0000000008005240                . = ALIGN (0x4)
                0x0000000008005240                __exidx_start = .
 *(.ARM.exidx*)
                0x0000000008005240                __exidx_end = .
                0x0000000008005240                . = ALIGN (0x4)

.preinit_array  0x0000000008005240        0x0
                0x0000000008005240                . = ALIGN (0x4)
                0x0000000008005240                PROVIDE (__preinit_array_start = .)
 *(.preinit_array*)
                0x0000000008005240                PROVIDE (__preinit_array_end = .)
                0x0000000008005240                . = ALIGN (0x4)

.init_array     0x0000000008005240        0x4
                0x0000000008005240                . = ALIGN (0x4)
                0x0000000008005240                PROVIDE (__init_array_start = .)
 *(SORT_BY_NAME(.init_array.*))
 *(.init_array*)
 .init_array    0x0000000008005240        0x4 c:/st/stm32cubeide_1.4.0/stm32cubeide/plugins/com.st.stm32cube.ide.mcu.externaltools.gnu-tools-for-stm32.7-2018-q2-update.win32_1.4.0.202007081208/tools/bin/../lib/gcc/arm-none-eabi/7.3.1/thumb/v7-m/crtbegin.o
                0x0000000008005244                PROVIDE (__init_array_end = .)
                0x0000000008005244                . = ALIGN (0x4)

.fini_array     0x0000000008005244        0x4
                0x0000000008005244                . = ALIGN (0x4)
                [!provide]                        PROVIDE (__fini_array_start = .)
 *(SORT_BY_NAME(.fini_array.*))
 *(.fini_array*)
 .fini_array    0x0000000008005244        0x4 c:/st/stm32cubeide_1.4.0/stm32cubeide/plugins/com.st.stm32cube.ide.mcu.externaltools.gnu-tools-for-stm32.7-2018-q2-update.win32_1.4.0.202007081208/tools/bin/../lib/gcc/arm-none-eabi/7.3.1/thumb/v7-m/crtbegin.o
                [!provide]                        PROVIDE (__fini_array_end = .)
                0x0000000008005248                . = ALIGN (0x4)
                0x0000000008005248                _sidata = LOADADDR (.data)

.data           0x0000000020000000       0x84 load address 0x0000000008005248
                0x0000000020000000                . = ALIGN (0x4)
                0x0000000020000000                _sdata = .
 *(.data)
 *(.data*)
 .data.flag_lecturas
                0x0000000020000000        0x1 Core/Src/IOports_lfs.o
                0x0000000020000000                flag_lecturas
 .data.flag_salidas
                0x0000000020000001        0x1 Core/Src/IOports_lfs.o
                0x0000000020000001                flag_salidas
 .data.demora_rapida
                0x0000000020000002        0x1 Core/Src/leds_tablero.o
                0x0000000020000002                demora_rapida
 .data.demora_lenta
                0x0000000020000003        0x1 Core/Src/leds_tablero.o
                0x0000000020000003                demora_lenta
 .data.refresh_pantalla
                0x0000000020000004        0x1 Core/Src/main.o
                0x0000000020000004                refresh_pantalla
 *fill*         0x0000000020000005        0x3 
 .data.menu     0x0000000020000008       0x70 Core/Src/menu_tablero.o
                0x0000000020000008                menu
 .data.SystemCoreClock
                0x0000000020000078        0x4 Core/Src/system_stm32f1xx.o
                0x0000000020000078                SystemCoreClock
 .data.uwTickPrio
                0x000000002000007c        0x4 Drivers/STM32F1xx_HAL_Driver/Src/stm32f1xx_hal.o
                0x000000002000007c                uwTickPrio
 .data.uwTickFreq
                0x0000000020000080        0x1 Drivers/STM32F1xx_HAL_Driver/Src/stm32f1xx_hal.o
                0x0000000020000080                uwTickFreq
                0x0000000020000084                . = ALIGN (0x4)
 *fill*         0x0000000020000081        0x3 
                0x0000000020000084                _edata = .

.igot.plt       0x0000000020000084        0x0 load address 0x00000000080052cc
 .igot.plt      0x0000000020000084        0x0 c:/st/stm32cubeide_1.4.0/stm32cubeide/plugins/com.st.stm32cube.ide.mcu.externaltools.gnu-tools-for-stm32.7-2018-q2-update.win32_1.4.0.202007081208/tools/bin/../lib/gcc/arm-none-eabi/7.3.1/thumb/v7-m/crtbegin.o
                0x0000000020000084                . = ALIGN (0x4)

.bss            0x0000000020000084      0x600 load address 0x00000000080052cc
                0x0000000020000084                _sbss = .
                0x0000000020000084                __bss_start__ = _sbss
 *(.bss)
 .bss           0x0000000020000084       0x1c c:/st/stm32cubeide_1.4.0/stm32cubeide/plugins/com.st.stm32cube.ide.mcu.externaltools.gnu-tools-for-stm32.7-2018-q2-update.win32_1.4.0.202007081208/tools/bin/../lib/gcc/arm-none-eabi/7.3.1/thumb/v7-m/crtbegin.o
 *(.bss*)
 .bss.flag_pantalla
                0x00000000200000a0        0x1 Core/Src/display_tablero.o
                0x00000000200000a0                flag_pantalla
 *fill*         0x00000000200000a1        0x3 
 .bss.status_led
                0x00000000200000a4        0x6 Core/Src/leds_tablero.o
                0x00000000200000a4                status_led
 *fill*         0x00000000200000aa        0x2 
 .bss.aux_fecha
                0x00000000200000ac        0x4 Core/Src/main.o
                0x00000000200000ac                aux_fecha
 .bss.flag_tick
                0x00000000200000b0        0x1 Core/Src/main.o
                0x00000000200000b0                flag_tick
 .bss.status_menuLlenado
                0x00000000200000b1        0x1 Core/Src/menu_tablero.o
                0x00000000200000b1                status_menuLlenado
 .bss.status_menuSkimmer
                0x00000000200000b2        0x1 Core/Src/menu_tablero.o
                0x00000000200000b2                status_menuSkimmer
 .bss.status_menuHidro
                0x00000000200000b3        0x1 Core/Src/menu_tablero.o
                0x00000000200000b3                status_menuHidro
 .bss.status_menuLucesExt
                0x00000000200000b4        0x1 Core/Src/menu_tablero.o
                0x00000000200000b4                status_menuLucesExt
 *(COMMON)
 *fill*         0x00000000200000b5        0x3 
 COMMON         0x00000000200000b8       0x1a Core/Src/74HC165_SPI_lfs.o
                0x00000000200000b8                spi_handler
                0x00000000200000bc                pinPL
                0x00000000200000c0                portCE2
                0x00000000200000c4                portPL
                0x00000000200000c8                pinCE1
                0x00000000200000cc                portCE1
                0x00000000200000d0                pinCE2
 *fill*         0x00000000200000d2        0x2 
 COMMON         0x00000000200000d4        0x8 Core/Src/74_HC595_SPI_lfs.o
                0x00000000200000d4                pinST
                0x00000000200000d8                portST
 COMMON         0x00000000200000dc       0x31 Core/Src/IOports_lfs.o
                0x00000000200000dc                write_output
                0x00000000200000e0                read_teclado
                0x00000000200000e4                read_input
                0x00000000200000e8                fall_input
                0x00000000200000ec                rise_input
                0x00000000200000f0                status_teclas
                0x0000000020000108                last_input
                0x000000002000010c                read_teclas
 *fill*         0x000000002000010d        0x3 
 COMMON         0x0000000020000110      0x407 Core/Src/ST7920_SERIAL.o
                0x0000000020000110                startCol
                0x0000000020000114                image
                0x0000000020000514                startRow
                0x0000000020000515                endCol
                0x0000000020000516                endRow
 *fill*         0x0000000020000517        0x1 
 COMMON         0x0000000020000518       0x30 Core/Src/adc.o
                0x0000000020000518                hadc1
 COMMON         0x0000000020000548        0x3 Core/Src/main.o
                0x0000000020000548                hora
 *fill*         0x000000002000054b        0x1 
 COMMON         0x000000002000054c        0x8 Core/Src/menu_tablero.o
                0x000000002000054c                menuActual
                0x0000000020000550                menuAux
 COMMON         0x0000000020000554       0x14 Core/Src/rtc.o
                0x0000000020000554                hrtc
 COMMON         0x0000000020000568       0x58 Core/Src/spi.o
                0x0000000020000568                hspi2
 COMMON         0x00000000200005c0       0x80 Core/Src/tim.o
                0x00000000200005c0                htim3
                0x0000000020000600                htim2
 COMMON         0x0000000020000640       0x40 Core/Src/usart.o
                0x0000000020000640                huart1
 COMMON         0x0000000020000680        0x4 Drivers/STM32F1xx_HAL_Driver/Src/stm32f1xx_hal.o
                0x0000000020000680                uwTick
                0x0000000020000684                . = ALIGN (0x4)
                0x0000000020000684                _ebss = .
                0x0000000020000684                __bss_end__ = _ebss

._user_heap_stack
                0x0000000020000684      0x604 load address 0x00000000080052cc
                0x0000000020000688                . = ALIGN (0x8)
 *fill*         0x0000000020000684        0x4 
                [!provide]                        PROVIDE (end = .)
                0x0000000020000688                PROVIDE (_end = .)
                0x0000000020000888                . = (. + _Min_Heap_Size)
 *fill*         0x0000000020000688      0x200 
                0x0000000020000c88                . = (. + _Min_Stack_Size)
 *fill*         0x0000000020000888      0x400 
                0x0000000020000c88                . = ALIGN (0x8)

/DISCARD/
 libc.a(*)
 libm.a(*)
 libgcc.a(*)

.ARM.attributes
                0x0000000000000000       0x29
 *(.ARM.attributes)
 .ARM.attributes
                0x0000000000000000       0x1d c:/st/stm32cubeide_1.4.0/stm32cubeide/plugins/com.st.stm32cube.ide.mcu.externaltools.gnu-tools-for-stm32.7-2018-q2-update.win32_1.4.0.202007081208/tools/bin/../lib/gcc/arm-none-eabi/7.3.1/thumb/v7-m/crti.o
 .ARM.attributes
                0x000000000000001d       0x2d c:/st/stm32cubeide_1.4.0/stm32cubeide/plugins/com.st.stm32cube.ide.mcu.externaltools.gnu-tools-for-stm32.7-2018-q2-update.win32_1.4.0.202007081208/tools/bin/../lib/gcc/arm-none-eabi/7.3.1/thumb/v7-m/crtbegin.o
 .ARM.attributes
                0x000000000000004a       0x33 Core/Src/74HC165_SPI_lfs.o
 .ARM.attributes
                0x000000000000007d       0x33 Core/Src/74_HC595_SPI_lfs.o
 .ARM.attributes
                0x00000000000000b0       0x33 Core/Src/IOports_lfs.o
 .ARM.attributes
                0x00000000000000e3       0x33 Core/Src/ST7920_SERIAL.o
 .ARM.attributes
                0x0000000000000116       0x33 Core/Src/adc.o
 .ARM.attributes
                0x0000000000000149       0x33 Core/Src/delay.o
 .ARM.attributes
                0x000000000000017c       0x33 Core/Src/display_tablero.o
 .ARM.attributes
                0x00000000000001af       0x33 Core/Src/gpio.o
 .ARM.attributes
                0x00000000000001e2       0x33 Core/Src/leds_tablero.o
 .ARM.attributes
                0x0000000000000215       0x33 Core/Src/main.o
 .ARM.attributes
                0x0000000000000248       0x33 Core/Src/menu_tablero.o
 .ARM.attributes
                0x000000000000027b       0x33 Core/Src/rtc.o
 .ARM.attributes
                0x00000000000002ae       0x33 Core/Src/spi.o
 .ARM.attributes
                0x00000000000002e1       0x33 Core/Src/stm32f1xx_hal_msp.o
 .ARM.attributes
                0x0000000000000314       0x33 Core/Src/stm32f1xx_it.o
 .ARM.attributes
                0x0000000000000347       0x33 Core/Src/system_stm32f1xx.o
 .ARM.attributes
                0x000000000000037a       0x33 Core/Src/tim.o
 .ARM.attributes
                0x00000000000003ad       0x33 Core/Src/usart.o
 .ARM.attributes
                0x00000000000003e0       0x21 Core/Startup/startup_stm32f103c8tx.o
 .ARM.attributes
                0x0000000000000401       0x33 Drivers/STM32F1xx_HAL_Driver/Src/stm32f1xx_hal.o
 .ARM.attributes
                0x0000000000000434       0x33 Drivers/STM32F1xx_HAL_Driver/Src/stm32f1xx_hal_adc.o
 .ARM.attributes
                0x0000000000000467       0x33 Drivers/STM32F1xx_HAL_Driver/Src/stm32f1xx_hal_cortex.o
 .ARM.attributes
                0x000000000000049a       0x33 Drivers/STM32F1xx_HAL_Driver/Src/stm32f1xx_hal_gpio.o
 .ARM.attributes
                0x00000000000004cd       0x33 Drivers/STM32F1xx_HAL_Driver/Src/stm32f1xx_hal_pwr.o
 .ARM.attributes
                0x0000000000000500       0x33 Drivers/STM32F1xx_HAL_Driver/Src/stm32f1xx_hal_rcc.o
 .ARM.attributes
                0x0000000000000533       0x33 Drivers/STM32F1xx_HAL_Driver/Src/stm32f1xx_hal_rcc_ex.o
 .ARM.attributes
                0x0000000000000566       0x33 Drivers/STM32F1xx_HAL_Driver/Src/stm32f1xx_hal_rtc.o
 .ARM.attributes
                0x0000000000000599       0x33 Drivers/STM32F1xx_HAL_Driver/Src/stm32f1xx_hal_rtc_ex.o
 .ARM.attributes
                0x00000000000005cc       0x33 Drivers/STM32F1xx_HAL_Driver/Src/stm32f1xx_hal_spi.o
 .ARM.attributes
                0x00000000000005ff       0x33 Drivers/STM32F1xx_HAL_Driver/Src/stm32f1xx_hal_tim.o
 .ARM.attributes
                0x0000000000000632       0x33 Drivers/STM32F1xx_HAL_Driver/Src/stm32f1xx_hal_tim_ex.o
 .ARM.attributes
                0x0000000000000665       0x33 Drivers/STM32F1xx_HAL_Driver/Src/stm32f1xx_hal_uart.o
 .ARM.attributes
                0x0000000000000698       0x2d c:/st/stm32cubeide_1.4.0/stm32cubeide/plugins/com.st.stm32cube.ide.mcu.externaltools.gnu-tools-for-stm32.7-2018-q2-update.win32_1.4.0.202007081208/tools/bin/../lib/gcc/arm-none-eabi/7.3.1/../../../../arm-none-eabi/lib/thumb/v7-m\libc_nano.a(lib_a-init.o)
 .ARM.attributes
                0x00000000000006c5       0x2d c:/st/stm32cubeide_1.4.0/stm32cubeide/plugins/com.st.stm32cube.ide.mcu.externaltools.gnu-tools-for-stm32.7-2018-q2-update.win32_1.4.0.202007081208/tools/bin/../lib/gcc/arm-none-eabi/7.3.1/../../../../arm-none-eabi/lib/thumb/v7-m\libc_nano.a(lib_a-memset.o)
 .ARM.attributes
                0x00000000000006f2       0x1d c:/st/stm32cubeide_1.4.0/stm32cubeide/plugins/com.st.stm32cube.ide.mcu.externaltools.gnu-tools-for-stm32.7-2018-q2-update.win32_1.4.0.202007081208/tools/bin/../lib/gcc/arm-none-eabi/7.3.1/thumb/v7-m/crtn.o
OUTPUT(tableroPileta_STM32F103C8T6.elf elf32-littlearm)

.debug_info     0x0000000000000000    0x12127
 .debug_info    0x0000000000000000      0x7a9 Core/Src/74HC165_SPI_lfs.o
 .debug_info    0x00000000000007a9      0x6fb Core/Src/74_HC595_SPI_lfs.o
 .debug_info    0x0000000000000ea4      0x503 Core/Src/IOports_lfs.o
 .debug_info    0x00000000000013a7      0x87e Core/Src/ST7920_SERIAL.o
 .debug_info    0x0000000000001c25      0x7ee Core/Src/adc.o
 .debug_info    0x0000000000002413      0x65d Core/Src/delay.o
 .debug_info    0x0000000000002a70      0x10c Core/Src/display_tablero.o
 .debug_info    0x0000000000002b7c      0x36e Core/Src/gpio.o
 .debug_info    0x0000000000002eea      0x294 Core/Src/leds_tablero.o
 .debug_info    0x000000000000317e     0x1138 Core/Src/main.o
 .debug_info    0x00000000000042b6      0x5c5 Core/Src/menu_tablero.o
 .debug_info    0x000000000000487b      0x660 Core/Src/rtc.o
 .debug_info    0x0000000000004edb      0x808 Core/Src/spi.o
 .debug_info    0x00000000000056e3      0x2cb Core/Src/stm32f1xx_hal_msp.o
 .debug_info    0x00000000000059ae      0x85f Core/Src/stm32f1xx_it.o
 .debug_info    0x000000000000620d      0x433 Core/Src/system_stm32f1xx.o
 .debug_info    0x0000000000006640      0x968 Core/Src/tim.o
 .debug_info    0x0000000000006fa8      0x830 Core/Src/usart.o
 .debug_info    0x00000000000077d8       0x22 Core/Startup/startup_stm32f103c8tx.o
 .debug_info    0x00000000000077fa      0x6fe Drivers/STM32F1xx_HAL_Driver/Src/stm32f1xx_hal.o
 .debug_info    0x0000000000007ef8      0xc61 Drivers/STM32F1xx_HAL_Driver/Src/stm32f1xx_hal_adc.o
 .debug_info    0x0000000000008b59      0xb46 Drivers/STM32F1xx_HAL_Driver/Src/stm32f1xx_hal_cortex.o
 .debug_info    0x000000000000969f      0x681 Drivers/STM32F1xx_HAL_Driver/Src/stm32f1xx_hal_gpio.o
 .debug_info    0x0000000000009d20      0x6d7 Drivers/STM32F1xx_HAL_Driver/Src/stm32f1xx_hal_pwr.o
 .debug_info    0x000000000000a3f7      0x804 Drivers/STM32F1xx_HAL_Driver/Src/stm32f1xx_hal_rcc.o
 .debug_info    0x000000000000abfb      0x439 Drivers/STM32F1xx_HAL_Driver/Src/stm32f1xx_hal_rcc_ex.o
 .debug_info    0x000000000000b034      0xd24 Drivers/STM32F1xx_HAL_Driver/Src/stm32f1xx_hal_rtc.o
 .debug_info    0x000000000000bd58      0x758 Drivers/STM32F1xx_HAL_Driver/Src/stm32f1xx_hal_rtc_ex.o
 .debug_info    0x000000000000c4b0     0x153a Drivers/STM32F1xx_HAL_Driver/Src/stm32f1xx_hal_spi.o
 .debug_info    0x000000000000d9ea     0x2456 Drivers/STM32F1xx_HAL_Driver/Src/stm32f1xx_hal_tim.o
 .debug_info    0x000000000000fe40     0x1104 Drivers/STM32F1xx_HAL_Driver/Src/stm32f1xx_hal_tim_ex.o
 .debug_info    0x0000000000010f44     0x11e3 Drivers/STM32F1xx_HAL_Driver/Src/stm32f1xx_hal_uart.o

.debug_abbrev   0x0000000000000000     0x34c9
 .debug_abbrev  0x0000000000000000      0x17a Core/Src/74HC165_SPI_lfs.o
 .debug_abbrev  0x000000000000017a      0x17a Core/Src/74_HC595_SPI_lfs.o
 .debug_abbrev  0x00000000000002f4      0x1c7 Core/Src/IOports_lfs.o
 .debug_abbrev  0x00000000000004bb      0x200 Core/Src/ST7920_SERIAL.o
 .debug_abbrev  0x00000000000006bb      0x199 Core/Src/adc.o
 .debug_abbrev  0x0000000000000854      0x183 Core/Src/delay.o
 .debug_abbrev  0x00000000000009d7       0xbf Core/Src/display_tablero.o
 .debug_abbrev  0x0000000000000a96      0x134 Core/Src/gpio.o
 .debug_abbrev  0x0000000000000bca      0x100 Core/Src/leds_tablero.o
 .debug_abbrev  0x0000000000000cca      0x1ce Core/Src/main.o
 .debug_abbrev  0x0000000000000e98      0x16d Core/Src/menu_tablero.o
 .debug_abbrev  0x0000000000001005      0x162 Core/Src/rtc.o
 .debug_abbrev  0x0000000000001167      0x199 Core/Src/spi.o
 .debug_abbrev  0x0000000000001300      0x109 Core/Src/stm32f1xx_hal_msp.o
 .debug_abbrev  0x0000000000001409      0x15a Core/Src/stm32f1xx_it.o
 .debug_abbrev  0x0000000000001563      0x134 Core/Src/system_stm32f1xx.o
 .debug_abbrev  0x0000000000001697      0x1a4 Core/Src/tim.o
 .debug_abbrev  0x000000000000183b      0x199 Core/Src/usart.o
 .debug_abbrev  0x00000000000019d4       0x12 Core/Startup/startup_stm32f103c8tx.o
 .debug_abbrev  0x00000000000019e6      0x1d8 Drivers/STM32F1xx_HAL_Driver/Src/stm32f1xx_hal.o
 .debug_abbrev  0x0000000000001bbe      0x1d5 Drivers/STM32F1xx_HAL_Driver/Src/stm32f1xx_hal_adc.o
 .debug_abbrev  0x0000000000001d93      0x2d5 Drivers/STM32F1xx_HAL_Driver/Src/stm32f1xx_hal_cortex.o
 .debug_abbrev  0x0000000000002068      0x1c0 Drivers/STM32F1xx_HAL_Driver/Src/stm32f1xx_hal_gpio.o
 .debug_abbrev  0x0000000000002228      0x1f2 Drivers/STM32F1xx_HAL_Driver/Src/stm32f1xx_hal_pwr.o
 .debug_abbrev  0x000000000000241a      0x243 Drivers/STM32F1xx_HAL_Driver/Src/stm32f1xx_hal_rcc.o
 .debug_abbrev  0x000000000000265d      0x175 Drivers/STM32F1xx_HAL_Driver/Src/stm32f1xx_hal_rcc_ex.o
 .debug_abbrev  0x00000000000027d2      0x20a Drivers/STM32F1xx_HAL_Driver/Src/stm32f1xx_hal_rtc.o
 .debug_abbrev  0x00000000000029dc      0x21d Drivers/STM32F1xx_HAL_Driver/Src/stm32f1xx_hal_rtc_ex.o
 .debug_abbrev  0x0000000000002bf9      0x240 Drivers/STM32F1xx_HAL_Driver/Src/stm32f1xx_hal_spi.o
 .debug_abbrev  0x0000000000002e39      0x230 Drivers/STM32F1xx_HAL_Driver/Src/stm32f1xx_hal_tim.o
 .debug_abbrev  0x0000000000003069      0x21e Drivers/STM32F1xx_HAL_Driver/Src/stm32f1xx_hal_tim_ex.o
 .debug_abbrev  0x0000000000003287      0x242 Drivers/STM32F1xx_HAL_Driver/Src/stm32f1xx_hal_uart.o

.debug_aranges  0x0000000000000000     0x1358
 .debug_aranges
                0x0000000000000000       0x30 Core/Src/74HC165_SPI_lfs.o
 .debug_aranges
                0x0000000000000030       0x28 Core/Src/74_HC595_SPI_lfs.o
 .debug_aranges
                0x0000000000000058       0x58 Core/Src/IOports_lfs.o
 .debug_aranges
                0x00000000000000b0       0xa0 Core/Src/ST7920_SERIAL.o
 .debug_aranges
                0x0000000000000150       0x30 Core/Src/adc.o
 .debug_aranges
                0x0000000000000180       0x30 Core/Src/delay.o
 .debug_aranges
                0x00000000000001b0       0x30 Core/Src/display_tablero.o
 .debug_aranges
                0x00000000000001e0       0x20 Core/Src/gpio.o
 .debug_aranges
                0x0000000000000200       0x28 Core/Src/leds_tablero.o
 .debug_aranges
                0x0000000000000228       0x40 Core/Src/main.o
 .debug_aranges
                0x0000000000000268       0x98 Core/Src/menu_tablero.o
 .debug_aranges
                0x0000000000000300       0x30 Core/Src/rtc.o
 .debug_aranges
                0x0000000000000330       0x30 Core/Src/spi.o
 .debug_aranges
                0x0000000000000360       0x20 Core/Src/stm32f1xx_hal_msp.o
 .debug_aranges
                0x0000000000000380       0x78 Core/Src/stm32f1xx_it.o
 .debug_aranges
                0x00000000000003f8       0x28 Core/Src/system_stm32f1xx.o
 .debug_aranges
                0x0000000000000420       0x38 Core/Src/tim.o
 .debug_aranges
                0x0000000000000458       0x30 Core/Src/usart.o
 .debug_aranges
                0x0000000000000488       0x28 Core/Startup/startup_stm32f103c8tx.o
 .debug_aranges
                0x00000000000004b0       0xe0 Drivers/STM32F1xx_HAL_Driver/Src/stm32f1xx_hal.o
 .debug_aranges
                0x0000000000000590       0xf0 Drivers/STM32F1xx_HAL_Driver/Src/stm32f1xx_hal_adc.o
 .debug_aranges
                0x0000000000000680      0x100 Drivers/STM32F1xx_HAL_Driver/Src/stm32f1xx_hal_cortex.o
 .debug_aranges
                0x0000000000000780       0x58 Drivers/STM32F1xx_HAL_Driver/Src/stm32f1xx_hal_gpio.o
 .debug_aranges
                0x00000000000007d8       0xa8 Drivers/STM32F1xx_HAL_Driver/Src/stm32f1xx_hal_pwr.o
 .debug_aranges
                0x0000000000000880       0x90 Drivers/STM32F1xx_HAL_Driver/Src/stm32f1xx_hal_rcc.o
 .debug_aranges
                0x0000000000000910       0x30 Drivers/STM32F1xx_HAL_Driver/Src/stm32f1xx_hal_rcc_ex.o
 .debug_aranges
                0x0000000000000940       0xf8 Drivers/STM32F1xx_HAL_Driver/Src/stm32f1xx_hal_rtc.o
 .debug_aranges
                0x0000000000000a38       0x88 Drivers/STM32F1xx_HAL_Driver/Src/stm32f1xx_hal_rtc_ex.o
 .debug_aranges
                0x0000000000000ac0      0x1d0 Drivers/STM32F1xx_HAL_Driver/Src/stm32f1xx_hal_spi.o
 .debug_aranges
                0x0000000000000c90      0x3a8 Drivers/STM32F1xx_HAL_Driver/Src/stm32f1xx_hal_tim.o
 .debug_aranges
                0x0000000000001038      0x150 Drivers/STM32F1xx_HAL_Driver/Src/stm32f1xx_hal_tim_ex.o
 .debug_aranges
                0x0000000000001188      0x1d0 Drivers/STM32F1xx_HAL_Driver/Src/stm32f1xx_hal_uart.o

.debug_ranges   0x0000000000000000     0x1178
 .debug_ranges  0x0000000000000000       0x20 Core/Src/74HC165_SPI_lfs.o
 .debug_ranges  0x0000000000000020       0x18 Core/Src/74_HC595_SPI_lfs.o
 .debug_ranges  0x0000000000000038       0x48 Core/Src/IOports_lfs.o
 .debug_ranges  0x0000000000000080       0xa8 Core/Src/ST7920_SERIAL.o
 .debug_ranges  0x0000000000000128       0x20 Core/Src/adc.o
 .debug_ranges  0x0000000000000148       0x20 Core/Src/delay.o
 .debug_ranges  0x0000000000000168       0x20 Core/Src/display_tablero.o
 .debug_ranges  0x0000000000000188       0x10 Core/Src/gpio.o
 .debug_ranges  0x0000000000000198       0x18 Core/Src/leds_tablero.o
 .debug_ranges  0x00000000000001b0       0x30 Core/Src/main.o
 .debug_ranges  0x00000000000001e0       0x88 Core/Src/menu_tablero.o
 .debug_ranges  0x0000000000000268       0x20 Core/Src/rtc.o
 .debug_ranges  0x0000000000000288       0x20 Core/Src/spi.o
 .debug_ranges  0x00000000000002a8       0x10 Core/Src/stm32f1xx_hal_msp.o
 .debug_ranges  0x00000000000002b8       0x68 Core/Src/stm32f1xx_it.o
 .debug_ranges  0x0000000000000320       0x18 Core/Src/system_stm32f1xx.o
 .debug_ranges  0x0000000000000338       0x28 Core/Src/tim.o
 .debug_ranges  0x0000000000000360       0x20 Core/Src/usart.o
 .debug_ranges  0x0000000000000380       0x20 Core/Startup/startup_stm32f103c8tx.o
 .debug_ranges  0x00000000000003a0       0xd0 Drivers/STM32F1xx_HAL_Driver/Src/stm32f1xx_hal.o
 .debug_ranges  0x0000000000000470       0xe0 Drivers/STM32F1xx_HAL_Driver/Src/stm32f1xx_hal_adc.o
 .debug_ranges  0x0000000000000550       0xf0 Drivers/STM32F1xx_HAL_Driver/Src/stm32f1xx_hal_cortex.o
 .debug_ranges  0x0000000000000640       0x48 Drivers/STM32F1xx_HAL_Driver/Src/stm32f1xx_hal_gpio.o
 .debug_ranges  0x0000000000000688       0x98 Drivers/STM32F1xx_HAL_Driver/Src/stm32f1xx_hal_pwr.o
 .debug_ranges  0x0000000000000720       0x80 Drivers/STM32F1xx_HAL_Driver/Src/stm32f1xx_hal_rcc.o
 .debug_ranges  0x00000000000007a0       0x20 Drivers/STM32F1xx_HAL_Driver/Src/stm32f1xx_hal_rcc_ex.o
 .debug_ranges  0x00000000000007c0       0xe8 Drivers/STM32F1xx_HAL_Driver/Src/stm32f1xx_hal_rtc.o
 .debug_ranges  0x00000000000008a8       0x78 Drivers/STM32F1xx_HAL_Driver/Src/stm32f1xx_hal_rtc_ex.o
 .debug_ranges  0x0000000000000920      0x1c0 Drivers/STM32F1xx_HAL_Driver/Src/stm32f1xx_hal_spi.o
 .debug_ranges  0x0000000000000ae0      0x398 Drivers/STM32F1xx_HAL_Driver/Src/stm32f1xx_hal_tim.o
 .debug_ranges  0x0000000000000e78      0x140 Drivers/STM32F1xx_HAL_Driver/Src/stm32f1xx_hal_tim_ex.o
 .debug_ranges  0x0000000000000fb8      0x1c0 Drivers/STM32F1xx_HAL_Driver/Src/stm32f1xx_hal_uart.o

.debug_macro    0x0000000000000000    0x16862
 .debug_macro   0x0000000000000000      0x1e5 Core/Src/74HC165_SPI_lfs.o
 .debug_macro   0x00000000000001e5      0xa5a Core/Src/74HC165_SPI_lfs.o
 .debug_macro   0x0000000000000c3f      0x22d Core/Src/74HC165_SPI_lfs.o
 .debug_macro   0x0000000000000e6c       0x2e Core/Src/74HC165_SPI_lfs.o
 .debug_macro   0x0000000000000e9a       0x22 Core/Src/74HC165_SPI_lfs.o
 .debug_macro   0x0000000000000ebc       0x22 Core/Src/74HC165_SPI_lfs.o
 .debug_macro   0x0000000000000ede       0x8e Core/Src/74HC165_SPI_lfs.o
 .debug_macro   0x0000000000000f6c       0x51 Core/Src/74HC165_SPI_lfs.o
 .debug_macro   0x0000000000000fbd       0xef Core/Src/74HC165_SPI_lfs.o
 .debug_macro   0x00000000000010ac       0x6a Core/Src/74HC165_SPI_lfs.o
 .debug_macro   0x0000000000001116      0x1df Core/Src/74HC165_SPI_lfs.o
 .debug_macro   0x00000000000012f5       0x1c Core/Src/74HC165_SPI_lfs.o
 .debug_macro   0x0000000000001311       0x22 Core/Src/74HC165_SPI_lfs.o
 .debug_macro   0x0000000000001333       0xc3 Core/Src/74HC165_SPI_lfs.o
 .debug_macro   0x00000000000013f6      0xd23 Core/Src/74HC165_SPI_lfs.o
 .debug_macro   0x0000000000002119     0xe09e Core/Src/74HC165_SPI_lfs.o
 .debug_macro   0x00000000000101b7       0x43 Core/Src/74HC165_SPI_lfs.o
 .debug_macro   0x00000000000101fa      0x174 Core/Src/74HC165_SPI_lfs.o
 .debug_macro   0x000000000001036e       0x5a Core/Src/74HC165_SPI_lfs.o
 .debug_macro   0x00000000000103c8      0x5be Core/Src/74HC165_SPI_lfs.o
 .debug_macro   0x0000000000010986      0x289 Core/Src/74HC165_SPI_lfs.o
 .debug_macro   0x0000000000010c0f      0x1cb Core/Src/74HC165_SPI_lfs.o
 .debug_macro   0x0000000000010dda      0x114 Core/Src/74HC165_SPI_lfs.o
 .debug_macro   0x0000000000010eee      0x1b2 Core/Src/74HC165_SPI_lfs.o
 .debug_macro   0x00000000000110a0       0x27 Core/Src/74HC165_SPI_lfs.o
 .debug_macro   0x00000000000110c7      0x136 Core/Src/74HC165_SPI_lfs.o
 .debug_macro   0x00000000000111fd      0x1bc Core/Src/74HC165_SPI_lfs.o
 .debug_macro   0x00000000000113b9       0x34 Core/Src/74HC165_SPI_lfs.o
 .debug_macro   0x00000000000113ed       0x3c Core/Src/74HC165_SPI_lfs.o
 .debug_macro   0x0000000000011429       0x57 Core/Src/74HC165_SPI_lfs.o
 .debug_macro   0x0000000000011480      0x46a Core/Src/74HC165_SPI_lfs.o
 .debug_macro   0x00000000000118ea      0x1b5 Core/Src/74HC165_SPI_lfs.o
 .debug_macro   0x0000000000011a9f       0x88 Core/Src/74HC165_SPI_lfs.o
 .debug_macro   0x0000000000011b27      0x241 Core/Src/74HC165_SPI_lfs.o
 .debug_macro   0x0000000000011d68      0x141 Core/Src/74HC165_SPI_lfs.o
 .debug_macro   0x0000000000011ea9      0x1ef Core/Src/74HC165_SPI_lfs.o
 .debug_macro   0x0000000000012098       0xec Core/Src/74HC165_SPI_lfs.o
 .debug_macro   0x0000000000012184      0x217 Core/Src/74HC165_SPI_lfs.o
 .debug_macro   0x000000000001239b      0x88b Core/Src/74HC165_SPI_lfs.o
 .debug_macro   0x0000000000012c26      0x26b Core/Src/74HC165_SPI_lfs.o
 .debug_macro   0x0000000000012e91       0x83 Core/Src/74HC165_SPI_lfs.o
 .debug_macro   0x0000000000012f14       0xa0 Core/Src/74HC165_SPI_lfs.o
 .debug_macro   0x0000000000012fb4      0x1e5 Core/Src/74_HC595_SPI_lfs.o
 .debug_macro   0x0000000000013199      0x1ff Core/Src/IOports_lfs.o
 .debug_macro   0x0000000000013398      0x217 Core/Src/ST7920_SERIAL.o
 .debug_macro   0x00000000000135af      0x1e5 Core/Src/adc.o
 .debug_macro   0x0000000000013794      0x1d6 Core/Src/delay.o
 .debug_macro   0x000000000001396a       0x77 Core/Src/display_tablero.o
 .debug_macro   0x00000000000139e1      0x1e5 Core/Src/gpio.o
 .debug_macro   0x0000000000013bc6      0x1ef Core/Src/leds_tablero.o
 .debug_macro   0x0000000000013db5      0x25b Core/Src/main.o
 .debug_macro   0x0000000000014010      0x1f3 Core/Src/menu_tablero.o
 .debug_macro   0x0000000000014203       0xa6 Core/Src/menu_tablero.o
 .debug_macro   0x00000000000142a9      0x1e5 Core/Src/rtc.o
 .debug_macro   0x000000000001448e      0x1e5 Core/Src/spi.o
 .debug_macro   0x0000000000014673      0x1db Core/Src/stm32f1xx_hal_msp.o
 .debug_macro   0x000000000001484e      0x1e5 Core/Src/stm32f1xx_it.o
 .debug_macro   0x0000000000014a33      0x1d2 Core/Src/system_stm32f1xx.o
 .debug_macro   0x0000000000014c05      0x1e5 Core/Src/tim.o
 .debug_macro   0x0000000000014dea      0x1e5 Core/Src/usart.o
 .debug_macro   0x0000000000014fcf      0x1f0 Drivers/STM32F1xx_HAL_Driver/Src/stm32f1xx_hal.o
 .debug_macro   0x00000000000151bf      0x1e9 Drivers/STM32F1xx_HAL_Driver/Src/stm32f1xx_hal_adc.o
 .debug_macro   0x00000000000153a8      0x1cc Drivers/STM32F1xx_HAL_Driver/Src/stm32f1xx_hal_cortex.o
 .debug_macro   0x0000000000015574      0x237 Drivers/STM32F1xx_HAL_Driver/Src/stm32f1xx_hal_gpio.o
 .debug_macro   0x00000000000157ab      0x22c Drivers/STM32F1xx_HAL_Driver/Src/stm32f1xx_hal_pwr.o
 .debug_macro   0x00000000000159d7      0x1de Drivers/STM32F1xx_HAL_Driver/Src/stm32f1xx_hal_rcc.o
 .debug_macro   0x0000000000015bb5      0x1cc Drivers/STM32F1xx_HAL_Driver/Src/stm32f1xx_hal_rcc_ex.o
 .debug_macro   0x0000000000015d81      0x1db Drivers/STM32F1xx_HAL_Driver/Src/stm32f1xx_hal_rtc.o
 .debug_macro   0x0000000000015f5c      0x1cc Drivers/STM32F1xx_HAL_Driver/Src/stm32f1xx_hal_rtc_ex.o
 .debug_macro   0x0000000000016128      0x1d4 Drivers/STM32F1xx_HAL_Driver/Src/stm32f1xx_hal_spi.o
 .debug_macro   0x00000000000162fc      0x1cd Drivers/STM32F1xx_HAL_Driver/Src/stm32f1xx_hal_tim.o
 .debug_macro   0x00000000000164c9      0x1cc Drivers/STM32F1xx_HAL_Driver/Src/stm32f1xx_hal_tim_ex.o
 .debug_macro   0x0000000000016695      0x1cd Drivers/STM32F1xx_HAL_Driver/Src/stm32f1xx_hal_uart.o

.debug_line     0x0000000000000000    0x1178a
 .debug_line    0x0000000000000000      0x6f0 Core/Src/74HC165_SPI_lfs.o
 .debug_line    0x00000000000006f0      0x6d8 Core/Src/74_HC595_SPI_lfs.o
 .debug_line    0x0000000000000dc8      0x7b5 Core/Src/IOports_lfs.o
 .debug_line    0x000000000000157d      0x9fc Core/Src/ST7920_SERIAL.o
 .debug_line    0x0000000000001f79      0x6e1 Core/Src/adc.o
 .debug_line    0x000000000000265a      0x6cc Core/Src/delay.o
 .debug_line    0x0000000000002d26      0x3e7 Core/Src/display_tablero.o
 .debug_line    0x000000000000310d      0x6be Core/Src/gpio.o
 .debug_line    0x00000000000037cb      0x705 Core/Src/leds_tablero.o
 .debug_line    0x0000000000003ed0      0x7cf Core/Src/main.o
 .debug_line    0x000000000000469f      0x889 Core/Src/menu_tablero.o
 .debug_line    0x0000000000004f28      0x6f0 Core/Src/rtc.o
 .debug_line    0x0000000000005618      0x6e5 Core/Src/spi.o
 .debug_line    0x0000000000005cfd      0x6b0 Core/Src/stm32f1xx_hal_msp.o
 .debug_line    0x00000000000063ad      0x789 Core/Src/stm32f1xx_it.o
 .debug_line    0x0000000000006b36      0x6e0 Core/Src/system_stm32f1xx.o
 .debug_line    0x0000000000007216      0x710 Core/Src/tim.o
 .debug_line    0x0000000000007926      0x6e6 Core/Src/usart.o
 .debug_line    0x000000000000800c       0x84 Core/Startup/startup_stm32f103c8tx.o
 .debug_line    0x0000000000008090      0x888 Drivers/STM32F1xx_HAL_Driver/Src/stm32f1xx_hal.o
 .debug_line    0x0000000000008918      0xbda Drivers/STM32F1xx_HAL_Driver/Src/stm32f1xx_hal_adc.o
 .debug_line    0x00000000000094f2      0x961 Drivers/STM32F1xx_HAL_Driver/Src/stm32f1xx_hal_cortex.o
 .debug_line    0x0000000000009e53      0x888 Drivers/STM32F1xx_HAL_Driver/Src/stm32f1xx_hal_gpio.o
 .debug_line    0x000000000000a6db      0x82d Drivers/STM32F1xx_HAL_Driver/Src/stm32f1xx_hal_pwr.o
 .debug_line    0x000000000000af08      0x94a Drivers/STM32F1xx_HAL_Driver/Src/stm32f1xx_hal_rcc.o
 .debug_line    0x000000000000b852      0x768 Drivers/STM32F1xx_HAL_Driver/Src/stm32f1xx_hal_rcc_ex.o
 .debug_line    0x000000000000bfba      0xb35 Drivers/STM32F1xx_HAL_Driver/Src/stm32f1xx_hal_rtc.o
 .debug_line    0x000000000000caef      0x8c9 Drivers/STM32F1xx_HAL_Driver/Src/stm32f1xx_hal_rtc_ex.o
 .debug_line    0x000000000000d3b8     0x1056 Drivers/STM32F1xx_HAL_Driver/Src/stm32f1xx_hal_spi.o
 .debug_line    0x000000000000e40e     0x174e Drivers/STM32F1xx_HAL_Driver/Src/stm32f1xx_hal_tim.o
 .debug_line    0x000000000000fb5c      0xc9b Drivers/STM32F1xx_HAL_Driver/Src/stm32f1xx_hal_tim_ex.o
 .debug_line    0x00000000000107f7      0xf93 Drivers/STM32F1xx_HAL_Driver/Src/stm32f1xx_hal_uart.o

.debug_str      0x0000000000000000    0x776cb
 .debug_str     0x0000000000000000    0x72509 Core/Src/74HC165_SPI_lfs.o
                                      0x727fc (size before relaxing)
 .debug_str     0x0000000000072509       0x78 Core/Src/74_HC595_SPI_lfs.o
                                      0x727a1 (size before relaxing)
 .debug_str     0x0000000000072581      0x2b4 Core/Src/IOports_lfs.o
                                      0x72675 (size before relaxing)
 .debug_str     0x0000000000072835      0x2b0 Core/Src/ST7920_SERIAL.o
                                      0x7236b (size before relaxing)
 .debug_str     0x0000000000072ae5      0x22a Core/Src/adc.o
                                      0x7278b (size before relaxing)
 .debug_str     0x0000000000072d0f      0x1f9 Core/Src/delay.o
                                      0x72490 (size before relaxing)
 .debug_str     0x0000000000072f08       0x74 Core/Src/display_tablero.o
                                       0x3c6f (size before relaxing)
 .debug_str     0x0000000000072f7c       0x2a Core/Src/gpio.o
                                      0x72419 (size before relaxing)
 .debug_str     0x0000000000072fa6       0xa3 Core/Src/leds_tablero.o
                                      0x724af (size before relaxing)
 .debug_str     0x0000000000073049      0x4f0 Core/Src/main.o
                                      0x72ff6 (size before relaxing)
 .debug_str     0x0000000000073539      0x37e Core/Src/menu_tablero.o
                                      0x727e7 (size before relaxing)
 .debug_str     0x00000000000738b7      0x2d6 Core/Src/rtc.o
                                      0x72886 (size before relaxing)
 .debug_str     0x0000000000073b8d       0x4b Core/Src/spi.o
                                      0x727fb (size before relaxing)
 .debug_str     0x0000000000073bd8       0x5a Core/Src/stm32f1xx_hal_msp.o
                                      0x723d1 (size before relaxing)
 .debug_str     0x0000000000073c32       0xf1 Core/Src/stm32f1xx_it.o
                                      0x728f7 (size before relaxing)
 .debug_str     0x0000000000073d23       0xc2 Core/Src/system_stm32f1xx.o
                                      0x72194 (size before relaxing)
 .debug_str     0x0000000000073de5      0x104 Core/Src/tim.o
                                      0x72b49 (size before relaxing)
 .debug_str     0x0000000000073ee9       0x57 Core/Src/usart.o
                                      0x72812 (size before relaxing)
 .debug_str     0x0000000000073f40       0x8c Core/Startup/startup_stm32f103c8tx.o
 .debug_str     0x0000000000073fcc      0x3c5 Drivers/STM32F1xx_HAL_Driver/Src/stm32f1xx_hal.o
                                      0x727a5 (size before relaxing)
 .debug_str     0x0000000000074391      0x35c Drivers/STM32F1xx_HAL_Driver/Src/stm32f1xx_hal_adc.o
                                      0x727aa (size before relaxing)
 .debug_str     0x00000000000746ed      0x2c8 Drivers/STM32F1xx_HAL_Driver/Src/stm32f1xx_hal_cortex.o
                                      0x727b3 (size before relaxing)
 .debug_str     0x00000000000749b5      0x324 Drivers/STM32F1xx_HAL_Driver/Src/stm32f1xx_hal_gpio.o
                                      0x724de (size before relaxing)
 .debug_str     0x0000000000074cd9      0x520 Drivers/STM32F1xx_HAL_Driver/Src/stm32f1xx_hal_pwr.o
                                      0x7267d (size before relaxing)
 .debug_str     0x00000000000751f9      0x257 Drivers/STM32F1xx_HAL_Driver/Src/stm32f1xx_hal_rcc.o
                                      0x72517 (size before relaxing)
 .debug_str     0x0000000000075450       0xb9 Drivers/STM32F1xx_HAL_Driver/Src/stm32f1xx_hal_rcc_ex.o
                                      0x722a4 (size before relaxing)
 .debug_str     0x0000000000075509      0x306 Drivers/STM32F1xx_HAL_Driver/Src/stm32f1xx_hal_rtc.o
                                      0x7262a (size before relaxing)
 .debug_str     0x000000000007580f      0x206 Drivers/STM32F1xx_HAL_Driver/Src/stm32f1xx_hal_rtc_ex.o
                                      0x72487 (size before relaxing)
 .debug_str     0x0000000000075a15      0x529 Drivers/STM32F1xx_HAL_Driver/Src/stm32f1xx_hal_spi.o
                                      0x72a05 (size before relaxing)
 .debug_str     0x0000000000075f3e      0xd51 Drivers/STM32F1xx_HAL_Driver/Src/stm32f1xx_hal_tim.o
                                      0x732e2 (size before relaxing)
 .debug_str     0x0000000000076c8f      0x52f Drivers/STM32F1xx_HAL_Driver/Src/stm32f1xx_hal_tim_ex.o
                                      0x72ae2 (size before relaxing)
 .debug_str     0x00000000000771be      0x50d Drivers/STM32F1xx_HAL_Driver/Src/stm32f1xx_hal_uart.o
                                      0x72a06 (size before relaxing)

.comment        0x0000000000000000       0x7b
 .comment       0x0000000000000000       0x7b Core/Src/74HC165_SPI_lfs.o
                                         0x7c (size before relaxing)
 .comment       0x000000000000007b       0x7c Core/Src/74_HC595_SPI_lfs.o
 .comment       0x000000000000007b       0x7c Core/Src/IOports_lfs.o
 .comment       0x000000000000007b       0x7c Core/Src/ST7920_SERIAL.o
 .comment       0x000000000000007b       0x7c Core/Src/adc.o
 .comment       0x000000000000007b       0x7c Core/Src/delay.o
 .comment       0x000000000000007b       0x7c Core/Src/display_tablero.o
 .comment       0x000000000000007b       0x7c Core/Src/gpio.o
 .comment       0x000000000000007b       0x7c Core/Src/leds_tablero.o
 .comment       0x000000000000007b       0x7c Core/Src/main.o
 .comment       0x000000000000007b       0x7c Core/Src/menu_tablero.o
 .comment       0x000000000000007b       0x7c Core/Src/rtc.o
 .comment       0x000000000000007b       0x7c Core/Src/spi.o
 .comment       0x000000000000007b       0x7c Core/Src/stm32f1xx_hal_msp.o
 .comment       0x000000000000007b       0x7c Core/Src/stm32f1xx_it.o
 .comment       0x000000000000007b       0x7c Core/Src/system_stm32f1xx.o
 .comment       0x000000000000007b       0x7c Core/Src/tim.o
 .comment       0x000000000000007b       0x7c Core/Src/usart.o
 .comment       0x000000000000007b       0x7c Drivers/STM32F1xx_HAL_Driver/Src/stm32f1xx_hal.o
 .comment       0x000000000000007b       0x7c Drivers/STM32F1xx_HAL_Driver/Src/stm32f1xx_hal_adc.o
 .comment       0x000000000000007b       0x7c Drivers/STM32F1xx_HAL_Driver/Src/stm32f1xx_hal_cortex.o
 .comment       0x000000000000007b       0x7c Drivers/STM32F1xx_HAL_Driver/Src/stm32f1xx_hal_gpio.o
 .comment       0x000000000000007b       0x7c Drivers/STM32F1xx_HAL_Driver/Src/stm32f1xx_hal_pwr.o
 .comment       0x000000000000007b       0x7c Drivers/STM32F1xx_HAL_Driver/Src/stm32f1xx_hal_rcc.o
 .comment       0x000000000000007b       0x7c Drivers/STM32F1xx_HAL_Driver/Src/stm32f1xx_hal_rcc_ex.o
 .comment       0x000000000000007b       0x7c Drivers/STM32F1xx_HAL_Driver/Src/stm32f1xx_hal_rtc.o
 .comment       0x000000000000007b       0x7c Drivers/STM32F1xx_HAL_Driver/Src/stm32f1xx_hal_rtc_ex.o
 .comment       0x000000000000007b       0x7c Drivers/STM32F1xx_HAL_Driver/Src/stm32f1xx_hal_spi.o
 .comment       0x000000000000007b       0x7c Drivers/STM32F1xx_HAL_Driver/Src/stm32f1xx_hal_tim.o
 .comment       0x000000000000007b       0x7c Drivers/STM32F1xx_HAL_Driver/Src/stm32f1xx_hal_tim_ex.o
 .comment       0x000000000000007b       0x7c Drivers/STM32F1xx_HAL_Driver/Src/stm32f1xx_hal_uart.o

.debug_frame    0x0000000000000000     0x4c88
 .debug_frame   0x0000000000000000       0x80 Core/Src/74HC165_SPI_lfs.o
 .debug_frame   0x0000000000000080       0x58 Core/Src/74_HC595_SPI_lfs.o
 .debug_frame   0x00000000000000d8      0x12c Core/Src/IOports_lfs.o
 .debug_frame   0x0000000000000204      0x280 Core/Src/ST7920_SERIAL.o
 .debug_frame   0x0000000000000484       0x7c Core/Src/adc.o
 .debug_frame   0x0000000000000500       0x78 Core/Src/delay.o
 .debug_frame   0x0000000000000578       0x70 Core/Src/display_tablero.o
 .debug_frame   0x00000000000005e8       0x34 Core/Src/gpio.o
 .debug_frame   0x000000000000061c       0x5c Core/Src/leds_tablero.o
 .debug_frame   0x0000000000000678       0xc4 Core/Src/main.o
 .debug_frame   0x000000000000073c      0x1e0 Core/Src/menu_tablero.o
 .debug_frame   0x000000000000091c       0x7c Core/Src/rtc.o
 .debug_frame   0x0000000000000998       0x74 Core/Src/spi.o
 .debug_frame   0x0000000000000a0c       0x38 Core/Src/stm32f1xx_hal_msp.o
 .debug_frame   0x0000000000000a44      0x160 Core/Src/stm32f1xx_it.o
 .debug_frame   0x0000000000000ba4       0x58 Core/Src/system_stm32f1xx.o
 .debug_frame   0x0000000000000bfc       0xa0 Core/Src/tim.o
 .debug_frame   0x0000000000000c9c       0x74 Core/Src/usart.o
 .debug_frame   0x0000000000000d10      0x334 Drivers/STM32F1xx_HAL_Driver/Src/stm32f1xx_hal.o
 .debug_frame   0x0000000000001044      0x40c Drivers/STM32F1xx_HAL_Driver/Src/stm32f1xx_hal_adc.o
 .debug_frame   0x0000000000001450      0x428 Drivers/STM32F1xx_HAL_Driver/Src/stm32f1xx_hal_cortex.o
 .debug_frame   0x0000000000001878      0x14c Drivers/STM32F1xx_HAL_Driver/Src/stm32f1xx_hal_gpio.o
 .debug_frame   0x00000000000019c4      0x270 Drivers/STM32F1xx_HAL_Driver/Src/stm32f1xx_hal_pwr.o
 .debug_frame   0x0000000000001c34      0x21c Drivers/STM32F1xx_HAL_Driver/Src/stm32f1xx_hal_rcc.o
 .debug_frame   0x0000000000001e50       0x84 Drivers/STM32F1xx_HAL_Driver/Src/stm32f1xx_hal_rcc_ex.o
 .debug_frame   0x0000000000001ed4      0x434 Drivers/STM32F1xx_HAL_Driver/Src/stm32f1xx_hal_rtc.o
 .debug_frame   0x0000000000002308      0x234 Drivers/STM32F1xx_HAL_Driver/Src/stm32f1xx_hal_rtc_ex.o
 .debug_frame   0x000000000000253c      0x824 Drivers/STM32F1xx_HAL_Driver/Src/stm32f1xx_hal_spi.o
 .debug_frame   0x0000000000002d60     0x10e8 Drivers/STM32F1xx_HAL_Driver/Src/stm32f1xx_hal_tim.o
 .debug_frame   0x0000000000003e48      0x5c0 Drivers/STM32F1xx_HAL_Driver/Src/stm32f1xx_hal_tim_ex.o
 .debug_frame   0x0000000000004408      0x834 Drivers/STM32F1xx_HAL_Driver/Src/stm32f1xx_hal_uart.o
 .debug_frame   0x0000000000004c3c       0x2c c:/st/stm32cubeide_1.4.0/stm32cubeide/plugins/com.st.stm32cube.ide.mcu.externaltools.gnu-tools-for-stm32.7-2018-q2-update.win32_1.4.0.202007081208/tools/bin/../lib/gcc/arm-none-eabi/7.3.1/../../../../arm-none-eabi/lib/thumb/v7-m\libc_nano.a(lib_a-init.o)
 .debug_frame   0x0000000000004c68       0x20 c:/st/stm32cubeide_1.4.0/stm32cubeide/plugins/com.st.stm32cube.ide.mcu.externaltools.gnu-tools-for-stm32.7-2018-q2-update.win32_1.4.0.202007081208/tools/bin/../lib/gcc/arm-none-eabi/7.3.1/../../../../arm-none-eabi/lib/thumb/v7-m\libc_nano.a(lib_a-memset.o)
